Component: ARM Compiler 6.14 Tool: armlink [5db06800]

==============================================================================

Section Cross References

    startup_mspm0g350x_uvision.o(STACK) refers (Special) to heapauxi.o(.text) for __use_two_region_memory
    startup_mspm0g350x_uvision.o(HEAP) refers (Special) to heapauxi.o(.text) for __use_two_region_memory
    startup_mspm0g350x_uvision.o(RESET) refers (Special) to heapauxi.o(.text) for __use_two_region_memory
    startup_mspm0g350x_uvision.o(RESET) refers to startup_mspm0g350x_uvision.o(STACK) for __initial_sp
    startup_mspm0g350x_uvision.o(RESET) refers to startup_mspm0g350x_uvision.o(.text) for Reset_Handler
    startup_mspm0g350x_uvision.o(RESET) refers to isrs.o(.text.GROUP1_IRQHandler) for GROUP1_IRQHandler
    startup_mspm0g350x_uvision.o(RESET) refers to isrs.o(.text.TIMG0_IRQHandler) for TIMG0_IRQHandler
    startup_mspm0g350x_uvision.o(RESET) refers to isrs.o(.text.TIMG6_IRQHandler) for TIMG6_IRQHandler
    startup_mspm0g350x_uvision.o(RESET) refers to isrs.o(.text.TIMG12_IRQHandler) for TIMG12_IRQHandler
    startup_mspm0g350x_uvision.o(.text) refers (Special) to heapauxi.o(.text) for __use_two_region_memory
    startup_mspm0g350x_uvision.o(.text) refers to __main.o(!!!main) for __main
    startup_mspm0g350x_uvision.o(.text) refers to startup_mspm0g350x_uvision.o(HEAP) for Heap_Mem
    startup_mspm0g350x_uvision.o(.text) refers to startup_mspm0g350x_uvision.o(STACK) for Stack_Mem
    main.o(.text.main) refers to leds.o(.text.LED1_init) for LED1_init
    main.o(.text.main) refers to uart.o(.text.UART0_init) for UART0_init
    main.o(.text.main) refers to switches.o(.text.S1_init_interrupt) for S1_init_interrupt
    main.o(.text.main) refers to switches.o(.text.S2_init_interrupt) for S2_init_interrupt
    main.o(.text.main) refers to timers.o(.text.TIMA0_PWM_init) for TIMA0_PWM_init
    main.o(.text.main) refers to timers.o(.text.TIMA1_PWM_init) for TIMA1_PWM_init
    main.o(.text.main) refers to timers.o(.text.TIMG0_init) for TIMG0_init
    main.o(.text.main) refers to timers.o(.text.TIMG6_init) for TIMG6_init
    main.o(.text.main) refers to timers.o(.text.TIMG12_init) for TIMG12_init
    main.o(.text.main) refers to uart.o(.text.UART0_put) for UART0_put
    main.o(.text.main) refers to timers.o(.text.TIMA0_PWM_DutyCycle) for TIMA0_PWM_DutyCycle
    main.o(.text.main) refers to daddsub.o(.text) for __aeabi_dsub
    main.o(.text.main) refers to dcmp.o(i._dleq) for __aeabi_dcmple
    main.o(.text.main) refers to main.o(.data.duty) for [Anonymous Symbol]
    main.o(.text.main) refers to isrs.o(.bss.delayOver) for delayOver
    main.o(.ARM.exidx.text.main) refers to main.o(.text.main) for [Anonymous Symbol]
    sysctl_1.o(.text.SYSCTL_SYSCLK_set) refers to sysctl_1.o(.data.SystemMasterClock) for [Anonymous Symbol]
    sysctl_1.o(.ARM.exidx.text.SYSCTL_SYSCLK_set) refers to sysctl_1.o(.text.SYSCTL_SYSCLK_set) for [Anonymous Symbol]
    sysctl_1.o(.text.SYSCTL_SYSCLK_getMCLK) refers to sysctl_1.o(.data.SystemMasterClock) for [Anonymous Symbol]
    sysctl_1.o(.ARM.exidx.text.SYSCTL_SYSCLK_getMCLK) refers to sysctl_1.o(.text.SYSCTL_SYSCLK_getMCLK) for [Anonymous Symbol]
    sysctl_1.o(.text.SYSCTL_SYSCLK_getULPCLK) refers to sysctl_1.o(.data.SystemMasterClock) for [Anonymous Symbol]
    sysctl_1.o(.ARM.exidx.text.SYSCTL_SYSCLK_getULPCLK) refers to sysctl_1.o(.text.SYSCTL_SYSCLK_getULPCLK) for [Anonymous Symbol]
    uart_extras_1.o(.text.UART0_printDec) refers to aeabi_sdivfast.o(.text_divfast) for __aeabi_idiv
    uart_extras_1.o(.text.UART0_printDec) refers to uart.o(.text.UART0_put) for UART0_put
    uart_extras_1.o(.ARM.exidx.text.UART0_printDec) refers to uart_extras_1.o(.text.UART0_printDec) for [Anonymous Symbol]
    uart_extras_1.o(.text.UART0_printFloat) refers to dcmp.o(i._dgeq) for __aeabi_dcmpge
    uart_extras_1.o(.text.UART0_printFloat) refers to uart.o(.text.UART0_putchar) for UART0_putchar
    uart_extras_1.o(.text.UART0_printFloat) refers to dfixi.o(.text) for __aeabi_d2iz
    uart_extras_1.o(.text.UART0_printFloat) refers to uart_extras_1.o(.text.UART0_printDec) for UART0_printDec
    uart_extras_1.o(.text.UART0_printFloat) refers to dflti.o(.text) for __aeabi_i2d
    uart_extras_1.o(.text.UART0_printFloat) refers to daddsub.o(.text) for __aeabi_dsub
    uart_extras_1.o(.text.UART0_printFloat) refers to dcmp.o(i._dleq) for __aeabi_dcmple
    uart_extras_1.o(.text.UART0_printFloat) refers to dmul.o(.text) for __aeabi_dmul
    uart_extras_1.o(.ARM.exidx.text.UART0_printFloat) refers to uart_extras_1.o(.text.UART0_printFloat) for [Anonymous Symbol]
    leds.o(.ARM.exidx.text.LED1_init) refers to leds.o(.text.LED1_init) for [Anonymous Symbol]
    leds.o(.ARM.exidx.text.LED2_init) refers to leds.o(.text.LED2_init) for [Anonymous Symbol]
    leds.o(.ARM.exidx.text.LED1_set) refers to leds.o(.text.LED1_set) for [Anonymous Symbol]
    leds.o(.ARM.exidx.text.LED2_set) refers to leds.o(.text.LED2_set) for [Anonymous Symbol]
[...]
    dcmp.o(i._dneq) refers (Special) to usenofp.o(x$fpl$usenofp) for __I$use$fp
    dcmp.o(i._dneq) refers to deqf.o(x$fpl$deqf) for _dcmpeq
    ddiv.o(.text) refers (Special) to usenofp.o(x$fpl$usenofp) for __I$use$fp
    ddiv.o(.text) refers to ddiv.o(.constdata) for .constdata
    ddiv.o(.constdata) refers (Special) to usenofp.o(x$fpl$usenofp) for __I$use$fp
    dfixi.o(.text) refers (Special) to usenofp.o(x$fpl$usenofp) for __I$use$fp
    dfixui.o(.text) refers (Special) to usenofp.o(x$fpl$usenofp) for __I$use$fp
    dflti.o(.text) refers (Special) to usenofp.o(x$fpl$usenofp) for __I$use$fp
    dmul.o(.text) refers (Special) to usenofp.o(x$fpl$usenofp) for __I$use$fp
    floor.o(i.__softfp_floor) refers (Special) to usenofp.o(x$fpl$usenofp) for __I$use$fp
    floor.o(i.__softfp_floor) refers to floor.o(i.floor) for floor
    floor.o(i.floor) refers (Special) to usenofp.o(x$fpl$usenofp) for __I$use$fp
    floor.o(i.floor) refers to daddsub.o(.text) for __aeabi_dadd
    floor.o(i.floor) refers to drlef.o(x$fpl$drleqf) for __aeabi_cdrcmple
    __rtentry.o(.ARM.Collect$$rtentry$$00000000) refers (Special) to __rtentry2.o(.ARM.Collect$$rtentry$$0000000A) for __rt_entry_li
    __rtentry.o(.ARM.Collect$$rtentry$$00000000) refers (Special) to __rtentry2.o(.ARM.Collect$$rtentry$$0000000D) for __rt_entry_main
    __rtentry.o(.ARM.Collect$$rtentry$$00000000) refers (Special) to __rtentry2.o(.ARM.Collect$$rtentry$$0000000C) for __rt_entry_postli_1
    __rtentry.o(.ARM.Collect$$rtentry$$00000000) refers (Special) to __rtentry2.o(.ARM.Collect$$rtentry$$00000009) for __rt_entry_postsh_1
    __rtentry.o(.ARM.Collect$$rtentry$$00000000) refers (Special) to __rtentry2.o(.ARM.Collect$$rtentry$$00000002) for __rt_entry_presh_1
    __rtentry.o(.ARM.Collect$$rtentry$$00000000) refers (Special) to __rtentry4.o(.ARM.Collect$$rtentry$$00000004) for __rt_entry_sh
    aeabi_idiv0_sigfpe.o(.text) refers to rt_div0.o(.text) for __rt_div0
    _printf_char_common.o(.text) refers to __printf_ss.o(.text) for __printf
    deqf.o(x$fpl$deqf) refers (Special) to usenofp.o(x$fpl$usenofp) for __I$use$fp
    deqf.o(x$fpl$deqf) refers to dcmpin.o(.text) for __fpl_dcmp_InfNaN
    dgef.o(x$fpl$dgeqf) refers (Special) to usenofp.o(x$fpl$usenofp) for __I$use$fp
    dgef.o(x$fpl$dgeqf) refers to dcmpin.o(.text) for __fpl_dcmp_InfNaN
    dlef.o(x$fpl$dleqf) refers (Special) to usenofp.o(x$fpl$usenofp) for __I$use$fp
    dlef.o(x$fpl$dleqf) refers to dcmpin.o(.text) for __fpl_dcmp_InfNaN
    drlef.o(x$fpl$drleqf) refers (Special) to usenofp.o(x$fpl$usenofp) for __I$use$fp
    drlef.o(x$fpl$drleqf) refers to dcmpin.o(.text) for __fpl_dcmp_InfNaN
    __rtentry2.o(.ARM.Collect$$rtentry$$00000008) refers to boardinit2.o(.text) for _platform_post_stackheap_init
    __rtentry2.o(.ARM.Collect$$rtentry$$0000000A) refers to libinit.o(.ARM.Collect$$libinit$$00000000) for __rt_lib_init
    __rtentry2.o(.ARM.Collect$$rtentry$$0000000B) refers to boardinit3.o(.text) for _platform_post_lib_init
    __rtentry2.o(.ARM.Collect$$rtentry$$0000000D) refers to main.o(.text.main) for main
    __rtentry2.o(.ARM.Collect$$rtentry$$0000000D) refers to exit.o(.text) for exit
    __rtentry2.o(.ARM.exidx) refers to __rtentry2.o(.ARM.Collect$$rtentry$$00000001) for .ARM.Collect$$rtentry$$00000001
    __rtentry2.o(.ARM.exidx) refers to __rtentry2.o(.ARM.Collect$$rtentry$$00000008) for .ARM.Collect$$rtentry$$00000008
    __rtentry2.o(.ARM.exidx) refers to __rtentry2.o(.ARM.Collect$$rtentry$$0000000A) for .ARM.Collect$$rtentry$$0000000A
    __rtentry2.o(.ARM.exidx) refers to __rtentry2.o(.ARM.Collect$$rtentry$$0000000B) for .ARM.Collect$$rtentry$$0000000B
    __rtentry2.o(.ARM.exidx) refers to __rtentry2.o(.ARM.Collect$$rtentry$$0000000D) for .ARM.Collect$$rtentry$$0000000D
    __rtentry4.o(.ARM.Collect$$rtentry$$00000004) refers to sys_stackheap_outer.o(.text) for __user_setup_stackheap
    __rtentry4.o(.ARM.exidx) refers to __rtentry4.o(.ARM.Collect$$rtentry$$00000004) for .ARM.Collect$$rtentry$$00000004
    rt_div0.o(.text) refers to defsig_fpe_outer.o(.text) for __rt_SIGFPE
    dcmpin.o(.text) refers (Special) to usenofp.o(x$fpl$usenofp) for __I$use$fp
    dcmpin.o(.text) refers to cmpret.o(.text) for __fpl_cmpreturn
    dcmpin.o(.text) refers to dnan2.o(.text) for __fpl_dcheck_NaN2
    sys_stackheap_outer.o(.text) refers to libspace.o(.text) for __user_perproc_libspace
    sys_stackheap_outer.o(.text) refers to startup_mspm0g350x_uvision.o(.text) for __user_initial_stackheap
    sys_stackheap_outer.o(__vectab_stack_and_reset_area) refers to tempstk.o(.text) for __temporary_stack_top
    sys_stackheap_outer.o(__vectab_stack_and_reset_area) refers to __main.o(!!!main) for __main
    exit.o(.text) refers to rtexit.o(.ARM.Collect$$rtexit$$00000000) for __rt_exit
    defsig_fpe_outer.o(.text) refers to defsig_fpe_inner.o(.text) for __rt_SIGFPE_inner
    defsig_fpe_outer.o(.text) refers to defsig_exit.o(.text) for __sig_exit
    defsig_fpe_formal.o(.text) refers to rt_raise.o(.text) for __rt_raise
    libinit.o(.ARM.Collect$$libinit$$00000000) refers (Special) to libinit2.o(.ARM.Collect$$libinit$$0000002E) for __rt_lib_init_alloca_1
    libinit.o(.ARM.Collect$$libinit$$00000000) refers (Special) to libinit2.o(.ARM.Collect$$libinit$$0000002C) for __rt_lib_init_argv_1
    libinit.o(.ARM.Collect$$libinit$$00000000) refers (Special) to libinit2.o(.ARM.Collect$$libinit$$0000001B) for __rt_lib_init_atexit_1
    libinit.o(.ARM.Collect$$libinit$$00000000) refers (Special) to libinit2.o(.ARM.Collect$$libinit$$00000021) for __rt_lib_init_clock_1
    libinit.o(.ARM.Collect$$libinit$$00000000) refers (Special) to libinit2.o(.ARM.Collect$$libinit$$00000032) for __rt_lib_init_cpp_1
    libinit.o(.ARM.Collect$$libinit$$00000000) refers (Special) to libinit2.o(.ARM.Collect$$libinit$$00000030) for __rt_lib_init_exceptions_1
    libinit.o(.ARM.Collect$$libinit$$00000000) refers (Special) to libinit2.o(.ARM.Collect$$libinit$$00000002) for __rt_lib_init_fp_1
    libinit.o(.ARM.Collect$$libinit$$00000000) refers (Special) to libinit2.o(.ARM.Collect$$libinit$$0000001F) for __rt_lib_init_fp_trap_1
    libinit.o(.ARM.Collect$$libinit$$00000000) refers (Special) to libinit2.o(.ARM.Collect$$libinit$$00000023) for __rt_lib_init_getenv_1
    libinit.o(.ARM.Collect$$libinit$$00000000) refers (Special) to libinit2.o(.ARM.Collect$$libinit$$0000000A) for __rt_lib_init_heap_1
    libinit.o(.ARM.Collect$$libinit$$00000000) refers (Special) to libinit2.o(.ARM.Collect$$libinit$$00000011) for __rt_lib_init_lc_collate_1
    libinit.o(.ARM.Collect$$libinit$$00000000) refers (Special) to libinit2.o(.ARM.Collect$$libinit$$00000013) for __rt_lib_init_lc_ctype_1
    libinit.o(.ARM.Collect$$libinit$$00000000) refers (Special) to libinit2.o(.ARM.Collect$$libinit$$00000015) for __rt_lib_init_lc_monetary_1
    libinit.o(.ARM.Collect$$libinit$$00000000) refers (Special) to libinit2.o(.ARM.Collect$$libinit$$00000017) for __rt_lib_init_lc_numeric_1
    libinit.o(.ARM.Collect$$libinit$$00000000) refers (Special) to libinit2.o(.ARM.Collect$$libinit$$00000019) for __rt_lib_init_lc_time_1
    libinit.o(.ARM.Collect$$libinit$$00000000) refers (Special) to libinit2.o(.ARM.Collect$$libinit$$00000004) for __rt_lib_init_preinit_1
    libinit.o(.ARM.Collect$$libinit$$00000000) refers (Special) to libinit2.o(.ARM.Collect$$libinit$$0000000E) for __rt_lib_init_rand_1
    libinit.o(.ARM.Collect$$libinit$$00000000) refers (Special) to libinit2.o(.ARM.Collect$$libinit$$00000033) for __rt_lib_init_return
    libinit.o(.ARM.Collect$$libinit$$00000000) refers (Special) to libinit2.o(.ARM.Collect$$libinit$$0000001D) for __rt_lib_init_signal_1
    libinit.o(.ARM.Collect$$libinit$$00000000) refers (Special) to libinit2.o(.ARM.Collect$$libinit$$00000025) for __rt_lib_init_stdio_1
    libinit.o(.ARM.Collect$$libinit$$00000000) refers (Special) to libinit2.o(.ARM.Collect$$libinit$$0000000C) for __rt_lib_init_user_alloc_1
    cmpret.o(.text) refers (Special) to usenofp.o(x$fpl$usenofp) for __I$use$fp
    dnan2.o(.text) refers (Special) to usenofp.o(x$fpl$usenofp) for __I$use$fp
    dnan2.o(.text) refers to retnan.o(.text) for __fpl_return_NaN
    libspace.o(.text) refers to libspace.o(.bss) for __libspace_start
    rtexit.o(.ARM.Collect$$rtexit$$00000000) refers (Special) to rtexit2.o(.ARM.Collect$$rtexit$$00000004) for __rt_exit_exit
    rtexit.o(.ARM.Collect$$rtexit$$00000000) refers (Special) to rtexit2.o(.ARM.Collect$$rtexit$$00000003) for __rt_exit_ls
    rtexit.o(.ARM.Collect$$rtexit$$00000000) refers (Special) to rtexit2.o(.ARM.Collect$$rtexit$$00000002) for __rt_exit_prels_1
    rtexit.o(.ARM.exidx) refers (Special) to rtexit2.o(.ARM.Collect$$rtexit$$00000004) for __rt_exit_exit
    rtexit.o(.ARM.exidx) refers (Special) to rtexit2.o(.ARM.Collect$$rtexit$$00000003) for __rt_exit_ls
    rtexit.o(.ARM.exidx) refers (Special) to rtexit2.o(.ARM.Collect$$rtexit$$00000002) for __rt_exit_prels_1
    rtexit.o(.ARM.exidx) refers to rtexit.o(.ARM.Collect$$rtexit$$00000000) for .ARM.Collect$$rtexit$$00000000
    rt_raise.o(.text) refers to __raise.o(.text) for __raise
    rt_raise.o(.text) refers to sys_exit.o(.text) for _sys_exit
    defsig_exit.o(.text) refers to sys_exit.o(.text) for _sys_exit
    defsig_fpe_inner.o(.text) refers to defsig_general.o(.text) for __default_signal_display
    libinit2.o(.ARM.Collect$$libinit$$00000010) refers to libinit2.o(.ARM.Collect$$libinit$$0000000F) for .ARM.Collect$$libinit$$0000000F
    libinit2.o(.ARM.Collect$$libinit$$00000012) refers to libinit2.o(.ARM.Collect$$libinit$$0000000F) for .ARM.Collect$$libinit$$0000000F
    libinit2.o(.ARM.Collect$$libinit$$00000014) refers to libinit2.o(.ARM.Collect$$libinit$$0000000F) for .ARM.Collect$$libinit$$0000000F
    libinit2.o(.ARM.Collect$$libinit$$00000016) refers to libinit2.o(.ARM.Collect$$libinit$$0000000F) for .ARM.Collect$$libinit$$0000000F
    libinit2.o(.ARM.Collect$$libinit$$00000018) refers to libinit2.o(.ARM.Collect$$libinit$$0000000F) for .ARM.Collect$$libinit$$0000000F
    libinit2.o(.ARM.Collect$$libinit$$00000026) refers to argv_veneer.o(.text) for __ARM_argv_veneer
    libinit2.o(.ARM.Collect$$libinit$$00000027) refers to argv_veneer.o(.text) for __ARM_argv_veneer
    retnan.o(.text) refers (Special) to usenofp.o(x$fpl$usenofp) for __I$use$fp
    retnan.o(.text) refers to cmpret.o(.text) for __fpl_cmpreturn
    sys_exit.o(.text) refers (Special) to use_no_semi.o(.text) for __I$use$semihosting
    sys_exit.o(.text) refers (Special) to indicate_semi.o(.text) for __semihosting_library_function
    sys_exit_hlt.o(.text) refers (Special) to use_no_semi.o(.text) for __I$use$semihosting
    sys_exit_hlt.o(.text) refers (Special) to indicate_semi.o(.text) for __semihosting_library_function
    rtexit2.o(.ARM.Collect$$rtexit$$00000003) refers to libshutdown.o(.ARM.Collect$$libshutdown$$00000000) for __rt_lib_shutdown
    rtexit2.o(.ARM.Collect$$rtexit$$00000004) refers to sys_exit.o(.text) for _sys_exit
    rtexit2.o(.ARM.exidx) refers to rtexit2.o(.ARM.Collect$$rtexit$$00000001) for .ARM.Collect$$rtexit$$00000001
    rtexit2.o(.ARM.exidx) refers to rtexit2.o(.ARM.Collect$$rtexit$$00000003) for .ARM.Collect$$rtexit$$00000003
    rtexit2.o(.ARM.exidx) refers to rtexit2.o(.ARM.Collect$$rtexit$$00000004) for .ARM.Collect$$rtexit$$00000004
    __raise.o(.text) refers to defsig.o(CL$$defsig) for __default_signal_handler
    defsig_general.o(.text) refers to sys_wrch.o(.text) for _ttywrch
    sys_wrch.o(.text) refers (Special) to use_no_semi.o(.text) for __I$use$semihosting
    sys_wrch.o(.text) refers (Special) to indicate_semi.o(.text) for __semihosting_library_function
    sys_wrch_hlt.o(.text) refers (Special) to use_no_semi.o(.text) for __I$use$semihosting
    sys_wrch_hlt.o(.text) refers (Special) to indicate_semi.o(.text) for __semihosting_library_function
    defsig.o(CL$$defsig) refers to defsig_fpe_inner.o(.text) for __rt_SIGFPE_inner
    defsig.o(CL$$defsig) refers to defsig_rtmem_inner.o(.text) for __rt_SIGRTMEM_inner
    _get_argv_nomalloc.o(.text) refers (Special) to hrguard.o(.text) for __heap_region$guard
    _get_argv_nomalloc.o(.text) refers to defsig_rtmem_outer.o(.text) for __rt_SIGRTMEM
    _get_argv_nomalloc.o(.text) refers to sys_command.o(.text) for _sys_command_string
    libshutdown.o(.ARM.Collect$$libshutdown$$00000000) refers (Special) to libshutdown2.o(.ARM.Collect$$libshutdown$$00000002) for __rt_lib_shutdown_cpp_1
    libshutdown.o(.ARM.Collect$$libshutdown$$00000000) refers (Special) to libshutdown2.o(.ARM.Collect$$libshutdown$$00000007) for __rt_lib_shutdown_fp_trap_1
    libshutdown.o(.ARM.Collect$$libshutdown$$00000000) refers (Special) to libshutdown2.o(.ARM.Collect$$libshutdown$$0000000F) for __rt_lib_shutdown_heap_1
    libshutdown.o(.ARM.Collect$$libshutdown$$00000000) refers (Special) to libshutdown2.o(.ARM.Collect$$libshutdown$$00000010) for __rt_lib_shutdown_return
    libshutdown.o(.ARM.Collect$$libshutdown$$00000000) refers (Special) to libshutdown2.o(.ARM.Collect$$libshutdown$$0000000A) for __rt_lib_shutdown_signal_1
    libshutdown.o(.ARM.Collect$$libshutdown$$00000000) refers (Special) to libshutdown2.o(.ARM.Collect$$libshutdown$$00000004) for __rt_lib_shutdown_stdio_1
    libshutdown.o(.ARM.Collect$$libshutdown$$00000000) refers (Special) to libshutdown2.o(.ARM.Collect$$libshutdown$$0000000C) for __rt_lib_shutdown_user_alloc_1
    sys_command.o(.text) refers (Special) to use_no_semi.o(.text) for __I$use$semihosting
    sys_command.o(.text) refers (Special) to indicate_semi.o(.text) for __semihosting_library_function
    sys_command_hlt.o(.text) refers (Special) to use_no_semi.o(.text) for __I$use$semihosting
    sys_command_hlt.o(.text) refers (Special) to indicate_semi.o(.text) for __semihosting_library_function
    defsig_abrt_inner.o(.text) refers to defsig_general.o(.text) for __default_signal_display
    defsig_rtred_inner.o(.text) refers to defsig_general.o(.text) for __default_signal_display
    defsig_rtmem_inner.o(.text) refers to defsig_general.o(.text) for __default_signal_display
    defsig_rtmem_outer.o(.text) refers to defsig_rtmem_inner.o(.text) for __rt_SIGRTMEM_inner
    defsig_rtmem_outer.o(.text) refers to defsig_exit.o(.text) for __sig_exit
    defsig_rtmem_formal.o(.text) refers to rt_raise.o(.text) for __rt_raise
    defsig_stak_inner.o(.text) refers to defsig_general.o(.text) for __default_signal_display
    defsig_pvfn_inner.o(.text) refers to defsig_general.o(.text) for __default_signal_display
    defsig_cppl_inner.o(.text) refers to defsig_general.o(.text) for __default_signal_display
    defsig_segv_inner.o(.text) refers to defsig_general.o(.text) for __default_signal_display
    defsig_other.o(.text) refers to defsig_general.o(.text) for __default_signal_display


==============================================================================

Removing Unused input sections from the image.

    Removing main.o(.text), (0 bytes).
    Removing main.o(.ARM.exidx.text.main), (8 bytes).
    Removing main.o(.ARM.use_no_argv), (4 bytes).
    Removing sysctl_1.o(.text), (0 bytes).
    Removing sysctl_1.o(.text.SYSCTL_SYSCLK_set), (328 bytes).
    Removing sysctl_1.o(.ARM.exidx.text.SYSCTL_SYSCLK_set), (8 bytes).
    Removing sysctl_1.o(.text.SYSCTL_SYSCLK_getMCLK), (12 bytes).
    Removing sysctl_1.o(.ARM.exidx.text.SYSCTL_SYSCLK_getMCLK), (8 bytes).
    Removing sysctl_1.o(.ARM.exidx.text.SYSCTL_SYSCLK_getULPCLK), (8 bytes).
    Removing uart_extras_1.o(.text), (0 bytes).
    Removing uart_extras_1.o(.text.UART0_printDec), (88 bytes).
    Removing uart_extras_1.o(.ARM.exidx.text.UART0_printDec), (8 bytes).
    Removing uart_extras_1.o(.text.UART0_printFloat), (176 bytes).
    Removing uart_extras_1.o(.ARM.exidx.text.UART0_printFloat), (8 bytes).
    Removing leds.o(.text), (0 bytes).
    Removing leds.o(.ARM.exidx.text.LED1_init), (8 bytes).
    Removing leds.o(.text.LED2_init), (136 bytes).
    Removing leds.o(.ARM.exidx.text.LED2_init), (8 bytes).
    Removing leds.o(.ARM.exidx.text.LED1_set), (8 bytes).
    Removing leds.o(.ARM.exidx.text.LED2_set), (8 bytes).
    Removing switches.o(.text), (0 bytes).
    Removing switches.o(.ARM.exidx.text.S1_init), (8 bytes).
    Removing switches.o(.ARM.exidx.text.S2_init), (8 bytes).
    Removing switches.o(.text.S1_pressed), (16 bytes).
    Removing switches.o(.ARM.exidx.text.S1_pressed), (8 bytes).
    Removing switches.o(.text.S2_pressed), (16 bytes).
    Removing switches.o(.ARM.exidx.text.S2_pressed), (8 bytes).
    Removing switches.o(.ARM.exidx.text.S1_init_interrupt), (8 bytes).
    Removing switches.o(.ARM.exidx.text.__NVIC_EnableIRQ), (8 bytes).
    Removing switches.o(.ARM.exidx.text.S2_init_interrupt), (8 bytes).
    Removing uart.o(.text), (0 bytes).
    Removing uart.o(.ARM.exidx.text.UART0_init), (8 bytes).
    Removing uart.o(.ARM.exidx.text.UART0_putchar), (8 bytes).
    Removing uart.o(.text.UART0_getchar), (28 bytes).
    Removing uart.o(.ARM.exidx.text.UART0_getchar), (8 bytes).
    Removing uart.o(.ARM.exidx.text.UART0_put), (8 bytes).
    Removing uart.o(.text.UART1_init), (228 bytes).
    Removing uart.o(.ARM.exidx.text.UART1_init), (8 bytes).
    Removing uart.o(.text.UART1_putchar), (24 bytes).
    Removing uart.o(.ARM.exidx.text.UART1_putchar), (8 bytes).
    Removing uart.o(.text.UART1_getchar), (28 bytes).
    Removing uart.o(.ARM.exidx.text.UART1_getchar), (8 bytes).
    Removing uart.o(.text.UART1_put), (40 bytes).
    Removing uart.o(.ARM.exidx.text.UART1_put), (8 bytes).
    Removing i2c.o(.text), (0 bytes).
    Removing i2c.o(.text.I2C1_init), (164 bytes).
    Removing i2c.o(.ARM.exidx.text.I2C1_init), (8 bytes).
    Removing i2c.o(.text.I2C1_putchar), (32 bytes).
    Removing i2c.o(.ARM.exidx.text.I2C1_putchar), (8 bytes).
    Removing i2c.o(.text.I2C1_put), (64 bytes).
    Removing i2c.o(.ARM.exidx.text.I2C1_put), (8 bytes).
    Removing oled.o(.text), (0 bytes).
    Removing oled.o(.text.draw_1d_data), (116 bytes).
    Removing oled.o(.ARM.exidx.text.draw_1d_data), (8 bytes).
    Removing oled.o(.text.OLED_ClearTextArr), (20 bytes).
    Removing oled.o(.ARM.exidx.text.OLED_ClearTextArr), (8 bytes).
    Removing oled.o(.text.OLED_sendCommand), (24 bytes).
    Removing oled.o(.ARM.exidx.text.OLED_sendCommand), (8 bytes).
    Removing oled.o(.text.OLED_write_display), (38 bytes).
    Removing oled.o(.ARM.exidx.text.OLED_write_display), (8 bytes).
    Removing oled.o(.text.OLED_Init), (268 bytes).
    Removing oled.o(.ARM.exidx.text.OLED_Init), (8 bytes).
    Removing oled.o(.text.OLED_display_on), (10 bytes).
    Removing oled.o(.ARM.exidx.text.OLED_display_on), (8 bytes).
    Removing oled.o(.text.OLED_display_clear), (48 bytes).
    Removing oled.o(.ARM.exidx.text.OLED_display_clear), (8 bytes).
    Removing oled.o(.text.OLED_draw), (112 bytes).
    Removing oled.o(.ARM.exidx.text.OLED_draw), (8 bytes).
    Removing oled.o(.text.OLED_draw_line), (54 bytes).
    Removing oled.o(.ARM.exidx.text.OLED_draw_line), (8 bytes).
    Removing oled.o(.text.OLED_display_off), (10 bytes).
    Removing oled.o(.ARM.exidx.text.OLED_display_off), (8 bytes).
    Removing oled.o(.text.OLED_DisplayCameraData), (20 bytes).
    Removing oled.o(.ARM.exidx.text.OLED_DisplayCameraData), (8 bytes).
    Removing oled.o(.text.OLED_PrintBlock), (64 bytes).
    Removing oled.o(.ARM.exidx.text.OLED_PrintBlock), (8 bytes).
    Removing oled.o(.text.OLED_Print), (18 bytes).
    Removing oled.o(.ARM.exidx.text.OLED_Print), (8 bytes).
    Removing oled.o(.text.OLED_PrintLine), (40 bytes).
    Removing oled.o(.ARM.exidx.text.OLED_PrintLine), (8 bytes).
    Removing oled.o(.bss.OLED_GRAPH_ARR), (1024 bytes).
    Removing oled.o(.bss.OLED_TEXT_ARR), (1024 bytes).
    Removing oled.o(.bss.textIndex), (4 bytes).
    Removing oled.o(.rodata.num_str), (1520 bytes).
    Removing adc12.o(.text), (0 bytes).
    Removing adc12.o(.text.ADC0_init), (136 bytes).
    Removing adc12.o(.ARM.exidx.text.ADC0_init), (8 bytes).
    Removing adc12.o(.text.ADC0_getVal), (60 bytes).
    Removing adc12.o(.ARM.exidx.text.ADC0_getVal), (8 bytes).
    Removing camera.o(.text), (0 bytes).
    Removing camera.o(.text.init_CLK), (100 bytes).
    Removing camera.o(.ARM.exidx.text.init_CLK), (8 bytes).
    Removing camera.o(.text.init_SI), (112 bytes).
    Removing camera.o(.ARM.exidx.text.init_SI), (8 bytes).
    Removing camera.o(.text.Camera_init), (44 bytes).
    Removing camera.o(.ARM.exidx.text.Camera_init), (8 bytes).
    Removing camera.o(.text.Camera_isDataReady), (12 bytes).
    Removing camera.o(.ARM.exidx.text.Camera_isDataReady), (8 bytes).
    Removing camera.o(.text.Camera_getData), (20 bytes).
    Removing camera.o(.ARM.exidx.text.Camera_getData), (8 bytes).
    Removing timers.o(.text), (0 bytes).
    Removing timers.o(.ARM.exidx.text.TIMG0_init), (8 bytes).
    Removing timers.o(.ARM.exidx.text.__NVIC_EnableIRQ), (8 bytes).
    Removing timers.o(.ARM.exidx.text.TIMG6_init), (8 bytes).
    Removing timers.o(.ARM.exidx.text.TIMG12_init), (8 bytes).
    Removing timers.o(.ARM.exidx.text.TIMA0_PWM_init), (8 bytes).
    Removing timers.o(.ARM.exidx.text.TIMA1_PWM_init), (8 bytes).
    Removing timers.o(.ARM.exidx.text.TIMA0_PWM_DutyCycle), (8 bytes).
    Removing timers.o(.text.TIMA1_PWM_DutyCycle), (56 bytes).
    Removing timers.o(.ARM.exidx.text.TIMA1_PWM_DutyCycle), (8 bytes).
    Removing isrs.o(.text), (0 bytes).
    Removing isrs.o(.ARM.exidx.text.GROUP1_IRQHandler), (8 bytes).
    Removing isrs.o(.ARM.exidx.text.TIMG0_IRQHandler), (8 bytes).
    Removing isrs.o(.ARM.exidx.text.TIMG6_IRQHandler), (8 bytes).
    Removing isrs.o(.ARM.exidx.text.TIMG12_IRQHandler), (8 bytes).
    Removing isrs.o(.bss.cameraData_complete), (1 bytes).
    Removing isrs.o(.bss.pixelCounter), (4 bytes).
    Removing isrs.o(.bss.cameraData), (256 bytes).

118 unused section(s) (total 7087 bytes) removed from the image.

==============================================================================

Image Symbol Table

    Local Symbols

    Symbol Name                              Value     Ov Type        Size  Object(Section)

    ../../source/ti/devices/msp/m0p/startup_system_files/keil/startup_mspm0g350x_uvision.s 0x00000000   Number         0  startup_mspm0g350x_uvision.o ABSOLUTE
    ../clib/angel/boardlib.s                 0x00000000   Number         0  boardinit1.o ABSOLUTE
    ../clib/angel/boardlib.s                 0x00000000   Number         0  boardinit2.o ABSOLUTE
    ../clib/angel/boardlib.s                 0x00000000   Number         0  boardinit3.o ABSOLUTE
    ../clib/angel/boardlib.s                 0x00000000   Number         0  boardshut.o ABSOLUTE
    ../clib/angel/handlers.s                 0x00000000   Number         0  __scatter_copy.o ABSOLUTE
    ../clib/angel/handlers.s                 0x00000000   Number         0  __scatter_zi.o ABSOLUTE
    ../clib/angel/kernel.s                   0x00000000   Number         0  __rtentry.o ABSOLUTE
    ../clib/angel/kernel.s                   0x00000000   Number         0  __rtentry2.o ABSOLUTE
    ../clib/angel/kernel.s                   0x00000000   Number         0  __rtentry4.o ABSOLUTE
    ../clib/angel/kernel.s                   0x00000000   Number         0  rtexit.o ABSOLUTE
    ../clib/angel/kernel.s                   0x00000000   Number         0  rtexit2.o ABSOLUTE
    ../clib/angel/rt.s                       0x00000000   Number         0  aeabi_idiv0.o ABSOLUTE
    ../clib/angel/rt.s                       0x00000000   Number         0  aeabi_idiv0_sigfpe.o ABSOLUTE
    ../clib/angel/rt.s                       0x00000000   Number         0  rt_div0.o ABSOLUTE
    ../clib/angel/rt.s                       0x00000000   Number         0  rt_raise.o ABSOLUTE
    ../clib/angel/scatterp.s                 0x00000000   Number         0  __scatter.o ABSOLUTE
    ../clib/angel/startup.s                  0x00000000   Number         0  __main.o ABSOLUTE
    ../clib/angel/sys.s                      0x00000000   Number         0  sys_stackheap_outer.o ABSOLUTE
    ../clib/angel/sys.s                      0x00000000   Number         0  libspace.o ABSOLUTE
    ../clib/angel/sys.s                      0x00000000   Number         0  tempstk.o ABSOLUTE
    ../clib/angel/sys.s                      0x00000000   Number         0  use_no_semi.o ABSOLUTE
    ../clib/angel/sys.s                      0x00000000   Number         0  indicate_semi.o ABSOLUTE
    ../clib/angel/sysapp.c                   0x00000000   Number         0  sys_exit.o ABSOLUTE
    ../clib/angel/sysapp.c                   0x00000000   Number         0  sys_exit_hlt.o ABSOLUTE
    ../clib/angel/sysapp.c                   0x00000000   Number         0  sys_wrch.o ABSOLUTE
    ../clib/angel/sysapp.c                   0x00000000   Number         0  sys_wrch_hlt.o ABSOLUTE
    ../clib/angel/sysapp.c                   0x00000000   Number         0  sys_command.o ABSOLUTE
    ../clib/angel/sysapp.c                   0x00000000   Number         0  sys_command_hlt.o ABSOLUTE
    ../clib/armsys.c                         0x00000000   Number         0  argv_veneer.o ABSOLUTE
    ../clib/armsys.c                         0x00000000   Number         0  _get_argv_nomalloc.o ABSOLUTE
    ../clib/armsys.c                         0x00000000   Number         0  no_argv.o ABSOLUTE
    ../clib/division.c                       0x00000000   Number         0  rtudiv10.o ABSOLUTE
    ../clib/division.s                       0x00000000   Number         0  aeabi_sdivfast.o ABSOLUTE
    ../clib/division.s                       0x00000000   Number         0  aeabi_sdivfast_div0.o ABSOLUTE
    ../clib/heapalloc.c                      0x00000000   Number         0  hrguard.o ABSOLUTE
    ../clib/heapaux.c                        0x00000000   Number         0  heapauxi.o ABSOLUTE
    ../clib/libinit.s                        0x00000000   Number         0  libinit.o ABSOLUTE
    ../clib/libinit.s                        0x00000000   Number         0  libinit2.o ABSOLUTE
    ../clib/libinit.s                        0x00000000   Number         0  libshutdown.o ABSOLUTE
    ../clib/libinit.s                        0x00000000   Number         0  libshutdown2.o ABSOLUTE
    ../clib/memcpset.c                       0x00000000   Number         0  rt_memclr.o ABSOLUTE
    ../clib/misc.s                           0x00000000   Number         0  printf_stubs.o ABSOLUTE
    ../clib/printf.c                         0x00000000   Number         0  __2sprintf.o ABSOLUTE
    ../clib/printf.c                         0x00000000   Number         0  noretval__2sprintf.o ABSOLUTE
    ../clib/printf.c                         0x00000000   Number         0  __printf.o ABSOLUTE
    ../clib/printf.c                         0x00000000   Number         0  _printf_dec.o ABSOLUTE
    ../clib/printf.c                         0x00000000   Number         0  __printf_flags.o ABSOLUTE
    ../clib/printf.c                         0x00000000   Number         0  __printf_ss.o ABSOLUTE
    ../clib/printf.c                         0x00000000   Number         0  __printf_flags_ss.o ABSOLUTE
    ../clib/printf.c                         0x00000000   Number         0  __printf_wp.o ABSOLUTE
    ../clib/printf.c                         0x00000000   Number         0  __printf_flags_wp.o ABSOLUTE
    ../clib/printf.c                         0x00000000   Number         0  __printf_ss_wp.o ABSOLUTE
    ../clib/printf.c                         0x00000000   Number         0  __printf_flags_ss_wp.o ABSOLUTE
    ../clib/printf.c                         0x00000000   Number         0  _printf_intcommon.o ABSOLUTE
    ../clib/printf.c                         0x00000000   Number         0  _printf_char_common.o ABSOLUTE
    ../clib/printf.c                         0x00000000   Number         0  _sputc.o ABSOLUTE
    ../clib/printf.c                         0x00000000   Number         0  __printf_nopercent.o ABSOLUTE
    ../clib/printf_percent.s                 0x00000000   Number         0  _printf_d.o ABSOLUTE
    ../clib/printf_percent.s                 0x00000000   Number         0  _printf_percent.o ABSOLUTE
    ../clib/printf_percent.s                 0x00000000   Number         0  _printf_percent_end.o ABSOLUTE
    ../clib/signal.c                         0x00000000   Number         0  defsig_fpe_outer.o ABSOLUTE
    ../clib/signal.c                         0x00000000   Number         0  defsig_fpe_formal.o ABSOLUTE
    ../clib/signal.c                         0x00000000   Number         0  defsig_exit.o ABSOLUTE
    ../clib/signal.c                         0x00000000   Number         0  defsig_fpe_inner.o ABSOLUTE
    ../clib/signal.c                         0x00000000   Number         0  __raise.o ABSOLUTE
    ../clib/signal.c                         0x00000000   Number         0  defsig_general.o ABSOLUTE
    ../clib/signal.c                         0x00000000   Number         0  defsig_abrt_inner.o ABSOLUTE
    ../clib/signal.c                         0x00000000   Number         0  defsig_rtred_inner.o ABSOLUTE
    ../clib/signal.c                         0x00000000   Number         0  defsig_rtmem_inner.o ABSOLUTE
    ../clib/signal.c                         0x00000000   Number         0  defsig_rtmem_outer.o ABSOLUTE
    ../clib/signal.c                         0x00000000   Number         0  defsig_rtmem_formal.o ABSOLUTE
    ../clib/signal.c                         0x00000000   Number         0  defsig_stak_inner.o ABSOLUTE
    ../clib/signal.c                         0x00000000   Number         0  defsig_pvfn_inner.o ABSOLUTE
    ../clib/signal.c                         0x00000000   Number         0  defsig_cppl_inner.o ABSOLUTE
    ../clib/signal.c                         0x00000000   Number         0  defsig_segv_inner.o ABSOLUTE
    ../clib/signal.c                         0x00000000   Number         0  defsig_other.o ABSOLUTE
    ../clib/signal.s                         0x00000000   Number         0  defsig.o ABSOLUTE
    ../clib/stdlib.c                         0x00000000   Number         0  exit.o ABSOLUTE
    ../clib/string.c                         0x00000000   Number         0  strlen.o ABSOLUTE
    ../fplib/cfplib/cmp.c                    0x00000000   Number         0  dcmp.o ABSOLUTE
    ../fplib/cfplib/cmpret.c                 0x00000000   Number         0  cmpret.o ABSOLUTE
    ../fplib/cfplib/daddsub.c                0x00000000   Number         0  daddsub.o ABSOLUTE
    ../fplib/cfplib/dcmpin.c                 0x00000000   Number         0  dcmpin.o ABSOLUTE
    ../fplib/cfplib/ddiv.c                   0x00000000   Number         0  ddiv.o ABSOLUTE
    ../fplib/cfplib/dmul.c                   0x00000000   Number         0  dmul.o ABSOLUTE
    ../fplib/cfplib/ffix.c                   0x00000000   Number         0  dfixi.o ABSOLUTE
    ../fplib/cfplib/ffix.c                   0x00000000   Number         0  dfixui.o ABSOLUTE
    ../fplib/cfplib/fflt.c                   0x00000000   Number         0  dflti.o ABSOLUTE
    ../fplib/cfplib/fpinit.c                 0x00000000   Number         0  fpinit.o ABSOLUTE
    ../fplib/cfplib/nan2.c                   0x00000000   Number         0  dnan2.o ABSOLUTE
    ../fplib/cfplib/retnan.c                 0x00000000   Number         0  retnan.o ABSOLUTE
    ../fplib/deqf6m.s                        0x00000000   Number         0  deqf.o ABSOLUTE
    ../fplib/dgeqf6m.s                       0x00000000   Number         0  dgef.o ABSOLUTE
    ../fplib/dleqf6m.s                       0x00000000   Number         0  dlef.o ABSOLUTE
    ../fplib/drleqf6m.s                      0x00000000   Number         0  drlef.o ABSOLUTE
    ../fplib/usenofp.s                       0x00000000   Number         0  usenofp.o ABSOLUTE
    ../mathlib/floor.c                       0x00000000   Number         0  floor.o ABSOLUTE
    adc12.c                                  0x00000000   Number         0  adc12.o ABSOLUTE
    camera.c                                 0x00000000   Number         0  camera.o ABSOLUTE
    dc.s                                     0x00000000   Number         0  dc.o ABSOLUTE
    i2c.c                                    0x00000000   Number         0  i2c.o ABSOLUTE
    isrs.c                                   0x00000000   Number         0  isrs.o ABSOLUTE
    leds.c                                   0x00000000   Number         0  leds.o ABSOLUTE
    main.c                                   0x00000000   Number         0  main.o ABSOLUTE
    oled.c                                   0x00000000   Number         0  oled.o ABSOLUTE
    switches.c                               0x00000000   Number         0  switches.o ABSOLUTE
    sysctl.c                                 0x00000000   Number         0  sysctl_1.o ABSOLUTE
    timers.c                                 0x00000000   Number         0  timers.o ABSOLUTE
    uart.c                                   0x00000000   Number         0  uart.o ABSOLUTE
    uart_extras.c                            0x00000000   Number         0  uart_extras_1.o ABSOLUTE
    RESET                                    0x00000000   Section      192  startup_mspm0g350x_uvision.o(RESET)
    !!!main                                  0x000000c0   Section        8  __main.o(!!!main)
    !!!scatter                               0x000000c8   Section       60  __scatter.o(!!!scatter)
    !!handler_copy                           0x00000108   Section       26  __scatter_copy.o(!!handler_copy)
    !!handler_zi                             0x00000128   Section       28  __scatter_zi.o(!!handler_zi)
    .ARM.Collect$$_printf_percent$$00000000  0x00000144   Section        2  _printf_percent.o(.ARM.Collect$$_printf_percent$$00000000)
    .ARM.Collect$$_printf_percent$$00000009  0x00000146   Section       10  _printf_d.o(.ARM.Collect$$_printf_percent$$00000009)
    .ARM.Collect$$_printf_percent$$00000017  0x00000150   Section        4  _printf_percent_end.o(.ARM.Collect$$_printf_percent$$00000017)
    .ARM.Collect$$libinit$$00000000          0x00000154   Section        2  libinit.o(.ARM.Collect$$libinit$$00000000)
    .ARM.Collect$$libinit$$00000002          0x00000156   Section        0  libinit2.o(.ARM.Collect$$libinit$$00000002)
    .ARM.Collect$$libinit$$00000004          0x00000156   Section        0  libinit2.o(.ARM.Collect$$libinit$$00000004)
    .ARM.Collect$$libinit$$0000000A          0x00000156   Section        0  libinit2.o(.ARM.Collect$$libinit$$0000000A)
    .ARM.Collect$$libinit$$0000000C          0x00000156   Section        0  libinit2.o(.ARM.Collect$$libinit$$0000000C)
    .ARM.Collect$$libinit$$0000000E          0x00000156   Section        0  libinit2.o(.ARM.Collect$$libinit$$0000000E)
    .ARM.Collect$$libinit$$00000011          0x00000156   Section        0  libinit2.o(.ARM.Collect$$libinit$$00000011)
    .ARM.Collect$$libinit$$00000013          0x00000156   Section        0  libinit2.o(.ARM.Collect$$libinit$$00000013)
    .ARM.Collect$$libinit$$00000015          0x00000156   Section        0  libinit2.o(.ARM.Collect$$libinit$$00000015)
    .ARM.Collect$$libinit$$00000017          0x00000156   Section        0  libinit2.o(.ARM.Collect$$libinit$$00000017)
    .ARM.Collect$$libinit$$00000019          0x00000156   Section        0  libinit2.o(.ARM.Collect$$libinit$$00000019)
    .ARM.Collect$$libinit$$0000001B          0x00000156   Section        0  libinit2.o(.ARM.Collect$$libinit$$0000001B)
    .ARM.Collect$$libinit$$0000001D          0x00000156   Section        0  libinit2.o(.ARM.Collect$$libinit$$0000001D)
    .ARM.Collect$$libinit$$0000001F          0x00000156   Section        0  libinit2.o(.ARM.Collect$$libinit$$0000001F)
    .ARM.Collect$$libinit$$00000021          0x00000156   Section        0  libinit2.o(.ARM.Collect$$libinit$$00000021)
    .ARM.Collect$$libinit$$00000023          0x00000156   Section        0  libinit2.o(.ARM.Collect$$libinit$$00000023)
    .ARM.Collect$$libinit$$00000025          0x00000156   Section        0  libinit2.o(.ARM.Collect$$libinit$$00000025)
    .ARM.Collect$$libinit$$0000002C          0x00000156   Section        0  libinit2.o(.ARM.Collect$$libinit$$0000002C)
    .ARM.Collect$$libinit$$0000002E          0x00000156   Section        0  libinit2.o(.ARM.Collect$$libinit$$0000002E)
    .ARM.Collect$$libinit$$00000030          0x00000156   Section        0  libinit2.o(.ARM.Collect$$libinit$$00000030)
    .ARM.Collect$$libinit$$00000032          0x00000156   Section        0  libinit2.o(.ARM.Collect$$libinit$$00000032)
    .ARM.Collect$$libinit$$00000033          0x00000156   Section        2  libinit2.o(.ARM.Collect$$libinit$$00000033)
    .ARM.Collect$$libshutdown$$00000000      0x00000158   Section        2  libshutdown.o(.ARM.Collect$$libshutdown$$00000000)
    .ARM.Collect$$libshutdown$$00000002      0x0000015a   Section        0  libshutdown2.o(.ARM.Collect$$libshutdown$$00000002)
    .ARM.Collect$$libshutdown$$00000004      0x0000015a   Section        0  libshutdown2.o(.ARM.Collect$$libshutdown$$00000004)
    .ARM.Collect$$libshutdown$$00000007      0x0000015a   Section        0  libshutdown2.o(.ARM.Collect$$libshutdown$$00000007)
    .ARM.Collect$$libshutdown$$0000000A      0x0000015a   Section        0  libshutdown2.o(.ARM.Collect$$libshutdown$$0000000A)
    .ARM.Collect$$libshutdown$$0000000C      0x0000015a   Section        0  libshutdown2.o(.ARM.Collect$$libshutdown$$0000000C)
    .ARM.Collect$$libshutdown$$0000000F      0x0000015a   Section        0  libshutdown2.o(.ARM.Collect$$libshutdown$$0000000F)
    .ARM.Collect$$libshutdown$$00000010      0x0000015a   Section        2  libshutdown2.o(.ARM.Collect$$libshutdown$$00000010)
    .ARM.Collect$$rtentry$$00000000          0x0000015c   Section        0  __rtentry.o(.ARM.Collect$$rtentry$$00000000)
    .ARM.Collect$$rtentry$$00000002          0x0000015c   Section        0  __rtentry2.o(.ARM.Collect$$rtentry$$00000002)
    .ARM.Collect$$rtentry$$00000004          0x0000015c   Section        6  __rtentry4.o(.ARM.Collect$$rtentry$$00000004)
    .ARM.Collect$$rtentry$$00000009          0x00000162   Section        0  __rtentry2.o(.ARM.Collect$$rtentry$$00000009)
    .ARM.Collect$$rtentry$$0000000A          0x00000162   Section        4  __rtentry2.o(.ARM.Collect$$rtentry$$0000000A)
    .ARM.Collect$$rtentry$$0000000C          0x00000166   Section        0  __rtentry2.o(.ARM.Collect$$rtentry$$0000000C)
    .ARM.Collect$$rtentry$$0000000D          0x00000166   Section        8  __rtentry2.o(.ARM.Collect$$rtentry$$0000000D)
    .ARM.Collect$$rtexit$$00000000           0x0000016e   Section        2  rtexit.o(.ARM.Collect$$rtexit$$00000000)
    .ARM.Collect$$rtexit$$00000002           0x00000170   Section        0  rtexit2.o(.ARM.Collect$$rtexit$$00000002)
    .ARM.Collect$$rtexit$$00000003           0x00000170   Section        4  rtexit2.o(.ARM.Collect$$rtexit$$00000003)
    .ARM.Collect$$rtexit$$00000004           0x00000174   Section        6  rtexit2.o(.ARM.Collect$$rtexit$$00000004)
    .text                                    0x0000017c   Section       48  startup_mspm0g350x_uvision.o(.text)
    .text                                    0x000001ac   Section        0  noretval__2sprintf.o(.text)
    .text                                    0x000001d4   Section        0  _printf_dec.o(.text)
    .text                                    0x00000240   Section        0  __printf_ss.o(.text)
    .text                                    0x000002fe   Section        0  heapauxi.o(.text)
    _dadd1                                   0x00000305   Thumb Code   290  daddsub.o(.text)
    .text                                    0x00000304   Section        0  daddsub.o(.text)
    _dsub1                                   0x00000427   Thumb Code   470  daddsub.o(.text)
    .text                                    0x0000065c   Section        0  ddiv.o(.text)
    .text                                    0x00000aa4   Section        0  dfixui.o(.text)
    .text                                    0x00000aec   Section        0  dflti.o(.text)
    .text                                    0x00000b44   Section        0  dmul.o(.text)
    .text                                    0x00000d8c   Section        0  _printf_intcommon.o(.text)
    _printf_input_char                       0x00000e3d   Thumb Code    10  _printf_char_common.o(.text)
    .text                                    0x00000e3c   Section        0  _printf_char_common.o(.text)
    .text                                    0x00000e6c   Section        0  _sputc.o(.text)
    .text                                    0x00000e76   Section        0  rtudiv10.o(.text)
    .text                                    0x00000ea0   Section        0  dcmpin.o(.text)
    .text                                    0x00000f40   Section       62  sys_stackheap_outer.o(.text)
    .text                                    0x00000f7e   Section        0  exit.o(.text)
    .text                                    0x00000f8e   Section        0  cmpret.o(.text)
    .text                                    0x00000fbc   Section        0  dnan2.o(.text)
    .text                                    0x00000fd0   Section        8  libspace.o(.text)
    .text                                    0x00000fd8   Section        0  retnan.o(.text)
    .text                                    0x00001038   Section        0  sys_exit.o(.text)
    .text                                    0x00001044   Section        2  use_no_semi.o(.text)
    .text                                    0x00001046   Section        0  indicate_semi.o(.text)
    [Anonymous Symbol]                       0x00001048   Section        0  isrs.o(.text.GROUP1_IRQHandler)
    __arm_cp.0_0                             0x000010c0   Number         4  isrs.o(.text.GROUP1_IRQHandler)
    __arm_cp.0_1                             0x000010c4   Number         4  isrs.o(.text.GROUP1_IRQHandler)
    __arm_cp.0_2                             0x000010c8   Number         4  isrs.o(.text.GROUP1_IRQHandler)
    __arm_cp.0_3                             0x000010cc   Number         4  isrs.o(.text.GROUP1_IRQHandler)
    __arm_cp.0_6                             0x000010dc   Number         4  isrs.o(.text.GROUP1_IRQHandler)
    [Anonymous Symbol]                       0x000010e0   Section        0  leds.o(.text.LED1_init)
    __arm_cp.0_3                             0x0000112c   Number         4  leds.o(.text.LED1_init)
    __arm_cp.0_4                             0x00001130   Number         4  leds.o(.text.LED1_init)
    [Anonymous Symbol]                       0x00001134   Section        0  leds.o(.text.LED1_set)
    __arm_cp.2_0                             0x00001154   Number         4  leds.o(.text.LED1_set)
    [Anonymous Symbol]                       0x00001158   Section        0  leds.o(.text.LED2_set)
    __arm_cp.3_0                             0x000011a0   Number         4  leds.o(.text.LED2_set)
    [Anonymous Symbol]                       0x000011a4   Section        0  switches.o(.text.S1_init)
    __arm_cp.0_0                             0x000011e8   Number         4  switches.o(.text.S1_init)
    __arm_cp.0_3                             0x000011ec   Number         4  switches.o(.text.S1_init)
    [Anonymous Symbol]                       0x000011f0   Section        0  switches.o(.text.S1_init_interrupt)
    __arm_cp.4_0                             0x0000121c   Number         4  switches.o(.text.S1_init_interrupt)
    __arm_cp.4_1                             0x00001220   Number         4  switches.o(.text.S1_init_interrupt)
    [Anonymous Symbol]                       0x00001224   Section        0  switches.o(.text.S2_init)
    __arm_cp.1_1                             0x00001270   Number         4  switches.o(.text.S2_init)
    __arm_cp.1_2                             0x00001274   Number         4  switches.o(.text.S2_init)
    __arm_cp.1_3                             0x00001278   Number         4  switches.o(.text.S2_init)
    [Anonymous Symbol]                       0x0000127c   Section        0  switches.o(.text.S2_init_interrupt)
    __arm_cp.6_0                             0x000012a8   Number         4  switches.o(.text.S2_init_interrupt)
    __arm_cp.6_1                             0x000012ac   Number         4  switches.o(.text.S2_init_interrupt)
    [Anonymous Symbol]                       0x000012b0   Section        0  sysctl_1.o(.text.SYSCTL_SYSCLK_getULPCLK)
    __arm_cp.2_0                             0x000012c8   Number         4  sysctl_1.o(.text.SYSCTL_SYSCLK_getULPCLK)
    __arm_cp.2_1                             0x000012cc   Number         4  sysctl_1.o(.text.SYSCTL_SYSCLK_getULPCLK)
    [Anonymous Symbol]                       0x000012d0   Section        0  timers.o(.text.TIMA0_PWM_DutyCycle)
    __arm_cp.6_0                             0x00001388   Number         4  timers.o(.text.TIMA0_PWM_DutyCycle)
    [Anonymous Symbol]                       0x0000138c   Section        0  timers.o(.text.TIMA0_PWM_init)
    __arm_cp.4_0                             0x0000158c   Number         4  timers.o(.text.TIMA0_PWM_init)
    __arm_cp.4_1                             0x00001590   Number         4  timers.o(.text.TIMA0_PWM_init)
    __arm_cp.4_2                             0x00001594   Number         4  timers.o(.text.TIMA0_PWM_init)
    __arm_cp.4_3                             0x00001598   Number         4  timers.o(.text.TIMA0_PWM_init)
    __arm_cp.4_4                             0x0000159c   Number         4  timers.o(.text.TIMA0_PWM_init)
    __arm_cp.4_5                             0x000015a0   Number         4  timers.o(.text.TIMA0_PWM_init)
    __arm_cp.4_6                             0x000015a4   Number         4  timers.o(.text.TIMA0_PWM_init)
    __arm_cp.4_7                             0x000015a8   Number         4  timers.o(.text.TIMA0_PWM_init)
    __arm_cp.4_8                             0x000015ac   Number         4  timers.o(.text.TIMA0_PWM_init)
    __arm_cp.4_9                             0x000015b0   Number         4  timers.o(.text.TIMA0_PWM_init)
    [Anonymous Symbol]                       0x000015dc   Section        0  timers.o(.text.TIMA1_PWM_init)
    __arm_cp.5_0                             0x000016dc   Number         4  timers.o(.text.TIMA1_PWM_init)
    __arm_cp.5_1                             0x000016e0   Number         4  timers.o(.text.TIMA1_PWM_init)
    __arm_cp.5_2                             0x000016e4   Number         4  timers.o(.text.TIMA1_PWM_init)
    __arm_cp.5_3                             0x000016e8   Number         4  timers.o(.text.TIMA1_PWM_init)
    __arm_cp.5_4                             0x000016ec   Number         4  timers.o(.text.TIMA1_PWM_init)
    __arm_cp.5_5                             0x000016f0   Number         4  timers.o(.text.TIMA1_PWM_init)
    __arm_cp.5_6                             0x000016f4   Number         4  timers.o(.text.TIMA1_PWM_init)
    __arm_cp.5_8                             0x00001720   Number         4  timers.o(.text.TIMA1_PWM_init)
    __arm_cp.5_9                             0x00001724   Number         4  timers.o(.text.TIMA1_PWM_init)
    __arm_cp.5_10                            0x00001728   Number         4  timers.o(.text.TIMA1_PWM_init)
    [Anonymous Symbol]                       0x0000172c   Section        0  isrs.o(.text.TIMG0_IRQHandler)
    __arm_cp.1_0                             0x00001744   Number         4  isrs.o(.text.TIMG0_IRQHandler)
    __arm_cp.1_2                             0x00001748   Number         4  isrs.o(.text.TIMG0_IRQHandler)
    [Anonymous Symbol]                       0x0000174c   Section        0  timers.o(.text.TIMG0_init)
    __arm_cp.0_0                             0x000017c0   Number         4  timers.o(.text.TIMG0_init)
    __arm_cp.0_3                             0x000017c4   Number         4  timers.o(.text.TIMG0_init)
    __arm_cp.0_4                             0x000017c8   Number         4  timers.o(.text.TIMG0_init)
    __arm_cp.0_5                             0x000017cc   Number         4  timers.o(.text.TIMG0_init)
    [Anonymous Symbol]                       0x000017d0   Section        0  isrs.o(.text.TIMG12_IRQHandler)
    __arm_cp.3_0                             0x00001808   Number         4  isrs.o(.text.TIMG12_IRQHandler)
    __arm_cp.3_1                             0x0000180c   Number         4  isrs.o(.text.TIMG12_IRQHandler)
    __arm_cp.3_2                             0x00001810   Number         4  isrs.o(.text.TIMG12_IRQHandler)
    [Anonymous Symbol]                       0x00001814   Section        0  timers.o(.text.TIMG12_init)
    __arm_cp.3_0                             0x00001880   Number         4  timers.o(.text.TIMG12_init)
    __arm_cp.3_3                             0x00001884   Number         4  timers.o(.text.TIMG12_init)
    __arm_cp.3_4                             0x00001888   Number         4  timers.o(.text.TIMG12_init)
    __arm_cp.3_5                             0x0000188c   Number         4  timers.o(.text.TIMG12_init)
    [Anonymous Symbol]                       0x00001890   Section        0  isrs.o(.text.TIMG6_IRQHandler)
    __arm_cp.2_0                             0x000018a4   Number         4  isrs.o(.text.TIMG6_IRQHandler)
    [Anonymous Symbol]                       0x000018a8   Section        0  timers.o(.text.TIMG6_init)
    __arm_cp.2_0                             0x0000191c   Number         4  timers.o(.text.TIMG6_init)
    __arm_cp.2_1                             0x00001920   Number         4  timers.o(.text.TIMG6_init)
    __arm_cp.2_3                             0x00001924   Number         4  timers.o(.text.TIMG6_init)
    __arm_cp.2_4                             0x00001928   Number         4  timers.o(.text.TIMG6_init)
    __arm_cp.2_5                             0x0000192c   Number         4  timers.o(.text.TIMG6_init)
    [Anonymous Symbol]                       0x00001930   Section        0  uart.o(.text.UART0_init)
    __arm_cp.0_0                             0x000019f0   Number         4  uart.o(.text.UART0_init)
    __arm_cp.0_1                             0x000019f4   Number         4  uart.o(.text.UART0_init)
    __arm_cp.0_2                             0x000019f8   Number         4  uart.o(.text.UART0_init)
    __arm_cp.0_3                             0x000019fc   Number         4  uart.o(.text.UART0_init)
    __arm_cp.0_4                             0x00001a00   Number         4  uart.o(.text.UART0_init)
    __arm_cp.0_5                             0x00001a04   Number         4  uart.o(.text.UART0_init)
    __arm_cp.0_6                             0x00001a08   Number         4  uart.o(.text.UART0_init)
    __arm_cp.0_7                             0x00001a0c   Number         4  uart.o(.text.UART0_init)
    __arm_cp.0_8                             0x00001a10   Number         4  uart.o(.text.UART0_init)
    [Anonymous Symbol]                       0x00001a14   Section        0  uart.o(.text.UART0_put)
    [Anonymous Symbol]                       0x00001a30   Section        0  uart.o(.text.UART0_putchar)
    __arm_cp.1_0                             0x00001a44   Number         4  uart.o(.text.UART0_putchar)
    __NVIC_EnableIRQ                         0x00001a49   Thumb Code     8  switches.o(.text.__NVIC_EnableIRQ)
    [Anonymous Symbol]                       0x00001a48   Section        0  switches.o(.text.__NVIC_EnableIRQ)
    __NVIC_EnableIRQ                         0x00001a51   Thumb Code    24  timers.o(.text.__NVIC_EnableIRQ)
    [Anonymous Symbol]                       0x00001a50   Section        0  timers.o(.text.__NVIC_EnableIRQ)
    __arm_cp.1_0                             0x00001a64   Number         4  timers.o(.text.__NVIC_EnableIRQ)
    [Anonymous Symbol]                       0x00001a68   Section        0  main.o(.text.main)
    __arm_cp.0_0                             0x00001b7c   Number         4  main.o(.text.main)
    __arm_cp.0_1                             0x00001b80   Number         4  main.o(.text.main)
    __arm_cp.0_2                             0x00001b84   Number         4  main.o(.text.main)
    __arm_cp.0_3                             0x00001b88   Number         4  main.o(.text.main)
    __arm_cp.0_5                             0x00001bb0   Number         4  main.o(.text.main)
    __arm_cp.0_6                             0x00001bb4   Number         4  main.o(.text.main)
    __arm_cp.0_7                             0x00001bb8   Number         4  main.o(.text.main)
    __arm_cp.0_8                             0x00001bbc   Number         4  main.o(.text.main)
    __arm_cp.0_9                             0x00001bc0   Number         4  main.o(.text.main)
    .text_divfast                            0x00001bc4   Section      502  aeabi_sdivfast.o(.text_divfast)
    i._dleq                                  0x00001dba   Section        0  dcmp.o(i._dleq)
    x$fpl$dleqf                              0x00001dd4   Section      100  dlef.o(x$fpl$dleqf)
    ddiv_reciptbl                            0x00001e38   Data         128  ddiv.o(.constdata)
    .constdata                               0x00001e38   Section      128  ddiv.o(.constdata)
    x$fpl$usenofp                            0x00001e38   Section        0  usenofp.o(x$fpl$usenofp)
    SystemMasterClock                        0x20200000   Data           4  sysctl_1.o(.data.SystemMasterClock)
    [Anonymous Symbol]                       0x20200000   Section        0  sysctl_1.o(.data.SystemMasterClock)
    duty                                     0x20200008   Data           8  main.o(.data.duty)
    [Anonymous Symbol]                       0x20200008   Section        0  main.o(.data.duty)
    .bss                                     0x20200010   Section       96  libspace.o(.bss)
    timeElapsed                              0x20200074   Data           4  isrs.o(.bss.timeElapsed)
    [Anonymous Symbol]                       0x20200074   Section        0  isrs.o(.bss.timeElapsed)
    timerOn                                  0x20200078   Data           1  isrs.o(.bss.timerOn)
    [Anonymous Symbol]                       0x20200078   Section        0  isrs.o(.bss.timerOn)
    Heap_Mem                                 0x20200080   Data         512  startup_mspm0g350x_uvision.o(HEAP)
    HEAP                                     0x20200080   Section      512  startup_mspm0g350x_uvision.o(HEAP)
    Stack_Mem                                0x20200280   Data         512  startup_mspm0g350x_uvision.o(STACK)
    STACK                                    0x20200280   Section      512  startup_mspm0g350x_uvision.o(STACK)
    __initial_sp                             0x20200480   Data           0  startup_mspm0g350x_uvision.o(STACK)

    Global Symbols

    Symbol Name                              Value     Ov Type        Size  Object(Section)

    BuildAttributes$$THM_ISAv3M$S$PE$A:L22$X:L11$S22$IEEE1$IW$~IW$USESV6$~STKCKD$USESV7$~SHL$OTIME$ROPI$IEEEJ$EBA8$UX$STANDARDLIB$REQ8$PRES8$EABIv2 0x00000000   Number         0  anon$$obj.o ABSOLUTE
    __Vectors                                0x00000000   Data           4  startup_mspm0g350x_uvision.o(RESET)
    _printf_flags                            0x00000000   Number         0  printf_stubs.o ABSOLUTE
    _printf_return_value                     0x00000000   Number         0  printf_stubs.o ABSOLUTE
    _printf_sizespec                         0x00000000   Number         0  printf_stubs.o ABSOLUTE
    _printf_widthprec                        0x00000000   Number         0  printf_stubs.o ABSOLUTE
    __ARM_exceptions_init                     - Undefined Weak Reference
    __alloca_initialize                       - Undefined Weak Reference
    __arm_preinit_                            - Undefined Weak Reference
    __cpp_initialize__aeabi_                  - Undefined Weak Reference
    __cxa_finalize                            - Undefined Weak Reference
    __rt_locale                               - Undefined Weak Reference
    __sigvec_lookup                           - Undefined Weak Reference
    _atexit_init                              - Undefined Weak Reference
    _call_atexit_fns                          - Undefined Weak Reference
    _clock_init                               - Undefined Weak Reference
    _fp_trap_init                             - Undefined Weak Reference
    _fp_trap_shutdown                         - Undefined Weak Reference
    _get_lc_collate                           - Undefined Weak Reference
    _get_lc_ctype                             - Undefined Weak Reference
    _get_lc_monetary                          - Undefined Weak Reference
    _get_lc_numeric                           - Undefined Weak Reference
    _get_lc_time                              - Undefined Weak Reference
    _getenv_init                              - Undefined Weak Reference
    _handle_redirection                       - Undefined Weak Reference
    _init_alloc                               - Undefined Weak Reference
    _init_user_alloc                          - Undefined Weak Reference
    _initio                                   - Undefined Weak Reference
    _printf_post_padding                      - Undefined Weak Reference
    _printf_pre_padding                       - Undefined Weak Reference
    _printf_truncate_signed                   - Undefined Weak Reference
    _printf_truncate_unsigned                 - Undefined Weak Reference
    _rand_init                                - Undefined Weak Reference
    _signal_finish                            - Undefined Weak Reference
    _signal_init                              - Undefined Weak Reference
    _terminate_alloc                          - Undefined Weak Reference
    _terminate_user_alloc                     - Undefined Weak Reference
    _terminateio                              - Undefined Weak Reference
    __Vectors_End                            0x000000c0   Data           0  startup_mspm0g350x_uvision.o(RESET)
    __Vectors_Size                           0x000000c0   Number         0  startup_mspm0g350x_uvision.o ABSOLUTE
    __main                                   0x000000c1   Thumb Code     8  __main.o(!!!main)
    __scatterload                            0x000000c9   Thumb Code     0  __scatter.o(!!!scatter)
    __scatterload_rt2                        0x000000c9   Thumb Code    52  __scatter.o(!!!scatter)
    __scatterload_rt2_thumb_only             0x000000c9   Thumb Code     0  __scatter.o(!!!scatter)
    __scatterload_null                       0x000000d9   Thumb Code     0  __scatter.o(!!!scatter)
    __scatterload_copy                       0x00000109   Thumb Code    26  __scatter_copy.o(!!handler_copy)
    __scatterload_zeroinit                   0x00000129   Thumb Code    28  __scatter_zi.o(!!handler_zi)
    _printf_percent                          0x00000145   Thumb Code     0  _printf_percent.o(.ARM.Collect$$_printf_percent$$00000000)
    _printf_d                                0x00000147   Thumb Code     0  _printf_d.o(.ARM.Collect$$_printf_percent$$00000009)
    _printf_percent_end                      0x00000151   Thumb Code     0  _printf_percent_end.o(.ARM.Collect$$_printf_percent$$00000017)
    __rt_lib_init                            0x00000155   Thumb Code     0  libinit.o(.ARM.Collect$$libinit$$00000000)
    __rt_lib_init_alloca_1                   0x00000157   Thumb Code     0  libinit2.o(.ARM.Collect$$libinit$$0000002E)
    __rt_lib_init_argv_1                     0x00000157   Thumb Code     0  libinit2.o(.ARM.Collect$$libinit$$0000002C)
    __rt_lib_init_atexit_1                   0x00000157   Thumb Code     0  libinit2.o(.ARM.Collect$$libinit$$0000001B)
    __rt_lib_init_clock_1                    0x00000157   Thumb Code     0  libinit2.o(.ARM.Collect$$libinit$$00000021)
    __rt_lib_init_cpp_1                      0x00000157   Thumb Code     0  libinit2.o(.ARM.Collect$$libinit$$00000032)
    __rt_lib_init_exceptions_1               0x00000157   Thumb Code     0  libinit2.o(.ARM.Collect$$libinit$$00000030)
    __rt_lib_init_fp_1                       0x00000157   Thumb Code     0  libinit2.o(.ARM.Collect$$libinit$$00000002)
    __rt_lib_init_fp_trap_1                  0x00000157   Thumb Code     0  libinit2.o(.ARM.Collect$$libinit$$0000001F)
    __rt_lib_init_getenv_1                   0x00000157   Thumb Code     0  libinit2.o(.ARM.Collect$$libinit$$00000023)
    __rt_lib_init_heap_1                     0x00000157   Thumb Code     0  libinit2.o(.ARM.Collect$$libinit$$0000000A)
    __rt_lib_init_lc_collate_1               0x00000157   Thumb Code     0  libinit2.o(.ARM.Collect$$libinit$$00000011)
    __rt_lib_init_lc_ctype_1                 0x00000157   Thumb Code     0  libinit2.o(.ARM.Collect$$libinit$$00000013)
    __rt_lib_init_lc_monetary_1              0x00000157   Thumb Code     0  libinit2.o(.ARM.Collect$$libinit$$00000015)
    __rt_lib_init_lc_numeric_1               0x00000157   Thumb Code     0  libinit2.o(.ARM.Collect$$libinit$$00000017)
    __rt_lib_init_lc_time_1                  0x00000157   Thumb Code     0  libinit2.o(.ARM.Collect$$libinit$$00000019)
    __rt_lib_init_preinit_1                  0x00000157   Thumb Code     0  libinit2.o(.ARM.Collect$$libinit$$00000004)
    __rt_lib_init_rand_1                     0x00000157   Thumb Code     0  libinit2.o(.ARM.Collect$$libinit$$0000000E)
    __rt_lib_init_return                     0x00000157   Thumb Code     0  libinit2.o(.ARM.Collect$$libinit$$00000033)
    __rt_lib_init_signal_1                   0x00000157   Thumb Code     0  libinit2.o(.ARM.Collect$$libinit$$0000001D)
    __rt_lib_init_stdio_1                    0x00000157   Thumb Code     0  libinit2.o(.ARM.Collect$$libinit$$00000025)
    __rt_lib_init_user_alloc_1               0x00000157   Thumb Code     0  libinit2.o(.ARM.Collect$$libinit$$0000000C)
    __rt_lib_shutdown                        0x00000159   Thumb Code     0  libshutdown.o(.ARM.Collect$$libshutdown$$00000000)
    __rt_lib_shutdown_cpp_1                  0x0000015b   Thumb Code     0  libshutdown2.o(.ARM.Collect$$libshutdown$$00000002)
    __rt_lib_shutdown_fp_trap_1              0x0000015b   Thumb Code     0  libshutdown2.o(.ARM.Collect$$libshutdown$$00000007)
    __rt_lib_shutdown_heap_1                 0x0000015b   Thumb Code     0  libshutdown2.o(.ARM.Collect$$libshutdown$$0000000F)
    __rt_lib_shutdown_return                 0x0000015b   Thumb Code     0  libshutdown2.o(.ARM.Collect$$libshutdown$$00000010)
    __rt_lib_shutdown_signal_1               0x0000015b   Thumb Code     0  libshutdown2.o(.ARM.Collect$$libshutdown$$0000000A)
    __rt_lib_shutdown_stdio_1                0x0000015b   Thumb Code     0  libshutdown2.o(.ARM.Collect$$libshutdown$$00000004)
    __rt_lib_shutdown_user_alloc_1           0x0000015b   Thumb Code     0  libshutdown2.o(.ARM.Collect$$libshutdown$$0000000C)
    __rt_entry                               0x0000015d   Thumb Code     0  __rtentry.o(.ARM.Collect$$rtentry$$00000000)
    __rt_entry_presh_1                       0x0000015d   Thumb Code     0  __rtentry2.o(.ARM.Collect$$rtentry$$00000002)
    __rt_entry_sh                            0x0000015d   Thumb Code     0  __rtentry4.o(.ARM.Collect$$rtentry$$00000004)
    __rt_entry_li                            0x00000163   Thumb Code     0  __rtentry2.o(.ARM.Collect$$rtentry$$0000000A)
    __rt_entry_postsh_1                      0x00000163   Thumb Code     0  __rtentry2.o(.ARM.Collect$$rtentry$$00000009)
    __rt_entry_main                          0x00000167   Thumb Code     0  __rtentry2.o(.ARM.Collect$$rtentry$$0000000D)
    __rt_entry_postli_1                      0x00000167   Thumb Code     0  __rtentry2.o(.ARM.Collect$$rtentry$$0000000C)
    __rt_exit                                0x0000016f   Thumb Code     0  rtexit.o(.ARM.Collect$$rtexit$$00000000)
    __rt_exit_ls                             0x00000171   Thumb Code     0  rtexit2.o(.ARM.Collect$$rtexit$$00000003)
    __rt_exit_prels_1                        0x00000171   Thumb Code     0  rtexit2.o(.ARM.Collect$$rtexit$$00000002)
    __rt_exit_exit                           0x00000175   Thumb Code     0  rtexit2.o(.ARM.Collect$$rtexit$$00000004)
    Reset_Handler                            0x0000017d   Thumb Code     4  startup_mspm0g350x_uvision.o(.text)
    NMI_Handler                              0x00000181   Thumb Code     2  startup_mspm0g350x_uvision.o(.text)
    HardFault_Handler                        0x00000183   Thumb Code     2  startup_mspm0g350x_uvision.o(.text)
    SVC_Handler                              0x00000185   Thumb Code     2  startup_mspm0g350x_uvision.o(.text)
    PendSV_Handler                           0x00000187   Thumb Code     2  startup_mspm0g350x_uvision.o(.text)
    SysTick_Handler                          0x00000189   Thumb Code     2  startup_mspm0g350x_uvision.o(.text)
    ADC0_IRQHandler                          0x0000018b   Thumb Code     0  startup_mspm0g350x_uvision.o(.text)
    ADC1_IRQHandler                          0x0000018b   Thumb Code     0  startup_mspm0g350x_uvision.o(.text)
    AES_IRQHandler                           0x0000018b   Thumb Code     0  startup_mspm0g350x_uvision.o(.text)
    CANFD0_IRQHandler                        0x0000018b   Thumb Code     0  startup_mspm0g350x_uvision.o(.text)
    DAC0_IRQHandler                          0x0000018b   Thumb Code     0  startup_mspm0g350x_uvision.o(.text)
    DMA_IRQHandler                           0x0000018b   Thumb Code     0  startup_mspm0g350x_uvision.o(.text)
    Default_Handler                          0x0000018b   Thumb Code     2  startup_mspm0g350x_uvision.o(.text)
    GROUP0_IRQHandler                        0x0000018b   Thumb Code     0  startup_mspm0g350x_uvision.o(.text)
    I2C0_IRQHandler                          0x0000018b   Thumb Code     0  startup_mspm0g350x_uvision.o(.text)
    I2C1_IRQHandler                          0x0000018b   Thumb Code     0  startup_mspm0g350x_uvision.o(.text)
    RTC_IRQHandler                           0x0000018b   Thumb Code     0  startup_mspm0g350x_uvision.o(.text)
    SPI0_IRQHandler                          0x0000018b   Thumb Code     0  startup_mspm0g350x_uvision.o(.text)
    SPI1_IRQHandler                          0x0000018b   Thumb Code     0  startup_mspm0g350x_uvision.o(.text)
    TIMA0_IRQHandler                         0x0000018b   Thumb Code     0  startup_mspm0g350x_uvision.o(.text)
    TIMA1_IRQHandler                         0x0000018b   Thumb Code     0  startup_mspm0g350x_uvision.o(.text)
    TIMG7_IRQHandler                         0x0000018b   Thumb Code     0  startup_mspm0g350x_uvision.o(.text)
    TIMG8_IRQHandler                         0x0000018b   Thumb Code     0  startup_mspm0g350x_uvision.o(.text)
    UART0_IRQHandler                         0x0000018b   Thumb Code     0  startup_mspm0g350x_uvision.o(.text)
    UART1_IRQHandler                         0x0000018b   Thumb Code     0  startup_mspm0g350x_uvision.o(.text)
    UART2_IRQHandler                         0x0000018b   Thumb Code     0  startup_mspm0g350x_uvision.o(.text)
    UART3_IRQHandler                         0x0000018b   Thumb Code     0  startup_mspm0g350x_uvision.o(.text)
    __user_initial_stackheap                 0x0000018d   Thumb Code    10  startup_mspm0g350x_uvision.o(.text)
    __2sprintf                               0x000001ad   Thumb Code    36  noretval__2sprintf.o(.text)
    _printf_int_dec                          0x000001d5   Thumb Code    90  _printf_dec.o(.text)
    __printf                                 0x00000241   Thumb Code   190  __printf_ss.o(.text)
    __use_two_region_memory                  0x000002ff   Thumb Code     2  heapauxi.o(.text)
    __rt_heap_escrow$2region                 0x00000301   Thumb Code     2  heapauxi.o(.text)
    __rt_heap_expand$2region                 0x00000303   Thumb Code     2  heapauxi.o(.text)
    __aeabi_dadd                             0x000005fd   Thumb Code     0  daddsub.o(.text)
    _dadd                                    0x000005fd   Thumb Code    26  daddsub.o(.text)
    __aeabi_dsub                             0x00000617   Thumb Code     0  daddsub.o(.text)
    _dsub                                    0x00000617   Thumb Code    22  daddsub.o(.text)
    __aeabi_drsub                            0x0000062d   Thumb Code     0  daddsub.o(.text)
    _drsb                                    0x0000062d   Thumb Code    28  daddsub.o(.text)
    __aeabi_ddiv                             0x0000065d   Thumb Code     0  ddiv.o(.text)
    _ddiv                                    0x0000065d   Thumb Code  1072  ddiv.o(.text)
    _drdiv                                   0x00000a8d   Thumb Code    20  ddiv.o(.text)
    __aeabi_d2uiz                            0x00000aa5   Thumb Code     0  dfixui.o(.text)
    _dfixu                                   0x00000aa5   Thumb Code    68  dfixui.o(.text)
    __aeabi_i2d_normalise                    0x00000aed   Thumb Code    66  dflti.o(.text)
    __aeabi_i2d                              0x00000b2f   Thumb Code    16  dflti.o(.text)
    _dflt                                    0x00000b2f   Thumb Code     0  dflti.o(.text)
    __aeabi_ui2d                             0x00000b3f   Thumb Code     6  dflti.o(.text)
    _dfltu                                   0x00000b3f   Thumb Code     0  dflti.o(.text)
    __aeabi_dmul                             0x00000b45   Thumb Code     0  dmul.o(.text)
    _dmul                                    0x00000b45   Thumb Code   558  dmul.o(.text)
    _printf_int_common                       0x00000d8d   Thumb Code   176  _printf_intcommon.o(.text)
    _printf_char_common                      0x00000e47   Thumb Code    32  _printf_char_common.o(.text)
    _sputc                                   0x00000e6d   Thumb Code    10  _sputc.o(.text)
    __rt_udiv10                              0x00000e77   Thumb Code    40  rtudiv10.o(.text)
    __fpl_dcmp_InfNaN                        0x00000ea1   Thumb Code   154  dcmpin.o(.text)
    __user_setup_stackheap                   0x00000f41   Thumb Code    62  sys_stackheap_outer.o(.text)
    exit                                     0x00000f7f   Thumb Code    16  exit.o(.text)
    __fpl_cmpreturn                          0x00000f8f   Thumb Code    46  cmpret.o(.text)
    __fpl_dcheck_NaN2                        0x00000fbd   Thumb Code    14  dnan2.o(.text)
    __user_libspace                          0x00000fd1   Thumb Code     8  libspace.o(.text)
    __user_perproc_libspace                  0x00000fd1   Thumb Code     0  libspace.o(.text)
    __user_perthread_libspace                0x00000fd1   Thumb Code     0  libspace.o(.text)
    __fpl_return_NaN                         0x00000fd9   Thumb Code    94  retnan.o(.text)
    _sys_exit                                0x00001039   Thumb Code     8  sys_exit.o(.text)
    __I$use$semihosting                      0x00001045   Thumb Code     0  use_no_semi.o(.text)
    __use_no_semihosting_swi                 0x00001045   Thumb Code     2  use_no_semi.o(.text)
    __semihosting_library_function           0x00001047   Thumb Code     0  indicate_semi.o(.text)
    GROUP1_IRQHandler                        0x00001049   Thumb Code   152  isrs.o(.text.GROUP1_IRQHandler)
    LED1_init                                0x000010e1   Thumb Code    84  leds.o(.text.LED1_init)
    LED1_set                                 0x00001135   Thumb Code    36  leds.o(.text.LED1_set)
    LED2_set                                 0x00001159   Thumb Code    76  leds.o(.text.LED2_set)
    S1_init                                  0x000011a5   Thumb Code    76  switches.o(.text.S1_init)
    S1_init_interrupt                        0x000011f1   Thumb Code    52  switches.o(.text.S1_init_interrupt)
    S2_init                                  0x00001225   Thumb Code    88  switches.o(.text.S2_init)
    S2_init_interrupt                        0x0000127d   Thumb Code    52  switches.o(.text.S2_init_interrupt)
    SYSCTL_SYSCLK_getULPCLK                  0x000012b1   Thumb Code    32  sysctl_1.o(.text.SYSCTL_SYSCLK_getULPCLK)
    TIMA0_PWM_DutyCycle                      0x000012d1   Thumb Code   188  timers.o(.text.TIMA0_PWM_DutyCycle)
    TIMA0_PWM_init                           0x0000138d   Thumb Code   592  timers.o(.text.TIMA0_PWM_init)
    TIMA1_PWM_init                           0x000015dd   Thumb Code   336  timers.o(.text.TIMA1_PWM_init)
    TIMG0_IRQHandler                         0x0000172d   Thumb Code    32  isrs.o(.text.TIMG0_IRQHandler)
    TIMG0_init                               0x0000174d   Thumb Code   132  timers.o(.text.TIMG0_init)
    TIMG12_IRQHandler                        0x000017d1   Thumb Code    68  isrs.o(.text.TIMG12_IRQHandler)
    TIMG12_init                              0x00001815   Thumb Code   124  timers.o(.text.TIMG12_init)
    TIMG6_IRQHandler                         0x00001891   Thumb Code    24  isrs.o(.text.TIMG6_IRQHandler)
    TIMG6_init                               0x000018a9   Thumb Code   136  timers.o(.text.TIMG6_init)
    UART0_init                               0x00001931   Thumb Code   228  uart.o(.text.UART0_init)
    UART0_put                                0x00001a15   Thumb Code    28  uart.o(.text.UART0_put)
    UART0_putchar                            0x00001a31   Thumb Code    24  uart.o(.text.UART0_putchar)
    main                                     0x00001a69   Thumb Code   348  main.o(.text.main)
    __aeabi_uidiv                            0x00001bc5   Thumb Code    68  aeabi_sdivfast.o(.text_divfast)
    __aeabi_idiv                             0x00001c09   Thumb Code   434  aeabi_sdivfast.o(.text_divfast)
    __aeabi_dcmple                           0x00001dbb   Thumb Code     0  dcmp.o(i._dleq)
    _dleq                                    0x00001dbb   Thumb Code    26  dcmp.o(i._dleq)
    __aeabi_cdcmple                          0x00001dd5   Thumb Code     0  dlef.o(x$fpl$dleqf)
    _dcmple                                  0x00001dd5   Thumb Code    94  dlef.o(x$fpl$dleqf)
    __I$use$fp                               0x00001e38   Number         0  usenofp.o(x$fpl$usenofp)
    Region$$Table$$Base                      0x00001eb8   Number         0  anon$$obj.o(Region$$Table)
    Region$$Table$$Limit                     0x00001ed8   Number         0  anon$$obj.o(Region$$Table)
    __libspace_start                         0x20200010   Data          96  libspace.o(.bss)
    __temporary_stack_top$libspace           0x20200070   Data           0  libspace.o(.bss)
    delayOver                                0x20200070   Data           4  isrs.o(.bss.delayOver)



==============================================================================

Memory Map of the image

  Image Entry point : 0x000000c1

  Load Region LR_IROM1 (Base: 0x00000000, Size: 0x00001ee8, Max: 0x00020000, ABSOLUTE)

    Execution Region ER_IROM1 (Exec base: 0x00000000, Load base: 0x00000000, Size: 0x00001ed8, Max: 0x00020000, ABSOLUTE)

    Exec Addr    Load Addr    Size         Type   Attr      Idx    E Section Name        Object

    0x00000000   0x00000000   0x000000c0   Data   RO            3    RESET               startup_mspm0g350x_uvision.o
    0x000000c0   0x000000c0   0x00000008   Code   RO          281  * !!!main             c_p.l(__main.o)
    0x000000c8   0x000000c8   0x0000003c   Code   RO          513    !!!scatter          c_p.l(__scatter.o)
    0x00000104   0x00000104   0x00000004   PAD
    0x00000108   0x00000108   0x0000001a   Code   RO          515    !!handler_copy      c_p.l(__scatter_copy.o)
    0x00000122   0x00000122   0x00000006   PAD
    0x00000128   0x00000128   0x0000001c   Code   RO          517    !!handler_zi        c_p.l(__scatter_zi.o)
    0x00000144   0x00000144   0x00000002   Code   RO          266    .ARM.Collect$$_printf_percent$$00000000  c_p.l(_printf_percent.o)
    0x00000146   0x00000146   0x0000000a   Code   RO          265    .ARM.Collect$$_printf_percent$$00000009  c_p.l(_printf_d.o)
    0x00000150   0x00000150   0x00000004   Code   RO          323    .ARM.Collect$$_printf_percent$$00000017  c_p.l(_printf_percent_end.o)
    0x00000154   0x00000154   0x00000002   Code   RO          370    .ARM.Collect$$libinit$$00000000  c_p.l(libinit.o)
    0x00000156   0x00000156   0x00000000   Code   RO          388    .ARM.Collect$$libinit$$00000002  c_p.l(libinit2.o)
    0x00000156   0x00000156   0x00000000   Code   RO          390    .ARM.Collect$$libinit$$00000004  c_p.l(libinit2.o)
    0x00000156   0x00000156   0x00000000   Code   RO          393    .ARM.Collect$$libinit$$0000000A  c_p.l(libinit2.o)
    0x00000156   0x00000156   0x00000000   Code   RO          395    .ARM.Collect$$libinit$$0000000C  c_p.l(libinit2.o)
    0x00000156   0x00000156   0x00000000   Code   RO          397    .ARM.Collect$$libinit$$0000000E  c_p.l(libinit2.o)
    0x00000156   0x00000156   0x00000000   Code   RO          400    .ARM.Collect$$libinit$$00000011  c_p.l(libinit2.o)
    0x00000156   0x00000156   0x00000000   Code   RO          402    .ARM.Collect$$libinit$$00000013  c_p.l(libinit2.o)
    0x00000156   0x00000156   0x00000000   Code   RO          404    .ARM.Collect$$libinit$$00000015  c_p.l(libinit2.o)
    0x00000156   0x00000156   0x00000000   Code   RO          406    .ARM.Collect$$libinit$$00000017  c_p.l(libinit2.o)
    0x00000156   0x00000156   0x00000000   Code   RO          408    .ARM.Collect$$libinit$$00000019  c_p.l(libinit2.o)
    0x00000156   0x00000156   0x00000000   Code   RO          410    .ARM.Collect$$libinit$$0000001B  c_p.l(libinit2.o)
    0x00000156   0x00000156   0x00000000   Code   RO          412    .ARM.Collect$$libinit$$0000001D  c_p.l(libinit2.o)
    0x00000156   0x00000156   0x00000000   Code   RO          414    .ARM.Collect$$libinit$$0000001F  c_p.l(libinit2.o)
    0x00000156   0x00000156   0x00000000   Code   RO          416    .ARM.Collect$$libinit$$00000021  c_p.l(libinit2.o)
    0x00000156   0x00000156   0x00000000   Code   RO          418    .ARM.Collect$$libinit$$00000023  c_p.l(libinit2.o)
    0x00000156   0x00000156   0x00000000   Code   RO          420    .ARM.Collect$$libinit$$00000025  c_p.l(libinit2.o)
    0x00000156   0x00000156   0x00000000   Code   RO          424    .ARM.Collect$$libinit$$0000002C  c_p.l(libinit2.o)
    0x00000156   0x00000156   0x00000000   Code   RO          426    .ARM.Collect$$libinit$$0000002E  c_p.l(libinit2.o)
    0x00000156   0x00000156   0x00000000   Code   RO          428    .ARM.Collect$$libinit$$00000030  c_p.l(libinit2.o)
    0x00000156   0x00000156   0x00000000   Code   RO          430    .ARM.Collect$$libinit$$00000032  c_p.l(libinit2.o)
    0x00000156   0x00000156   0x00000002   Code   RO          431    .ARM.Collect$$libinit$$00000033  c_p.l(libinit2.o)
    0x00000158   0x00000158   0x00000002   Code   RO          468    .ARM.Collect$$libshutdown$$00000000  c_p.l(libshutdown.o)
    0x0000015a   0x0000015a   0x00000000   Code   RO          496    .ARM.Collect$$libshutdown$$00000002  c_p.l(libshutdown2.o)
    0x0000015a   0x0000015a   0x00000000   Code   RO          498    .ARM.Collect$$libshutdown$$00000004  c_p.l(libshutdown2.o)
    0x0000015a   0x0000015a   0x00000000   Code   RO          501    .ARM.Collect$$libshutdown$$00000007  c_p.l(libshutdown2.o)
    0x0000015a   0x0000015a   0x00000000   Code   RO          504    .ARM.Collect$$libshutdown$$0000000A  c_p.l(libshutdown2.o)
    0x0000015a   0x0000015a   0x00000000   Code   RO          506    .ARM.Collect$$libshutdown$$0000000C  c_p.l(libshutdown2.o)
    0x0000015a   0x0000015a   0x00000000   Code   RO          509    .ARM.Collect$$libshutdown$$0000000F  c_p.l(libshutdown2.o)
    0x0000015a   0x0000015a   0x00000002   Code   RO          510    .ARM.Collect$$libshutdown$$00000010  c_p.l(libshutdown2.o)
    0x0000015c   0x0000015c   0x00000000   Code   RO          312    .ARM.Collect$$rtentry$$00000000  c_p.l(__rtentry.o)
    0x0000015c   0x0000015c   0x00000000   Code   RO          336    .ARM.Collect$$rtentry$$00000002  c_p.l(__rtentry2.o)
    0x0000015c   0x0000015c   0x00000006   Code   RO          348    .ARM.Collect$$rtentry$$00000004  c_p.l(__rtentry4.o)
    0x00000162   0x00000162   0x00000000   Code   RO          338    .ARM.Collect$$rtentry$$00000009  c_p.l(__rtentry2.o)
    0x00000162   0x00000162   0x00000004   Code   RO          339    .ARM.Collect$$rtentry$$0000000A  c_p.l(__rtentry2.o)
    0x00000166   0x00000166   0x00000000   Code   RO          341    .ARM.Collect$$rtentry$$0000000C  c_p.l(__rtentry2.o)
    0x00000166   0x00000166   0x00000008   Code   RO          342    .ARM.Collect$$rtentry$$0000000D  c_p.l(__rtentry2.o)
    0x0000016e   0x0000016e   0x00000002   Code   RO          379    .ARM.Collect$$rtexit$$00000000  c_p.l(rtexit.o)
    0x00000170   0x00000170   0x00000000   Code   RO          439    .ARM.Collect$$rtexit$$00000002  c_p.l(rtexit2.o)
    0x00000170   0x00000170   0x00000004   Code   RO          440    .ARM.Collect$$rtexit$$00000003  c_p.l(rtexit2.o)
    0x00000174   0x00000174   0x00000006   Code   RO          441    .ARM.Collect$$rtexit$$00000004  c_p.l(rtexit2.o)
    0x0000017a   0x0000017a   0x00000002   PAD
    0x0000017c   0x0000017c   0x00000030   Code   RO            4    .text               startup_mspm0g350x_uvision.o
    0x000001ac   0x000001ac   0x00000028   Code   RO          239    .text               c_p.l(noretval__2sprintf.o)
    0x000001d4   0x000001d4   0x0000006c   Code   RO          243    .text               c_p.l(_printf_dec.o)
    0x00000240   0x00000240   0x000000be   Code   RO          248    .text               c_p.l(__printf_ss.o)
    0x000002fe   0x000002fe   0x00000006   Code   RO          279    .text               c_p.l(heapauxi.o)
    0x00000304   0x00000304   0x00000358   Code   RO          283    .text               fz_ps.l(daddsub.o)
    0x0000065c   0x0000065c   0x00000448   Code   RO          297    .text               fz_ps.l(ddiv.o)
    0x00000aa4   0x00000aa4   0x00000048   Code   RO          302    .text               fz_ps.l(dfixui.o)
    0x00000aec   0x00000aec   0x00000058   Code   RO          304    .text               fz_ps.l(dflti.o)
    0x00000b44   0x00000b44   0x00000248   Code   RO          306    .text               fz_ps.l(dmul.o)
    0x00000d8c   0x00000d8c   0x000000b0   Code   RO          317    .text               c_p.l(_printf_intcommon.o)
    0x00000e3c   0x00000e3c   0x00000030   Code   RO          319    .text               c_p.l(_printf_char_common.o)
    0x00000e6c   0x00000e6c   0x0000000a   Code   RO          321    .text               c_p.l(_sputc.o)
    0x00000e76   0x00000e76   0x00000028   Code   RO          324    .text               c_p.l(rtudiv10.o)
    0x00000e9e   0x00000e9e   0x00000002   PAD
    0x00000ea0   0x00000ea0   0x000000a0   Code   RO          354    .text               fz_ps.l(dcmpin.o)
    0x00000f40   0x00000f40   0x0000003e   Code   RO          356    .text               c_p.l(sys_stackheap_outer.o)
    0x00000f7e   0x00000f7e   0x00000010   Code   RO          359    .text               c_p.l(exit.o)
    0x00000f8e   0x00000f8e   0x0000002e   Code   RO          371    .text               fz_ps.l(cmpret.o)
    0x00000fbc   0x00000fbc   0x00000014   Code   RO          373    .text               fz_ps.l(dnan2.o)
    0x00000fd0   0x00000fd0   0x00000008   Code   RO          375    .text               c_p.l(libspace.o)
    0x00000fd8   0x00000fd8   0x0000005e   Code   RO          432    .text               fz_ps.l(retnan.o)
    0x00001036   0x00001036   0x00000002   PAD
    0x00001038   0x00001038   0x0000000c   Code   RO          434    .text               c_p.l(sys_exit.o)
    0x00001044   0x00001044   0x00000002   Code   RO          457    .text               c_p.l(use_no_semi.o)
    0x00001046   0x00001046   0x00000000   Code   RO          459    .text               c_p.l(indicate_semi.o)
    0x00001046   0x00001046   0x00000002   PAD
    0x00001048   0x00001048   0x00000098   Code   RO          215    .text.GROUP1_IRQHandler  isrs.o
    0x000010e0   0x000010e0   0x00000054   Code   RO           48    .text.LED1_init     leds.o
    0x00001134   0x00001134   0x00000024   Code   RO           52    .text.LED1_set      leds.o
    0x00001158   0x00001158   0x0000004c   Code   RO           54    .text.LED2_set      leds.o
    0x000011a4   0x000011a4   0x0000004c   Code   RO           64    .text.S1_init       switches.o
    0x000011f0   0x000011f0   0x00000034   Code   RO           72    .text.S1_init_interrupt  switches.o
    0x00001224   0x00001224   0x00000058   Code   RO           66    .text.S2_init       switches.o
    0x0000127c   0x0000127c   0x00000034   Code   RO           76    .text.S2_init_interrupt  switches.o
    0x000012b0   0x000012b0   0x00000020   Code   RO           25    .text.SYSCTL_SYSCLK_getULPCLK  sysctl_1.o
    0x000012d0   0x000012d0   0x000000bc   Code   RO          203    .text.TIMA0_PWM_DutyCycle  timers.o
    0x0000138c   0x0000138c   0x00000250   Code   RO          199    .text.TIMA0_PWM_init  timers.o
    0x000015dc   0x000015dc   0x00000150   Code   RO          201    .text.TIMA1_PWM_init  timers.o
    0x0000172c   0x0000172c   0x00000020   Code   RO          217    .text.TIMG0_IRQHandler  isrs.o
    0x0000174c   0x0000174c   0x00000084   Code   RO          191    .text.TIMG0_init    timers.o
    0x000017d0   0x000017d0   0x00000044   Code   RO          221    .text.TIMG12_IRQHandler  isrs.o
    0x00001814   0x00001814   0x0000007c   Code   RO          197    .text.TIMG12_init   timers.o
    0x00001890   0x00001890   0x00000018   Code   RO          219    .text.TIMG6_IRQHandler  isrs.o
    0x000018a8   0x000018a8   0x00000088   Code   RO          195    .text.TIMG6_init    timers.o
    0x00001930   0x00001930   0x000000e4   Code   RO           85    .text.UART0_init    uart.o
    0x00001a14   0x00001a14   0x0000001c   Code   RO           91    .text.UART0_put     uart.o
    0x00001a30   0x00001a30   0x00000018   Code   RO           87    .text.UART0_putchar  uart.o
    0x00001a48   0x00001a48   0x00000008   Code   RO           74    .text.__NVIC_EnableIRQ  switches.o
    0x00001a50   0x00001a50   0x00000018   Code   RO          193    .text.__NVIC_EnableIRQ  timers.o
    0x00001a68   0x00001a68   0x0000015c   Code   RO           11    .text.main          main.o
    0x00001bc4   0x00001bc4   0x000001f6   Code   RO          272    .text_divfast       c_p.l(aeabi_sdivfast.o)
    0x00001dba   0x00001dba   0x0000001a   Code   RO          288    i._dleq             fz_ps.l(dcmp.o)
    0x00001dd4   0x00001dd4   0x00000064   Code   RO          330    x$fpl$dleqf         fz_ps.l(dlef.o)
    0x00001e38   0x00001e38   0x00000000   Code   RO          334    x$fpl$usenofp       fz_ps.l(usenofp.o)
    0x00001e38   0x00001e38   0x00000080   Data   RO          298    .constdata          fz_ps.l(ddiv.o)
    0x00001eb8   0x00001eb8   0x00000020   Data   RO          512    Region$$Table       anon$$obj.o


    Execution Region RW_IRAM2 (Exec base: 0x20200000, Load base: 0x00001ed8, Size: 0x00000480, Max: 0x00008000, ABSOLUTE)

    Exec Addr    Load Addr    Size         Type   Attr      Idx    E Section Name        Object

    0x20200000   0x00001ed8   0x00000004   Data   RW           27    .data.SystemMasterClock  sysctl_1.o
    0x20200004   0x00001edc   0x00000004   PAD
    0x20200008   0x00001ee0   0x00000008   Data   RW           13    .data.duty          main.o
    0x20200010        -       0x00000060   Zero   RW          376    .bss                c_p.l(libspace.o)
    0x20200070        -       0x00000004   Zero   RW          225    .bss.delayOver      isrs.o
    0x20200074        -       0x00000004   Zero   RW          227    .bss.timeElapsed    isrs.o
    0x20200078        -       0x00000001   Zero   RW          226    .bss.timerOn        isrs.o
    0x20200079   0x00001ee8   0x00000007   PAD
    0x20200080        -       0x00000200   Zero   RW            2    HEAP                startup_mspm0g350x_uvision.o
    0x20200280        -       0x00000200   Zero   RW            1    STACK               startup_mspm0g350x_uvision.o



  Load Region LR_BCR (Base: 0x41c00000, Size: 0x00000000, Max: 0x00000100, ABSOLUTE)

    Execution Region BCR_CONFIG (Exec base: 0x41c00000, Load base: 0x41c00000, Size: 0x00000000, Max: 0x00000080, ABSOLUTE)

    **** No section assigned to this execution region ****



  Load Region LR_BSL (Base: 0x41c00100, Size: 0x00000000, Max: 0x00000100, ABSOLUTE)

    Execution Region BSL_CONFIG (Exec base: 0x41c00100, Load base: 0x41c00100, Size: 0x00000000, Max: 0x00000080, ABSOLUTE)

    **** No section assigned to this execution region ****


==============================================================================

Image component sizes


      Code (inc. data)   RO Data    RW Data    ZI Data      Debug   Object Name

       276         56          0          0          9       4556   isrs.o
       196         16          0          0          0       5572   leds.o
       348         72          0          8          0       3386   main.o
        48         22        192          0       1024        792   startup_mspm0g350x_uvision.o
       276         36          0          0          0       6861   switches.o
        32          8          0          4          0       3998   sysctl_1.o
      1532        228          0          0          0      11150   timers.o
       280         40          0          0          0       5424   uart.o

    ----------------------------------------------------------------------
      2988        478        224         16       1040      41739   Object Totals
         0          0         32          0          0          0   (incl. Generated)
         0          0          0          4          7          0   (incl. Padding)

    ----------------------------------------------------------------------

      Code (inc. data)   RO Data    RW Data    ZI Data      Debug   Library Member Name

         8          0          0          0          0         68   __main.o
       190          0          0          0          0         76   __printf_ss.o
         0          0          0          0          0          0   __rtentry.o
        12          0          0          0          0          0   __rtentry2.o
         6          0          0          0          0          0   __rtentry4.o
        60          8          0          0          0          0   __scatter.o
        26          0          0          0          0          0   __scatter_copy.o
        28          0          0          0          0          0   __scatter_zi.o
        48          6          0          0          0         88   _printf_char_common.o
        10          0          0          0          0          0   _printf_d.o
       108         18          0          0          0         76   _printf_dec.o
       176          0          0          0          0         84   _printf_intcommon.o
         2          0          0          0          0          0   _printf_percent.o
         4          0          0          0          0          0   _printf_percent_end.o
        10          0          0          0          0         60   _sputc.o
       502          0          0          0          0         92   aeabi_sdivfast.o
        16          0          0          0          0         68   exit.o
         6          0          0          0          0        136   heapauxi.o
         0          0          0          0          0          0   indicate_semi.o
         2          0          0          0          0          0   libinit.o
         2          0          0          0          0          0   libinit2.o
         2          0          0          0          0          0   libshutdown.o
         2          0          0          0          0          0   libshutdown2.o
         8          4          0          0         96         68   libspace.o
        40          4          0          0          0         84   noretval__2sprintf.o
         2          0          0          0          0          0   rtexit.o
        10          0          0          0          0          0   rtexit2.o
        40          0          0          0          0         60   rtudiv10.o
        12          4          0          0          0         60   sys_exit.o
        62          0          0          0          0         80   sys_stackheap_outer.o
         2          0          0          0          0         68   use_no_semi.o
        46          0          0          0          0         60   cmpret.o
       856         20          0          0          0        208   daddsub.o
        26          0          0          0          0         68   dcmp.o
       160          6          0          0          0         76   dcmpin.o
      1096         26        128          0          0        112   ddiv.o
        72          4          0          0          0         68   dfixui.o
        88          0          0          0          0         92   dflti.o
       100          4          0          0          0         92   dlef.o
       584         26          0          0          0         84   dmul.o
        20          6          0          0          0         68   dnan2.o
        94          0          0          0          0         68   retnan.o
         0          0          0          0          0          0   usenofp.o

    ----------------------------------------------------------------------
      4556        140        128          0         96       2164   Library Totals
        18          4          0          0          0          0   (incl. Padding)

    ----------------------------------------------------------------------

      Code (inc. data)   RO Data    RW Data    ZI Data      Debug   Library Name

      1396         44          0          0         96       1168   c_p.l
      3142         92        128          0          0        996   fz_ps.l

    ----------------------------------------------------------------------
      4556        140        128          0         96       2164   Library Totals

    ----------------------------------------------------------------------

==============================================================================


      Code (inc. data)   RO Data    RW Data    ZI Data      Debug   

      7544        618        352         16       1136      42863   Grand Totals
      7544        618        352         16       1136      42863   ELF Image Totals
      7544        618        352         16          0          0   ROM Totals

==============================================================================

    Total RO  Size (Code + RO Data)                 7896 (   7.71kB)
    Total RW  Size (RW Data + ZI Data)              1152 (   1.13kB)
    Total ROM Size (Code + RO Data + RW Data)       7912 (   7.73kB)

==============================================================================

