Component: ARM Compiler 6.14 Tool: armlink [5db06800]

==============================================================================

Section Cross References

    main.o(.text.main) refers to uart.o(.text.UART0_init) for UART0_init
    main.o(.text.main) refers to adc12.o(.text.ADC0_init) for ADC0_init
    main.o(.text.main) refers to timers_1.o(.text.TIMG6_init) for TIMG6_init
    main.o(.text.main) refers to adc12.o(.text.ADC0_getVal) for ADC0_getVal
    main.o(.text.main) refers to uart.o(.text.UART0_put) for UART0_put
    main.o(.text.main) refers to uart_extras.o(.text.UART0_printDec) for UART0_printDec
    main.o(.text.main) refers to aeabi_sdivfast.o(.text_divfast) for __aeabi_idiv
    main.o(.text.main) refers to main.o(.rodata.str1.1) for .L.str.1
    main.o(.text.main) refers to main.o(.bss.low_counter) for [Anonymous Symbol]
    main.o(.text.main) refers to main.o(.bss.heart_rate) for [Anonymous Symbol]
    main.o(.ARM.exidx.text.main) refers to main.o(.text.main) for [Anonymous Symbol]
    startup_mspm0g350x_uvision.o(STACK) refers (Special) to heapauxi.o(.text) for __use_two_region_memory
    startup_mspm0g350x_uvision.o(HEAP) refers (Special) to heapauxi.o(.text) for __use_two_region_memory
    startup_mspm0g350x_uvision.o(RESET) refers (Special) to heapauxi.o(.text) for __use_two_region_memory
    startup_mspm0g350x_uvision.o(RESET) refers to startup_mspm0g350x_uvision.o(STACK) for __initial_sp
    startup_mspm0g350x_uvision.o(RESET) refers to startup_mspm0g350x_uvision.o(.text) for Reset_Handler
    startup_mspm0g350x_uvision.o(RESET) refers to isrs.o(.text.GROUP1_IRQHandler) for GROUP1_IRQHandler
    startup_mspm0g350x_uvision.o(RESET) refers to isrs.o(.text.TIMG0_IRQHandler) for TIMG0_IRQHandler
    startup_mspm0g350x_uvision.o(RESET) refers to isrs.o(.text.TIMG6_IRQHandler) for TIMG6_IRQHandler
    startup_mspm0g350x_uvision.o(RESET) refers to isrs.o(.text.TIMG12_IRQHandler) for TIMG12_IRQHandler
    startup_mspm0g350x_uvision.o(.text) refers (Special) to heapauxi.o(.text) for __use_two_region_memory
    startup_mspm0g350x_uvision.o(.text) refers to __main.o(!!!main) for __main
    startup_mspm0g350x_uvision.o(.text) refers to startup_mspm0g350x_uvision.o(HEAP) for Heap_Mem
    startup_mspm0g350x_uvision.o(.text) refers to startup_mspm0g350x_uvision.o(STACK) for Stack_Mem
    sysctl.o(.text.SYSCTL_SYSCLK_set) refers to sysctl.o(.data.SystemMasterClock) for [Anonymous Symbol]
    sysctl.o(.ARM.exidx.text.SYSCTL_SYSCLK_set) refers to sysctl.o(.text.SYSCTL_SYSCLK_set) for [Anonymous Symbol]
    sysctl.o(.text.SYSCTL_SYSCLK_getMCLK) refers to sysctl.o(.data.SystemMasterClock) for [Anonymous Symbol]
    sysctl.o(.ARM.exidx.text.SYSCTL_SYSCLK_getMCLK) refers to sysctl.o(.text.SYSCTL_SYSCLK_getMCLK) for [Anonymous Symbol]
    sysctl.o(.text.SYSCTL_SYSCLK_getULPCLK) refers to sysctl.o(.data.SystemMasterClock) for [Anonymous Symbol]
    sysctl.o(.ARM.exidx.text.SYSCTL_SYSCLK_getULPCLK) refers to sysctl.o(.text.SYSCTL_SYSCLK_getULPCLK) for [Anonymous Symbol]
    uart_extras.o(.text.UART0_printDec) refers to aeabi_sdivfast.o(.text_divfast) for __aeabi_idiv
    uart_extras.o(.text.UART0_printDec) refers to uart.o(.text.UART0_put) for UART0_put
    uart_extras.o(.ARM.exidx.text.UART0_printDec) refers to uart_extras.o(.text.UART0_printDec) for [Anonymous Symbol]
    uart_extras.o(.text.UART0_printFloat) refers to dcmp.o(i._dgeq) for __aeabi_dcmpge
    uart_extras.o(.text.UART0_printFloat) refers to uart.o(.text.UART0_putchar) for UART0_putchar
    uart_extras.o(.text.UART0_printFloat) refers to dfixi.o(.text) for __aeabi_d2iz
    uart_extras.o(.text.UART0_printFloat) refers to uart_extras.o(.text.UART0_printDec) for UART0_printDec
    uart_extras.o(.text.UART0_printFloat) refers to dflti.o(.text) for __aeabi_i2d
    uart_extras.o(.text.UART0_printFloat) refers to daddsub.o(.text) for __aeabi_dsub
    uart_extras.o(.text.UART0_printFloat) refers to dcmp.o(i._dleq) for __aeabi_dcmple
    uart_extras.o(.text.UART0_printFloat) refers to dmul.o(.text) for __aeabi_dmul
    uart_extras.o(.ARM.exidx.text.UART0_printFloat) refers to uart_extras.o(.text.UART0_printFloat) for [Anonymous Symbol]
    isrs.o(.text) refers (Special) to _printf_d.o(.ARM.Collect$$_printf_percent$$00000009) for _printf_d
    isrs.o(.text) refers (Special) to _printf_dec.o(.text) for _printf_int_dec
    isrs.o(.text) refers (Special) to _printf_percent.o(.ARM.Collect$$_printf_percent$$00000000) for _printf_percent
    isrs.o(.text.GROUP1_IRQHandler) refers (Special) to _printf_d.o(.ARM.Collect$$_printf_percent$$00000009) for _printf_d
    isrs.o(.text.GROUP1_IRQHandler) refers (Special) to _printf_dec.o(.text) for _printf_int_dec
    isrs.o(.text.GROUP1_IRQHandler) refers (Special) to _printf_percent.o(.ARM.Collect$$_printf_percent$$00000000) for _printf_percent
    isrs.o(.text.GROUP1_IRQHandler) refers to leds.o(.text.LED1_set) for LED1_set
    isrs.o(.text.GROUP1_IRQHandler) refers to leds.o(.text.LED2_set) for LED2_set
[...]
    adc12.o(.ARM.exidx.text.ADC0_getVal) refers to adc12.o(.text.ADC0_getVal) for [Anonymous Symbol]
    camera.o(.text.init_CLK) refers to timers_1.o(.text.TIMG0_init) for TIMG0_init
    camera.o(.ARM.exidx.text.init_CLK) refers to camera.o(.text.init_CLK) for [Anonymous Symbol]
    camera.o(.text.init_SI) refers to timers_1.o(.text.TIMG6_init) for TIMG6_init
    camera.o(.ARM.exidx.text.init_SI) refers to camera.o(.text.init_SI) for [Anonymous Symbol]
    camera.o(.text.Camera_init) refers to camera.o(.text.init_CLK) for init_CLK
    camera.o(.text.Camera_init) refers to camera.o(.text.init_SI) for init_SI
    camera.o(.text.Camera_init) refers to isrs.o(.bss.cameraData_complete) for cameraData_complete
    camera.o(.text.Camera_init) refers to isrs.o(.bss.pixelCounter) for pixelCounter
    camera.o(.ARM.exidx.text.Camera_init) refers to camera.o(.text.Camera_init) for [Anonymous Symbol]
    camera.o(.text.Camera_isDataReady) refers to isrs.o(.bss.cameraData_complete) for cameraData_complete
    camera.o(.ARM.exidx.text.Camera_isDataReady) refers to camera.o(.text.Camera_isDataReady) for [Anonymous Symbol]
    camera.o(.text.Camera_getData) refers to isrs.o(.bss.cameraData_complete) for cameraData_complete
    camera.o(.text.Camera_getData) refers to isrs.o(.bss.cameraData) for cameraData
    camera.o(.ARM.exidx.text.Camera_getData) refers to camera.o(.text.Camera_getData) for [Anonymous Symbol]
    switches.o(.ARM.exidx.text.S1_init) refers to switches.o(.text.S1_init) for [Anonymous Symbol]
    switches.o(.ARM.exidx.text.S2_init) refers to switches.o(.text.S2_init) for [Anonymous Symbol]
    switches.o(.ARM.exidx.text.S1_pressed) refers to switches.o(.text.S1_pressed) for [Anonymous Symbol]
    switches.o(.ARM.exidx.text.S2_pressed) refers to switches.o(.text.S2_pressed) for [Anonymous Symbol]
    switches.o(.text.S1_init_interrupt) refers to switches.o(.text.S1_init) for S1_init
    switches.o(.text.S1_init_interrupt) refers to switches.o(.text.__NVIC_EnableIRQ) for __NVIC_EnableIRQ
    switches.o(.ARM.exidx.text.S1_init_interrupt) refers to switches.o(.text.S1_init_interrupt) for [Anonymous Symbol]
    switches.o(.ARM.exidx.text.__NVIC_EnableIRQ) refers to switches.o(.text.__NVIC_EnableIRQ) for [Anonymous Symbol]
    switches.o(.text.S2_init_interrupt) refers to switches.o(.text.S2_init) for S2_init
    switches.o(.text.S2_init_interrupt) refers to switches.o(.text.__NVIC_EnableIRQ) for __NVIC_EnableIRQ
    switches.o(.ARM.exidx.text.S2_init_interrupt) refers to switches.o(.text.S2_init_interrupt) for [Anonymous Symbol]
    uart.o(.text.UART0_init) refers to sysctl.o(.text.SYSCTL_SYSCLK_getULPCLK) for SYSCTL_SYSCLK_getULPCLK
    uart.o(.text.UART0_init) refers to dflti.o(.text) for __aeabi_ui2d
    uart.o(.text.UART0_init) refers to ddiv.o(.text) for __aeabi_ddiv
    uart.o(.text.UART0_init) refers to dfixui.o(.text) for __aeabi_d2uiz
    uart.o(.text.UART0_init) refers to daddsub.o(.text) for __aeabi_dsub
    uart.o(.text.UART0_init) refers to dmul.o(.text) for __aeabi_dmul
    uart.o(.ARM.exidx.text.UART0_init) refers to uart.o(.text.UART0_init) for [Anonymous Symbol]
    uart.o(.ARM.exidx.text.UART0_putchar) refers to uart.o(.text.UART0_putchar) for [Anonymous Symbol]
    uart.o(.ARM.exidx.text.UART0_getchar) refers to uart.o(.text.UART0_getchar) for [Anonymous Symbol]
    uart.o(.text.UART0_put) refers to uart.o(.text.UART0_putchar) for UART0_putchar
    uart.o(.ARM.exidx.text.UART0_put) refers to uart.o(.text.UART0_put) for [Anonymous Symbol]
    uart.o(.text.UART1_init) refers to sysctl.o(.text.SYSCTL_SYSCLK_getULPCLK) for SYSCTL_SYSCLK_getULPCLK
    uart.o(.text.UART1_init) refers to dflti.o(.text) for __aeabi_ui2d
    uart.o(.text.UART1_init) refers to ddiv.o(.text) for __aeabi_ddiv
    uart.o(.text.UART1_init) refers to dfixui.o(.text) for __aeabi_d2uiz
    uart.o(.text.UART1_init) refers to daddsub.o(.text) for __aeabi_dsub
    uart.o(.text.UART1_init) refers to dmul.o(.text) for __aeabi_dmul
    uart.o(.ARM.exidx.text.UART1_init) refers to uart.o(.text.UART1_init) for [Anonymous Symbol]
    uart.o(.ARM.exidx.text.UART1_putchar) refers to uart.o(.text.UART1_putchar) for [Anonymous Symbol]
    uart.o(.ARM.exidx.text.UART1_getchar) refers to uart.o(.text.UART1_getchar) for [Anonymous Symbol]
    uart.o(.text.UART1_put) refers to uart.o(.text.UART1_putchar) for UART1_putchar
    uart.o(.ARM.exidx.text.UART1_put) refers to uart.o(.text.UART1_put) for [Anonymous Symbol]
    leds.o(.ARM.exidx.text.LED1_init) refers to leds.o(.text.LED1_init) for [Anonymous Symbol]
    leds.o(.ARM.exidx.text.LED2_init) refers to leds.o(.text.LED2_init) for [Anonymous Symbol]
    leds.o(.ARM.exidx.text.LED1_set) refers to leds.o(.text.LED1_set) for [Anonymous Symbol]
    leds.o(.ARM.exidx.text.LED2_set) refers to leds.o(.text.LED2_set) for [Anonymous Symbol]
    motor.o(.ARM.exidx.text.Stepper_Motor_Init) refers to motor.o(.text.Stepper_Motor_Init) for [Anonymous Symbol]
    motor.o(.text.Stepper_Motor_Step) refers to motor.o(.bss.phase) for [Anonymous Symbol]
    motor.o(.ARM.exidx.text.Stepper_Motor_Step) refers to motor.o(.text.Stepper_Motor_Step) for [Anonymous Symbol]
    servo.o(.text.Servo_Init) refers to timers_1.o(.text.TIMA1_PWM_init) for TIMA1_PWM_init
    servo.o(.ARM.exidx.text.Servo_Init) refers to servo.o(.text.Servo_Init) for [Anonymous Symbol]
    servo.o(.text.Servo_Set_Pulse_ms) refers to dcmp.o(i._dls) for __aeabi_dcmplt
    servo.o(.text.Servo_Set_Pulse_ms) refers to dcmp.o(i._dgr) for __aeabi_dcmpgt
    servo.o(.text.Servo_Set_Pulse_ms) refers to ddiv.o(.text) for __aeabi_ddiv
    servo.o(.text.Servo_Set_Pulse_ms) refers to daddsub.o(.text) for __aeabi_dadd
    servo.o(.text.Servo_Set_Pulse_ms) refers to timers_1.o(.text.TIMA1_PWM_DutyCycle) for TIMA1_PWM_DutyCycle
    servo.o(.ARM.exidx.text.Servo_Set_Pulse_ms) refers to servo.o(.text.Servo_Set_Pulse_ms) for [Anonymous Symbol]
    servo.o(.text.Servo_Set_Position) refers to dflti.o(.text) for __aeabi_i2d
    servo.o(.text.Servo_Set_Position) refers to ddiv.o(.text) for __aeabi_ddiv
    servo.o(.text.Servo_Set_Position) refers to dmul.o(.text) for __aeabi_dmul
    servo.o(.text.Servo_Set_Position) refers to daddsub.o(.text) for __aeabi_dadd
    servo.o(.text.Servo_Set_Position) refers to servo.o(.text.Servo_Set_Pulse_ms) for Servo_Set_Pulse_ms
    servo.o(.ARM.exidx.text.Servo_Set_Position) refers to servo.o(.text.Servo_Set_Position) for [Anonymous Symbol]
    __2sprintf.o(.text) refers to _printf_char_common.o(.text) for _printf_char_common
    __2sprintf.o(.text) refers to _sputc.o(.text) for _sputc
    noretval__2sprintf.o(.text) refers to _printf_char_common.o(.text) for _printf_char_common
    noretval__2sprintf.o(.text) refers to _sputc.o(.text) for _sputc
    __printf.o(.text) refers to _printf_percent.o(.ARM.Collect$$_printf_percent$$00000000) for _printf_percent
    _printf_dec.o(.text) refers to rtudiv10.o(.text) for __rt_udiv10
    _printf_dec.o(.text) refers to _printf_intcommon.o(.text) for _printf_int_common
    __printf_flags.o(.text) refers to _printf_percent.o(.ARM.Collect$$_printf_percent$$00000000) for _printf_percent
    __printf_flags.o(.text) refers to __printf_flags.o(.constdata) for .constdata
    __printf_ss.o(.text) refers to _printf_percent.o(.ARM.Collect$$_printf_percent$$00000000) for _printf_percent
    __printf_flags_ss.o(.text) refers to _printf_percent.o(.ARM.Collect$$_printf_percent$$00000000) for _printf_percent
    __printf_flags_ss.o(.text) refers to __printf_flags_ss.o(.constdata) for .constdata
    __printf_wp.o(.text) refers to __printf_wp.o(i._is_digit) for _is_digit
    __printf_wp.o(.text) refers to _printf_percent.o(.ARM.Collect$$_printf_percent$$00000000) for _printf_percent
    __printf_flags_wp.o(.text) refers to __printf_wp.o(i._is_digit) for _is_digit
    __printf_flags_wp.o(.text) refers to _printf_percent.o(.ARM.Collect$$_printf_percent$$00000000) for _printf_percent
    __printf_flags_wp.o(.text) refers to __printf_flags_wp.o(.constdata) for .constdata
    __printf_ss_wp.o(.text) refers to __printf_wp.o(i._is_digit) for _is_digit
    __printf_ss_wp.o(.text) refers to _printf_percent.o(.ARM.Collect$$_printf_percent$$00000000) for _printf_percent
    __printf_flags_ss_wp.o(.text) refers to __printf_wp.o(i._is_digit) for _is_digit
    __printf_flags_ss_wp.o(.text) refers to _printf_percent.o(.ARM.Collect$$_printf_percent$$00000000) for _printf_percent
    __printf_flags_ss_wp.o(.text) refers to __printf_flags_ss_wp.o(.constdata) for .constdata
    _printf_d.o(.ARM.Collect$$_printf_percent$$00000009) refers (Weak) to _printf_dec.o(.text) for _printf_int_dec
    _printf_percent.o(.ARM.Collect$$_printf_percent$$00000000) refers (Special) to _printf_percent_end.o(.ARM.Collect$$_printf_percent$$00000017) for _printf_percent_end
    __main.o(!!!main) refers to __rtentry.o(.ARM.Collect$$rtentry$$00000000) for __rt_entry
    daddsub.o(.text) refers (Special) to usenofp.o(x$fpl$usenofp) for __I$use$fp
    dcmp.o(i._deq) refers (Special) to usenofp.o(x$fpl$usenofp) for __I$use$fp
    dcmp.o(i._deq) refers to deqf.o(x$fpl$deqf) for _dcmpeq
    dcmp.o(i._dgeq) refers (Special) to usenofp.o(x$fpl$usenofp) for __I$use$fp
    dcmp.o(i._dgeq) refers to dgef.o(x$fpl$dgeqf) for _dcmpge
    dcmp.o(i._dgr) refers (Special) to usenofp.o(x$fpl$usenofp) for __I$use$fp
    dcmp.o(i._dgr) refers to dgef.o(x$fpl$dgeqf) for _dcmpge
    dcmp.o(i._dleq) refers (Special) to usenofp.o(x$fpl$usenofp) for __I$use$fp
    dcmp.o(i._dleq) refers to dlef.o(x$fpl$dleqf) for _dcmple
    dcmp.o(i._dls) refers (Special) to usenofp.o(x$fpl$usenofp) for __I$use$fp
    dcmp.o(i._dls) refers to dlef.o(x$fpl$dleqf) for _dcmple
    dcmp.o(i._dneq) refers (Special) to usenofp.o(x$fpl$usenofp) for __I$use$fp
    dcmp.o(i._dneq) refers to deqf.o(x$fpl$deqf) for _dcmpeq
    ddiv.o(.text) refers (Special) to usenofp.o(x$fpl$usenofp) for __I$use$fp
    ddiv.o(.text) refers to ddiv.o(.constdata) for .constdata
    ddiv.o(.constdata) refers (Special) to usenofp.o(x$fpl$usenofp) for __I$use$fp
    dfixi.o(.text) refers (Special) to usenofp.o(x$fpl$usenofp) for __I$use$fp
    dfixui.o(.text) refers (Special) to usenofp.o(x$fpl$usenofp) for __I$use$fp
    dflti.o(.text) refers (Special) to usenofp.o(x$fpl$usenofp) for __I$use$fp
    dmul.o(.text) refers (Special) to usenofp.o(x$fpl$usenofp) for __I$use$fp
    __rtentry.o(.ARM.Collect$$rtentry$$00000000) refers (Special) to __rtentry2.o(.ARM.Collect$$rtentry$$0000000A) for __rt_entry_li
    __rtentry.o(.ARM.Collect$$rtentry$$00000000) refers (Special) to __rtentry2.o(.ARM.Collect$$rtentry$$0000000D) for __rt_entry_main
    __rtentry.o(.ARM.Collect$$rtentry$$00000000) refers (Special) to __rtentry2.o(.ARM.Collect$$rtentry$$0000000C) for __rt_entry_postli_1
    __rtentry.o(.ARM.Collect$$rtentry$$00000000) refers (Special) to __rtentry2.o(.ARM.Collect$$rtentry$$00000009) for __rt_entry_postsh_1
    __rtentry.o(.ARM.Collect$$rtentry$$00000000) refers (Special) to __rtentry2.o(.ARM.Collect$$rtentry$$00000002) for __rt_entry_presh_1
    __rtentry.o(.ARM.Collect$$rtentry$$00000000) refers (Special) to __rtentry4.o(.ARM.Collect$$rtentry$$00000004) for __rt_entry_sh
    aeabi_idiv0_sigfpe.o(.text) refers to rt_div0.o(.text) for __rt_div0
    _printf_char_common.o(.text) refers to __printf_ss.o(.text) for __printf
    deqf.o(x$fpl$deqf) refers (Special) to usenofp.o(x$fpl$usenofp) for __I$use$fp
    deqf.o(x$fpl$deqf) refers to dcmpin.o(.text) for __fpl_dcmp_InfNaN
    dgef.o(x$fpl$dgeqf) refers (Special) to usenofp.o(x$fpl$usenofp) for __I$use$fp
    dgef.o(x$fpl$dgeqf) refers to dcmpin.o(.text) for __fpl_dcmp_InfNaN
    dlef.o(x$fpl$dleqf) refers (Special) to usenofp.o(x$fpl$usenofp) for __I$use$fp
    dlef.o(x$fpl$dleqf) refers to dcmpin.o(.text) for __fpl_dcmp_InfNaN
    __rtentry2.o(.ARM.Collect$$rtentry$$00000008) refers to boardinit2.o(.text) for _platform_post_stackheap_init
    __rtentry2.o(.ARM.Collect$$rtentry$$0000000A) refers to libinit.o(.ARM.Collect$$libinit$$00000000) for __rt_lib_init
    __rtentry2.o(.ARM.Collect$$rtentry$$0000000B) refers to boardinit3.o(.text) for _platform_post_lib_init
    __rtentry2.o(.ARM.Collect$$rtentry$$0000000D) refers to main.o(.text.main) for main
    __rtentry2.o(.ARM.Collect$$rtentry$$0000000D) refers to exit.o(.text) for exit
    __rtentry2.o(.ARM.exidx) refers to __rtentry2.o(.ARM.Collect$$rtentry$$00000001) for .ARM.Collect$$rtentry$$00000001
    __rtentry2.o(.ARM.exidx) refers to __rtentry2.o(.ARM.Collect$$rtentry$$00000008) for .ARM.Collect$$rtentry$$00000008
    __rtentry2.o(.ARM.exidx) refers to __rtentry2.o(.ARM.Collect$$rtentry$$0000000A) for .ARM.Collect$$rtentry$$0000000A
    __rtentry2.o(.ARM.exidx) refers to __rtentry2.o(.ARM.Collect$$rtentry$$0000000B) for .ARM.Collect$$rtentry$$0000000B
    __rtentry2.o(.ARM.exidx) refers to __rtentry2.o(.ARM.Collect$$rtentry$$0000000D) for .ARM.Collect$$rtentry$$0000000D
    __rtentry4.o(.ARM.Collect$$rtentry$$00000004) refers to sys_stackheap_outer.o(.text) for __user_setup_stackheap
    __rtentry4.o(.ARM.exidx) refers to __rtentry4.o(.ARM.Collect$$rtentry$$00000004) for .ARM.Collect$$rtentry$$00000004
    rt_div0.o(.text) refers to defsig_fpe_outer.o(.text) for __rt_SIGFPE
    dcmpin.o(.text) refers (Special) to usenofp.o(x$fpl$usenofp) for __I$use$fp
    dcmpin.o(.text) refers to cmpret.o(.text) for __fpl_cmpreturn
    dcmpin.o(.text) refers to dnan2.o(.text) for __fpl_dcheck_NaN2
    sys_stackheap_outer.o(.text) refers to libspace.o(.text) for __user_perproc_libspace
    sys_stackheap_outer.o(.text) refers to startup_mspm0g350x_uvision.o(.text) for __user_initial_stackheap
    sys_stackheap_outer.o(__vectab_stack_and_reset_area) refers to tempstk.o(.text) for __temporary_stack_top
    sys_stackheap_outer.o(__vectab_stack_and_reset_area) refers to __main.o(!!!main) for __main
    exit.o(.text) refers to rtexit.o(.ARM.Collect$$rtexit$$00000000) for __rt_exit
    defsig_fpe_outer.o(.text) refers to defsig_fpe_inner.o(.text) for __rt_SIGFPE_inner
    defsig_fpe_outer.o(.text) refers to defsig_exit.o(.text) for __sig_exit
    defsig_fpe_formal.o(.text) refers to rt_raise.o(.text) for __rt_raise
    libinit.o(.ARM.Collect$$libinit$$00000000) refers (Special) to libinit2.o(.ARM.Collect$$libinit$$0000002E) for __rt_lib_init_alloca_1
    libinit.o(.ARM.Collect$$libinit$$00000000) refers (Special) to libinit2.o(.ARM.Collect$$libinit$$0000002C) for __rt_lib_init_argv_1
    libinit.o(.ARM.Collect$$libinit$$00000000) refers (Special) to libinit2.o(.ARM.Collect$$libinit$$0000001B) for __rt_lib_init_atexit_1
    libinit.o(.ARM.Collect$$libinit$$00000000) refers (Special) to libinit2.o(.ARM.Collect$$libinit$$00000021) for __rt_lib_init_clock_1
    libinit.o(.ARM.Collect$$libinit$$00000000) refers (Special) to libinit2.o(.ARM.Collect$$libinit$$00000032) for __rt_lib_init_cpp_1
    libinit.o(.ARM.Collect$$libinit$$00000000) refers (Special) to libinit2.o(.ARM.Collect$$libinit$$00000030) for __rt_lib_init_exceptions_1
    libinit.o(.ARM.Collect$$libinit$$00000000) refers (Special) to libinit2.o(.ARM.Collect$$libinit$$00000002) for __rt_lib_init_fp_1
    libinit.o(.ARM.Collect$$libinit$$00000000) refers (Special) to libinit2.o(.ARM.Collect$$libinit$$0000001F) for __rt_lib_init_fp_trap_1
    libinit.o(.ARM.Collect$$libinit$$00000000) refers (Special) to libinit2.o(.ARM.Collect$$libinit$$00000023) for __rt_lib_init_getenv_1
    libinit.o(.ARM.Collect$$libinit$$00000000) refers (Special) to libinit2.o(.ARM.Collect$$libinit$$0000000A) for __rt_lib_init_heap_1
    libinit.o(.ARM.Collect$$libinit$$00000000) refers (Special) to libinit2.o(.ARM.Collect$$libinit$$00000011) for __rt_lib_init_lc_collate_1
    libinit.o(.ARM.Collect$$libinit$$00000000) refers (Special) to libinit2.o(.ARM.Collect$$libinit$$00000013) for __rt_lib_init_lc_ctype_1
    libinit.o(.ARM.Collect$$libinit$$00000000) refers (Special) to libinit2.o(.ARM.Collect$$libinit$$00000015) for __rt_lib_init_lc_monetary_1
    libinit.o(.ARM.Collect$$libinit$$00000000) refers (Special) to libinit2.o(.ARM.Collect$$libinit$$00000017) for __rt_lib_init_lc_numeric_1
    libinit.o(.ARM.Collect$$libinit$$00000000) refers (Special) to libinit2.o(.ARM.Collect$$libinit$$00000019) for __rt_lib_init_lc_time_1
    libinit.o(.ARM.Collect$$libinit$$00000000) refers (Special) to libinit2.o(.ARM.Collect$$libinit$$00000004) for __rt_lib_init_preinit_1
    libinit.o(.ARM.Collect$$libinit$$00000000) refers (Special) to libinit2.o(.ARM.Collect$$libinit$$0000000E) for __rt_lib_init_rand_1
    libinit.o(.ARM.Collect$$libinit$$00000000) refers (Special) to libinit2.o(.ARM.Collect$$libinit$$00000033) for __rt_lib_init_return
    libinit.o(.ARM.Collect$$libinit$$00000000) refers (Special) to libinit2.o(.ARM.Collect$$libinit$$0000001D) for __rt_lib_init_signal_1
    libinit.o(.ARM.Collect$$libinit$$00000000) refers (Special) to libinit2.o(.ARM.Collect$$libinit$$00000025) for __rt_lib_init_stdio_1
    libinit.o(.ARM.Collect$$libinit$$00000000) refers (Special) to libinit2.o(.ARM.Collect$$libinit$$0000000C) for __rt_lib_init_user_alloc_1
    cmpret.o(.text) refers (Special) to usenofp.o(x$fpl$usenofp) for __I$use$fp
    dnan2.o(.text) refers (Special) to usenofp.o(x$fpl$usenofp) for __I$use$fp
    dnan2.o(.text) refers to retnan.o(.text) for __fpl_return_NaN
    libspace.o(.text) refers to libspace.o(.bss) for __libspace_start
    rtexit.o(.ARM.Collect$$rtexit$$00000000) refers (Special) to rtexit2.o(.ARM.Collect$$rtexit$$00000004) for __rt_exit_exit
    rtexit.o(.ARM.Collect$$rtexit$$00000000) refers (Special) to rtexit2.o(.ARM.Collect$$rtexit$$00000003) for __rt_exit_ls
    rtexit.o(.ARM.Collect$$rtexit$$00000000) refers (Special) to rtexit2.o(.ARM.Collect$$rtexit$$00000002) for __rt_exit_prels_1
    rtexit.o(.ARM.exidx) refers (Special) to rtexit2.o(.ARM.Collect$$rtexit$$00000004) for __rt_exit_exit
    rtexit.o(.ARM.exidx) refers (Special) to rtexit2.o(.ARM.Collect$$rtexit$$00000003) for __rt_exit_ls
    rtexit.o(.ARM.exidx) refers (Special) to rtexit2.o(.ARM.Collect$$rtexit$$00000002) for __rt_exit_prels_1
    rtexit.o(.ARM.exidx) refers to rtexit.o(.ARM.Collect$$rtexit$$00000000) for .ARM.Collect$$rtexit$$00000000
    rt_raise.o(.text) refers to __raise.o(.text) for __raise
    rt_raise.o(.text) refers to sys_exit.o(.text) for _sys_exit
    defsig_exit.o(.text) refers to sys_exit.o(.text) for _sys_exit
    defsig_fpe_inner.o(.text) refers to defsig_general.o(.text) for __default_signal_display
    libinit2.o(.ARM.Collect$$libinit$$00000010) refers to libinit2.o(.ARM.Collect$$libinit$$0000000F) for .ARM.Collect$$libinit$$0000000F
    libinit2.o(.ARM.Collect$$libinit$$00000012) refers to libinit2.o(.ARM.Collect$$libinit$$0000000F) for .ARM.Collect$$libinit$$0000000F
    libinit2.o(.ARM.Collect$$libinit$$00000014) refers to libinit2.o(.ARM.Collect$$libinit$$0000000F) for .ARM.Collect$$libinit$$0000000F
    libinit2.o(.ARM.Collect$$libinit$$00000016) refers to libinit2.o(.ARM.Collect$$libinit$$0000000F) for .ARM.Collect$$libinit$$0000000F
    libinit2.o(.ARM.Collect$$libinit$$00000018) refers to libinit2.o(.ARM.Collect$$libinit$$0000000F) for .ARM.Collect$$libinit$$0000000F
    libinit2.o(.ARM.Collect$$libinit$$00000026) refers to argv_veneer.o(.text) for __ARM_argv_veneer
    libinit2.o(.ARM.Collect$$libinit$$00000027) refers to argv_veneer.o(.text) for __ARM_argv_veneer
    retnan.o(.text) refers (Special) to usenofp.o(x$fpl$usenofp) for __I$use$fp
    retnan.o(.text) refers to cmpret.o(.text) for __fpl_cmpreturn
    sys_exit.o(.text) refers (Special) to use_no_semi.o(.text) for __I$use$semihosting
    sys_exit.o(.text) refers (Special) to indicate_semi.o(.text) for __semihosting_library_function
    sys_exit_hlt.o(.text) refers (Special) to use_no_semi.o(.text) for __I$use$semihosting
    sys_exit_hlt.o(.text) refers (Special) to indicate_semi.o(.text) for __semihosting_library_function
    rtexit2.o(.ARM.Collect$$rtexit$$00000003) refers to libshutdown.o(.ARM.Collect$$libshutdown$$00000000) for __rt_lib_shutdown
    rtexit2.o(.ARM.Collect$$rtexit$$00000004) refers to sys_exit.o(.text) for _sys_exit
    rtexit2.o(.ARM.exidx) refers to rtexit2.o(.ARM.Collect$$rtexit$$00000001) for .ARM.Collect$$rtexit$$00000001
    rtexit2.o(.ARM.exidx) refers to rtexit2.o(.ARM.Collect$$rtexit$$00000003) for .ARM.Collect$$rtexit$$00000003
    rtexit2.o(.ARM.exidx) refers to rtexit2.o(.ARM.Collect$$rtexit$$00000004) for .ARM.Collect$$rtexit$$00000004
    __raise.o(.text) refers to defsig.o(CL$$defsig) for __default_signal_handler
    defsig_general.o(.text) refers to sys_wrch.o(.text) for _ttywrch
    sys_wrch.o(.text) refers (Special) to use_no_semi.o(.text) for __I$use$semihosting
    sys_wrch.o(.text) refers (Special) to indicate_semi.o(.text) for __semihosting_library_function
    sys_wrch_hlt.o(.text) refers (Special) to use_no_semi.o(.text) for __I$use$semihosting
    sys_wrch_hlt.o(.text) refers (Special) to indicate_semi.o(.text) for __semihosting_library_function
    defsig.o(CL$$defsig) refers to defsig_fpe_inner.o(.text) for __rt_SIGFPE_inner
    defsig.o(CL$$defsig) refers to defsig_rtmem_inner.o(.text) for __rt_SIGRTMEM_inner
    _get_argv_nomalloc.o(.text) refers (Special) to hrguard.o(.text) for __heap_region$guard
    _get_argv_nomalloc.o(.text) refers to defsig_rtmem_outer.o(.text) for __rt_SIGRTMEM
    _get_argv_nomalloc.o(.text) refers to sys_command.o(.text) for _sys_command_string
    libshutdown.o(.ARM.Collect$$libshutdown$$00000000) refers (Special) to libshutdown2.o(.ARM.Collect$$libshutdown$$00000002) for __rt_lib_shutdown_cpp_1
    libshutdown.o(.ARM.Collect$$libshutdown$$00000000) refers (Special) to libshutdown2.o(.ARM.Collect$$libshutdown$$00000007) for __rt_lib_shutdown_fp_trap_1
    libshutdown.o(.ARM.Collect$$libshutdown$$00000000) refers (Special) to libshutdown2.o(.ARM.Collect$$libshutdown$$0000000F) for __rt_lib_shutdown_heap_1
    libshutdown.o(.ARM.Collect$$libshutdown$$00000000) refers (Special) to libshutdown2.o(.ARM.Collect$$libshutdown$$00000010) for __rt_lib_shutdown_return
    libshutdown.o(.ARM.Collect$$libshutdown$$00000000) refers (Special) to libshutdown2.o(.ARM.Collect$$libshutdown$$0000000A) for __rt_lib_shutdown_signal_1
    libshutdown.o(.ARM.Collect$$libshutdown$$00000000) refers (Special) to libshutdown2.o(.ARM.Collect$$libshutdown$$00000004) for __rt_lib_shutdown_stdio_1
    libshutdown.o(.ARM.Collect$$libshutdown$$00000000) refers (Special) to libshutdown2.o(.ARM.Collect$$libshutdown$$0000000C) for __rt_lib_shutdown_user_alloc_1
    sys_command.o(.text) refers (Special) to use_no_semi.o(.text) for __I$use$semihosting
    sys_command.o(.text) refers (Special) to indicate_semi.o(.text) for __semihosting_library_function
    sys_command_hlt.o(.text) refers (Special) to use_no_semi.o(.text) for __I$use$semihosting
    sys_command_hlt.o(.text) refers (Special) to indicate_semi.o(.text) for __semihosting_library_function
    defsig_abrt_inner.o(.text) refers to defsig_general.o(.text) for __default_signal_display
    defsig_rtred_inner.o(.text) refers to defsig_general.o(.text) for __default_signal_display
    defsig_rtmem_inner.o(.text) refers to defsig_general.o(.text) for __default_signal_display
    defsig_rtmem_outer.o(.text) refers to defsig_rtmem_inner.o(.text) for __rt_SIGRTMEM_inner
    defsig_rtmem_outer.o(.text) refers to defsig_exit.o(.text) for __sig_exit
    defsig_rtmem_formal.o(.text) refers to rt_raise.o(.text) for __rt_raise
    defsig_stak_inner.o(.text) refers to defsig_general.o(.text) for __default_signal_display
    defsig_pvfn_inner.o(.text) refers to defsig_general.o(.text) for __default_signal_display
    defsig_cppl_inner.o(.text) refers to defsig_general.o(.text) for __default_signal_display
    defsig_segv_inner.o(.text) refers to defsig_general.o(.text) for __default_signal_display
    defsig_other.o(.text) refers to defsig_general.o(.text) for __default_signal_display


==============================================================================

Removing Unused input sections from the image.

    Removing main.o(.text), (0 bytes).
    Removing main.o(.ARM.exidx.text.main), (8 bytes).
    Removing main.o(.ARM.use_no_argv), (4 bytes).
    Removing sysctl.o(.text), (0 bytes).
    Removing sysctl.o(.text.SYSCTL_SYSCLK_set), (328 bytes).
    Removing sysctl.o(.ARM.exidx.text.SYSCTL_SYSCLK_set), (8 bytes).
    Removing sysctl.o(.text.SYSCTL_SYSCLK_getMCLK), (12 bytes).
    Removing sysctl.o(.ARM.exidx.text.SYSCTL_SYSCLK_getMCLK), (8 bytes).
    Removing sysctl.o(.ARM.exidx.text.SYSCTL_SYSCLK_getULPCLK), (8 bytes).
    Removing uart_extras.o(.text), (0 bytes).
    Removing uart_extras.o(.ARM.exidx.text.UART0_printDec), (8 bytes).
    Removing uart_extras.o(.text.UART0_printFloat), (176 bytes).
    Removing uart_extras.o(.ARM.exidx.text.UART0_printFloat), (8 bytes).
    Removing isrs.o(.text), (0 bytes).
    Removing isrs.o(.ARM.exidx.text.GROUP1_IRQHandler), (8 bytes).
    Removing isrs.o(.ARM.exidx.text.TIMG0_IRQHandler), (8 bytes).
    Removing isrs.o(.ARM.exidx.text.TIMG6_IRQHandler), (8 bytes).
    Removing isrs.o(.ARM.exidx.text.TIMG12_IRQHandler), (8 bytes).
    Removing isrs.o(.bss.cameraData_complete), (1 bytes).
    Removing isrs.o(.bss.pixelCounter), (4 bytes).
    Removing isrs.o(.bss.cameraData), (256 bytes).
    Removing timers_1.o(.text), (0 bytes).
    Removing timers_1.o(.text.TIMG0_init), (116 bytes).
    Removing timers_1.o(.ARM.exidx.text.TIMG0_init), (8 bytes).
    Removing timers_1.o(.ARM.exidx.text.__NVIC_EnableIRQ), (8 bytes).
    Removing timers_1.o(.ARM.exidx.text.TIMG6_init), (8 bytes).
    Removing timers_1.o(.text.TIMG12_init), (116 bytes).
    Removing timers_1.o(.ARM.exidx.text.TIMG12_init), (8 bytes).
    Removing timers_1.o(.text.TIMA0_PWM_init), (520 bytes).
    Removing timers_1.o(.ARM.exidx.text.TIMA0_PWM_init), (8 bytes).
    Removing timers_1.o(.text.TIMA1_PWM_init), (212 bytes).
    Removing timers_1.o(.ARM.exidx.text.TIMA1_PWM_init), (8 bytes).
    Removing timers_1.o(.text.TIMA0_PWM_DutyCycle), (192 bytes).
    Removing timers_1.o(.ARM.exidx.text.TIMA0_PWM_DutyCycle), (8 bytes).
    Removing timers_1.o(.text.TIMA1_PWM_DutyCycle), (56 bytes).
    Removing timers_1.o(.ARM.exidx.text.TIMA1_PWM_DutyCycle), (8 bytes).
    Removing adc12.o(.text), (0 bytes).
    Removing adc12.o(.ARM.exidx.text.ADC0_init), (8 bytes).
    Removing adc12.o(.ARM.exidx.text.ADC0_getVal), (8 bytes).
    Removing camera.o(.text), (0 bytes).
    Removing camera.o(.text.init_CLK), (100 bytes).
    Removing camera.o(.ARM.exidx.text.init_CLK), (8 bytes).
    Removing camera.o(.text.init_SI), (112 bytes).
    Removing camera.o(.ARM.exidx.text.init_SI), (8 bytes).
    Removing camera.o(.text.Camera_init), (44 bytes).
    Removing camera.o(.ARM.exidx.text.Camera_init), (8 bytes).
    Removing camera.o(.text.Camera_isDataReady), (12 bytes).
    Removing camera.o(.ARM.exidx.text.Camera_isDataReady), (8 bytes).
    Removing camera.o(.text.Camera_getData), (20 bytes).
    Removing camera.o(.ARM.exidx.text.Camera_getData), (8 bytes).
    Removing switches.o(.text), (0 bytes).
    Removing switches.o(.text.S1_init), (84 bytes).
    Removing switches.o(.ARM.exidx.text.S1_init), (8 bytes).
    Removing switches.o(.text.S2_init), (92 bytes).
    Removing switches.o(.ARM.exidx.text.S2_init), (8 bytes).
    Removing switches.o(.text.S1_pressed), (16 bytes).
    Removing switches.o(.ARM.exidx.text.S1_pressed), (8 bytes).
    Removing switches.o(.text.S2_pressed), (16 bytes).
    Removing switches.o(.ARM.exidx.text.S2_pressed), (8 bytes).
    Removing switches.o(.text.S1_init_interrupt), (52 bytes).
    Removing switches.o(.ARM.exidx.text.S1_init_interrupt), (8 bytes).
    Removing switches.o(.text.__NVIC_EnableIRQ), (12 bytes).
    Removing switches.o(.ARM.exidx.text.__NVIC_EnableIRQ), (8 bytes).
    Removing switches.o(.text.S2_init_interrupt), (52 bytes).
    Removing switches.o(.ARM.exidx.text.S2_init_interrupt), (8 bytes).
    Removing uart.o(.text), (0 bytes).
    Removing uart.o(.ARM.exidx.text.UART0_init), (8 bytes).
    Removing uart.o(.ARM.exidx.text.UART0_putchar), (8 bytes).
    Removing uart.o(.text.UART0_getchar), (28 bytes).
    Removing uart.o(.ARM.exidx.text.UART0_getchar), (8 bytes).
    Removing uart.o(.ARM.exidx.text.UART0_put), (8 bytes).
    Removing uart.o(.text.UART1_init), (228 bytes).
    Removing uart.o(.ARM.exidx.text.UART1_init), (8 bytes).
    Removing uart.o(.text.UART1_putchar), (24 bytes).
    Removing uart.o(.ARM.exidx.text.UART1_putchar), (8 bytes).
    Removing uart.o(.text.UART1_getchar), (28 bytes).
    Removing uart.o(.ARM.exidx.text.UART1_getchar), (8 bytes).
    Removing uart.o(.text.UART1_put), (40 bytes).
    Removing uart.o(.ARM.exidx.text.UART1_put), (8 bytes).
    Removing leds.o(.text), (0 bytes).
    Removing leds.o(.text.LED1_init), (96 bytes).
    Removing leds.o(.ARM.exidx.text.LED1_init), (8 bytes).
    Removing leds.o(.text.LED2_init), (136 bytes).
    Removing leds.o(.ARM.exidx.text.LED2_init), (8 bytes).
    Removing leds.o(.ARM.exidx.text.LED1_set), (8 bytes).
    Removing leds.o(.ARM.exidx.text.LED2_set), (8 bytes).
    Removing motor.o(.text), (0 bytes).
    Removing motor.o(.text.Stepper_Motor_Init), (148 bytes).
    Removing motor.o(.ARM.exidx.text.Stepper_Motor_Init), (8 bytes).
    Removing motor.o(.text.Stepper_Motor_Step), (104 bytes).
    Removing motor.o(.ARM.exidx.text.Stepper_Motor_Step), (8 bytes).
    Removing motor.o(.bss.phase), (4 bytes).
    Removing servo.o(.text), (0 bytes).
    Removing servo.o(.text.Servo_Init), (40 bytes).
    Removing servo.o(.ARM.exidx.text.Servo_Init), (8 bytes).
    Removing servo.o(.text.Servo_Set_Pulse_ms), (108 bytes).
    Removing servo.o(.ARM.exidx.text.Servo_Set_Pulse_ms), (8 bytes).
    Removing servo.o(.text.Servo_Set_Position), (76 bytes).
    Removing servo.o(.ARM.exidx.text.Servo_Set_Position), (8 bytes).

99 unused section(s) (total 4057 bytes) removed from the image.

==============================================================================

Image Symbol Table

    Local Symbols

    Symbol Name                              Value     Ov Type        Size  Object(Section)

    ../../source/ti/devices/msp/m0p/startup_system_files/keil/startup_mspm0g350x_uvision.s 0x00000000   Number         0  startup_mspm0g350x_uvision.o ABSOLUTE
    ../clib/angel/boardlib.s                 0x00000000   Number         0  boardinit1.o ABSOLUTE
    ../clib/angel/boardlib.s                 0x00000000   Number         0  boardinit2.o ABSOLUTE
    ../clib/angel/boardlib.s                 0x00000000   Number         0  boardinit3.o ABSOLUTE
    ../clib/angel/boardlib.s                 0x00000000   Number         0  boardshut.o ABSOLUTE
    ../clib/angel/handlers.s                 0x00000000   Number         0  __scatter_copy.o ABSOLUTE
    ../clib/angel/handlers.s                 0x00000000   Number         0  __scatter_zi.o ABSOLUTE
    ../clib/angel/kernel.s                   0x00000000   Number         0  __rtentry.o ABSOLUTE
    ../clib/angel/kernel.s                   0x00000000   Number         0  __rtentry2.o ABSOLUTE
    ../clib/angel/kernel.s                   0x00000000   Number         0  __rtentry4.o ABSOLUTE
    ../clib/angel/kernel.s                   0x00000000   Number         0  rtexit.o ABSOLUTE
    ../clib/angel/kernel.s                   0x00000000   Number         0  rtexit2.o ABSOLUTE
    ../clib/angel/rt.s                       0x00000000   Number         0  aeabi_idiv0.o ABSOLUTE
    ../clib/angel/rt.s                       0x00000000   Number         0  aeabi_idiv0_sigfpe.o ABSOLUTE
    ../clib/angel/rt.s                       0x00000000   Number         0  rt_div0.o ABSOLUTE
    ../clib/angel/rt.s                       0x00000000   Number         0  rt_raise.o ABSOLUTE
    ../clib/angel/scatterp.s                 0x00000000   Number         0  __scatter.o ABSOLUTE
    ../clib/angel/startup.s                  0x00000000   Number         0  __main.o ABSOLUTE
    ../clib/angel/sys.s                      0x00000000   Number         0  sys_stackheap_outer.o ABSOLUTE
    ../clib/angel/sys.s                      0x00000000   Number         0  libspace.o ABSOLUTE
    ../clib/angel/sys.s                      0x00000000   Number         0  tempstk.o ABSOLUTE
    ../clib/angel/sys.s                      0x00000000   Number         0  use_no_semi.o ABSOLUTE
    ../clib/angel/sys.s                      0x00000000   Number         0  indicate_semi.o ABSOLUTE
    ../clib/angel/sysapp.c                   0x00000000   Number         0  sys_exit.o ABSOLUTE
    ../clib/angel/sysapp.c                   0x00000000   Number         0  sys_exit_hlt.o ABSOLUTE
    ../clib/angel/sysapp.c                   0x00000000   Number         0  sys_wrch.o ABSOLUTE
    ../clib/angel/sysapp.c                   0x00000000   Number         0  sys_wrch_hlt.o ABSOLUTE
    ../clib/angel/sysapp.c                   0x00000000   Number         0  sys_command.o ABSOLUTE
    ../clib/angel/sysapp.c                   0x00000000   Number         0  sys_command_hlt.o ABSOLUTE
    ../clib/armsys.c                         0x00000000   Number         0  argv_veneer.o ABSOLUTE
    ../clib/armsys.c                         0x00000000   Number         0  _get_argv_nomalloc.o ABSOLUTE
    ../clib/armsys.c                         0x00000000   Number         0  no_argv.o ABSOLUTE
    ../clib/division.c                       0x00000000   Number         0  rtudiv10.o ABSOLUTE
    ../clib/division.s                       0x00000000   Number         0  aeabi_sdivfast.o ABSOLUTE
    ../clib/division.s                       0x00000000   Number         0  aeabi_sdivfast_div0.o ABSOLUTE
    ../clib/heapalloc.c                      0x00000000   Number         0  hrguard.o ABSOLUTE
    ../clib/heapaux.c                        0x00000000   Number         0  heapauxi.o ABSOLUTE
    ../clib/libinit.s                        0x00000000   Number         0  libinit.o ABSOLUTE
    ../clib/libinit.s                        0x00000000   Number         0  libinit2.o ABSOLUTE
    ../clib/libinit.s                        0x00000000   Number         0  libshutdown.o ABSOLUTE
    ../clib/libinit.s                        0x00000000   Number         0  libshutdown2.o ABSOLUTE
    ../clib/misc.s                           0x00000000   Number         0  printf_stubs.o ABSOLUTE
    ../clib/printf.c                         0x00000000   Number         0  __2sprintf.o ABSOLUTE
    ../clib/printf.c                         0x00000000   Number         0  noretval__2sprintf.o ABSOLUTE
    ../clib/printf.c                         0x00000000   Number         0  __printf.o ABSOLUTE
    ../clib/printf.c                         0x00000000   Number         0  _printf_dec.o ABSOLUTE
    ../clib/printf.c                         0x00000000   Number         0  __printf_flags.o ABSOLUTE
    ../clib/printf.c                         0x00000000   Number         0  __printf_ss.o ABSOLUTE
    ../clib/printf.c                         0x00000000   Number         0  __printf_flags_ss.o ABSOLUTE
    ../clib/printf.c                         0x00000000   Number         0  __printf_wp.o ABSOLUTE
    ../clib/printf.c                         0x00000000   Number         0  __printf_flags_wp.o ABSOLUTE
    ../clib/printf.c                         0x00000000   Number         0  __printf_ss_wp.o ABSOLUTE
    ../clib/printf.c                         0x00000000   Number         0  __printf_flags_ss_wp.o ABSOLUTE
    ../clib/printf.c                         0x00000000   Number         0  _printf_intcommon.o ABSOLUTE
    ../clib/printf.c                         0x00000000   Number         0  _printf_char_common.o ABSOLUTE
    ../clib/printf.c                         0x00000000   Number         0  _sputc.o ABSOLUTE
    ../clib/printf.c                         0x00000000   Number         0  __printf_nopercent.o ABSOLUTE
    ../clib/printf_percent.s                 0x00000000   Number         0  _printf_d.o ABSOLUTE
    ../clib/printf_percent.s                 0x00000000   Number         0  _printf_percent.o ABSOLUTE
    ../clib/printf_percent.s                 0x00000000   Number         0  _printf_percent_end.o ABSOLUTE
    ../clib/signal.c                         0x00000000   Number         0  defsig_fpe_outer.o ABSOLUTE
    ../clib/signal.c                         0x00000000   Number         0  defsig_fpe_formal.o ABSOLUTE
    ../clib/signal.c                         0x00000000   Number         0  defsig_exit.o ABSOLUTE
    ../clib/signal.c                         0x00000000   Number         0  defsig_fpe_inner.o ABSOLUTE
    ../clib/signal.c                         0x00000000   Number         0  __raise.o ABSOLUTE
    ../clib/signal.c                         0x00000000   Number         0  defsig_general.o ABSOLUTE
    ../clib/signal.c                         0x00000000   Number         0  defsig_abrt_inner.o ABSOLUTE
    ../clib/signal.c                         0x00000000   Number         0  defsig_rtred_inner.o ABSOLUTE
    ../clib/signal.c                         0x00000000   Number         0  defsig_rtmem_inner.o ABSOLUTE
    ../clib/signal.c                         0x00000000   Number         0  defsig_rtmem_outer.o ABSOLUTE
    ../clib/signal.c                         0x00000000   Number         0  defsig_rtmem_formal.o ABSOLUTE
    ../clib/signal.c                         0x00000000   Number         0  defsig_stak_inner.o ABSOLUTE
    ../clib/signal.c                         0x00000000   Number         0  defsig_pvfn_inner.o ABSOLUTE
    ../clib/signal.c                         0x00000000   Number         0  defsig_cppl_inner.o ABSOLUTE
    ../clib/signal.c                         0x00000000   Number         0  defsig_segv_inner.o ABSOLUTE
    ../clib/signal.c                         0x00000000   Number         0  defsig_other.o ABSOLUTE
    ../clib/signal.s                         0x00000000   Number         0  defsig.o ABSOLUTE
    ../clib/stdlib.c                         0x00000000   Number         0  exit.o ABSOLUTE
    ../fplib/cfplib/cmp.c                    0x00000000   Number         0  dcmp.o ABSOLUTE
    ../fplib/cfplib/cmpret.c                 0x00000000   Number         0  cmpret.o ABSOLUTE
    ../fplib/cfplib/daddsub.c                0x00000000   Number         0  daddsub.o ABSOLUTE
    ../fplib/cfplib/dcmpin.c                 0x00000000   Number         0  dcmpin.o ABSOLUTE
    ../fplib/cfplib/ddiv.c                   0x00000000   Number         0  ddiv.o ABSOLUTE
    ../fplib/cfplib/dmul.c                   0x00000000   Number         0  dmul.o ABSOLUTE
    ../fplib/cfplib/ffix.c                   0x00000000   Number         0  dfixi.o ABSOLUTE
    ../fplib/cfplib/ffix.c                   0x00000000   Number         0  dfixui.o ABSOLUTE
    ../fplib/cfplib/fflt.c                   0x00000000   Number         0  dflti.o ABSOLUTE
    ../fplib/cfplib/fpinit.c                 0x00000000   Number         0  fpinit.o ABSOLUTE
    ../fplib/cfplib/nan2.c                   0x00000000   Number         0  dnan2.o ABSOLUTE
    ../fplib/cfplib/retnan.c                 0x00000000   Number         0  retnan.o ABSOLUTE
    ../fplib/deqf6m.s                        0x00000000   Number         0  deqf.o ABSOLUTE
    ../fplib/dgeqf6m.s                       0x00000000   Number         0  dgef.o ABSOLUTE
    ../fplib/dleqf6m.s                       0x00000000   Number         0  dlef.o ABSOLUTE
    ../fplib/usenofp.s                       0x00000000   Number         0  usenofp.o ABSOLUTE
    adc12.c                                  0x00000000   Number         0  adc12.o ABSOLUTE
    camera.c                                 0x00000000   Number         0  camera.o ABSOLUTE
    dc.s                                     0x00000000   Number         0  dc.o ABSOLUTE
    isrs.c                                   0x00000000   Number         0  isrs.o ABSOLUTE
    leds.c                                   0x00000000   Number         0  leds.o ABSOLUTE
    main.c                                   0x00000000   Number         0  main.o ABSOLUTE
    motor.c                                  0x00000000   Number         0  motor.o ABSOLUTE
    servo.c                                  0x00000000   Number         0  servo.o ABSOLUTE
    switches.c                               0x00000000   Number         0  switches.o ABSOLUTE
    sysctl.c                                 0x00000000   Number         0  sysctl.o ABSOLUTE
    timers.c                                 0x00000000   Number         0  timers_1.o ABSOLUTE
    uart.c                                   0x00000000   Number         0  uart.o ABSOLUTE
    uart_extras.c                            0x00000000   Number         0  uart_extras.o ABSOLUTE
    RESET                                    0x00000000   Section      192  startup_mspm0g350x_uvision.o(RESET)
    !!!main                                  0x000000c0   Section        8  __main.o(!!!main)
    !!!scatter                               0x000000c8   Section       60  __scatter.o(!!!scatter)
    !!handler_copy                           0x00000108   Section       26  __scatter_copy.o(!!handler_copy)
    !!handler_zi                             0x00000128   Section       28  __scatter_zi.o(!!handler_zi)
    .ARM.Collect$$_printf_percent$$00000000  0x00000144   Section        2  _printf_percent.o(.ARM.Collect$$_printf_percent$$00000000)
    .ARM.Collect$$_printf_percent$$00000009  0x00000146   Section       10  _printf_d.o(.ARM.Collect$$_printf_percent$$00000009)
    .ARM.Collect$$_printf_percent$$00000017  0x00000150   Section        4  _printf_percent_end.o(.ARM.Collect$$_printf_percent$$00000017)
    .ARM.Collect$$libinit$$00000000          0x00000154   Section        2  libinit.o(.ARM.Collect$$libinit$$00000000)
    .ARM.Collect$$libinit$$00000002          0x00000156   Section        0  libinit2.o(.ARM.Collect$$libinit$$00000002)
    .ARM.Collect$$libinit$$00000004          0x00000156   Section        0  libinit2.o(.ARM.Collect$$libinit$$00000004)
    .ARM.Collect$$libinit$$0000000A          0x00000156   Section        0  libinit2.o(.ARM.Collect$$libinit$$0000000A)
    .ARM.Collect$$libinit$$0000000C          0x00000156   Section        0  libinit2.o(.ARM.Collect$$libinit$$0000000C)
    .ARM.Collect$$libinit$$0000000E          0x00000156   Section        0  libinit2.o(.ARM.Collect$$libinit$$0000000E)
    .ARM.Collect$$libinit$$00000011          0x00000156   Section        0  libinit2.o(.ARM.Collect$$libinit$$00000011)
    .ARM.Collect$$libinit$$00000013          0x00000156   Section        0  libinit2.o(.ARM.Collect$$libinit$$00000013)
    .ARM.Collect$$libinit$$00000015          0x00000156   Section        0  libinit2.o(.ARM.Collect$$libinit$$00000015)
    .ARM.Collect$$libinit$$00000017          0x00000156   Section        0  libinit2.o(.ARM.Collect$$libinit$$00000017)
    .ARM.Collect$$libinit$$00000019          0x00000156   Section        0  libinit2.o(.ARM.Collect$$libinit$$00000019)
    .ARM.Collect$$libinit$$0000001B          0x00000156   Section        0  libinit2.o(.ARM.Collect$$libinit$$0000001B)
    .ARM.Collect$$libinit$$0000001D          0x00000156   Section        0  libinit2.o(.ARM.Collect$$libinit$$0000001D)
    .ARM.Collect$$libinit$$0000001F          0x00000156   Section        0  libinit2.o(.ARM.Collect$$libinit$$0000001F)
    .ARM.Collect$$libinit$$00000021          0x00000156   Section        0  libinit2.o(.ARM.Collect$$libinit$$00000021)
    .ARM.Collect$$libinit$$00000023          0x00000156   Section        0  libinit2.o(.ARM.Collect$$libinit$$00000023)
    .ARM.Collect$$libinit$$00000025          0x00000156   Section        0  libinit2.o(.ARM.Collect$$libinit$$00000025)
    .ARM.Collect$$libinit$$0000002C          0x00000156   Section        0  libinit2.o(.ARM.Collect$$libinit$$0000002C)
    .ARM.Collect$$libinit$$0000002E          0x00000156   Section        0  libinit2.o(.ARM.Collect$$libinit$$0000002E)
    .ARM.Collect$$libinit$$00000030          0x00000156   Section        0  libinit2.o(.ARM.Collect$$libinit$$00000030)
    .ARM.Collect$$libinit$$00000032          0x00000156   Section        0  libinit2.o(.ARM.Collect$$libinit$$00000032)
    .ARM.Collect$$libinit$$00000033          0x00000156   Section        2  libinit2.o(.ARM.Collect$$libinit$$00000033)
    .ARM.Collect$$libshutdown$$00000000      0x00000158   Section        2  libshutdown.o(.ARM.Collect$$libshutdown$$00000000)
    .ARM.Collect$$libshutdown$$00000002      0x0000015a   Section        0  libshutdown2.o(.ARM.Collect$$libshutdown$$00000002)
    .ARM.Collect$$libshutdown$$00000004      0x0000015a   Section        0  libshutdown2.o(.ARM.Collect$$libshutdown$$00000004)
    .ARM.Collect$$libshutdown$$00000007      0x0000015a   Section        0  libshutdown2.o(.ARM.Collect$$libshutdown$$00000007)
    .ARM.Collect$$libshutdown$$0000000A      0x0000015a   Section        0  libshutdown2.o(.ARM.Collect$$libshutdown$$0000000A)
    .ARM.Collect$$libshutdown$$0000000C      0x0000015a   Section        0  libshutdown2.o(.ARM.Collect$$libshutdown$$0000000C)
    .ARM.Collect$$libshutdown$$0000000F      0x0000015a   Section        0  libshutdown2.o(.ARM.Collect$$libshutdown$$0000000F)
    .ARM.Collect$$libshutdown$$00000010      0x0000015a   Section        2  libshutdown2.o(.ARM.Collect$$libshutdown$$00000010)
    .ARM.Collect$$rtentry$$00000000          0x0000015c   Section        0  __rtentry.o(.ARM.Collect$$rtentry$$00000000)
    .ARM.Collect$$rtentry$$00000002          0x0000015c   Section        0  __rtentry2.o(.ARM.Collect$$rtentry$$00000002)
    .ARM.Collect$$rtentry$$00000004          0x0000015c   Section        6  __rtentry4.o(.ARM.Collect$$rtentry$$00000004)
    .ARM.Collect$$rtentry$$00000009          0x00000162   Section        0  __rtentry2.o(.ARM.Collect$$rtentry$$00000009)
    .ARM.Collect$$rtentry$$0000000A          0x00000162   Section        4  __rtentry2.o(.ARM.Collect$$rtentry$$0000000A)
    .ARM.Collect$$rtentry$$0000000C          0x00000166   Section        0  __rtentry2.o(.ARM.Collect$$rtentry$$0000000C)
    .ARM.Collect$$rtentry$$0000000D          0x00000166   Section        8  __rtentry2.o(.ARM.Collect$$rtentry$$0000000D)
    .ARM.Collect$$rtexit$$00000000           0x0000016e   Section        2  rtexit.o(.ARM.Collect$$rtexit$$00000000)
    .ARM.Collect$$rtexit$$00000002           0x00000170   Section        0  rtexit2.o(.ARM.Collect$$rtexit$$00000002)
    .ARM.Collect$$rtexit$$00000003           0x00000170   Section        4  rtexit2.o(.ARM.Collect$$rtexit$$00000003)
    .ARM.Collect$$rtexit$$00000004           0x00000174   Section        6  rtexit2.o(.ARM.Collect$$rtexit$$00000004)
    .text                                    0x0000017c   Section       48  startup_mspm0g350x_uvision.o(.text)
    .text                                    0x000001ac   Section        0  noretval__2sprintf.o(.text)
    .text                                    0x000001d4   Section        0  _printf_dec.o(.text)
    .text                                    0x00000240   Section        0  __printf_ss.o(.text)
    .text                                    0x000002fe   Section        0  heapauxi.o(.text)
    _dadd1                                   0x00000305   Thumb Code   290  daddsub.o(.text)
    .text                                    0x00000304   Section        0  daddsub.o(.text)
    _dsub1                                   0x00000427   Thumb Code   470  daddsub.o(.text)
    .text                                    0x0000065c   Section        0  ddiv.o(.text)
    .text                                    0x00000aa4   Section        0  dfixui.o(.text)
    .text                                    0x00000aec   Section        0  dflti.o(.text)
    .text                                    0x00000b44   Section        0  dmul.o(.text)
    .text                                    0x00000d8c   Section        0  _printf_intcommon.o(.text)
    _printf_input_char                       0x00000e3d   Thumb Code    10  _printf_char_common.o(.text)
    .text                                    0x00000e3c   Section        0  _printf_char_common.o(.text)
    .text                                    0x00000e6c   Section        0  _sputc.o(.text)
    .text                                    0x00000e76   Section        0  rtudiv10.o(.text)
    .text                                    0x00000e9e   Section       62  sys_stackheap_outer.o(.text)
    .text                                    0x00000edc   Section        0  exit.o(.text)
    .text                                    0x00000eec   Section        8  libspace.o(.text)
    .text                                    0x00000ef4   Section        0  sys_exit.o(.text)
    .text                                    0x00000f00   Section        2  use_no_semi.o(.text)
    .text                                    0x00000f02   Section        0  indicate_semi.o(.text)
    [Anonymous Symbol]                       0x00000f04   Section        0  adc12.o(.text.ADC0_getVal)
    __arm_cp.1_0                             0x00000f30   Number         4  adc12.o(.text.ADC0_getVal)
    __arm_cp.1_1                             0x00000f34   Number         4  adc12.o(.text.ADC0_getVal)
    __arm_cp.1_2                             0x00000f38   Number         4  adc12.o(.text.ADC0_getVal)
    __arm_cp.1_3                             0x00000f3c   Number         4  adc12.o(.text.ADC0_getVal)
    [Anonymous Symbol]                       0x00000f40   Section        0  adc12.o(.text.ADC0_init)
    __arm_cp.0_0                             0x00000fb0   Number         4  adc12.o(.text.ADC0_init)
    __arm_cp.0_3                             0x00000fb4   Number         4  adc12.o(.text.ADC0_init)
    __arm_cp.0_4                             0x00000fb8   Number         4  adc12.o(.text.ADC0_init)
    __arm_cp.0_5                             0x00000fbc   Number         4  adc12.o(.text.ADC0_init)
    [Anonymous Symbol]                       0x00000fc0   Section        0  isrs.o(.text.GROUP1_IRQHandler)
    __arm_cp.0_0                             0x00001038   Number         4  isrs.o(.text.GROUP1_IRQHandler)
    __arm_cp.0_1                             0x0000103c   Number         4  isrs.o(.text.GROUP1_IRQHandler)
    __arm_cp.0_2                             0x00001040   Number         4  isrs.o(.text.GROUP1_IRQHandler)
    __arm_cp.0_3                             0x00001044   Number         4  isrs.o(.text.GROUP1_IRQHandler)
    [Anonymous Symbol]                       0x00001054   Section        0  leds.o(.text.LED1_set)
    __arm_cp.2_0                             0x00001074   Number         4  leds.o(.text.LED1_set)
    [Anonymous Symbol]                       0x00001078   Section        0  leds.o(.text.LED2_set)
    __arm_cp.3_0                             0x000010c0   Number         4  leds.o(.text.LED2_set)
    [Anonymous Symbol]                       0x000010c4   Section        0  sysctl.o(.text.SYSCTL_SYSCLK_getULPCLK)
    __arm_cp.2_0                             0x000010dc   Number         4  sysctl.o(.text.SYSCTL_SYSCLK_getULPCLK)
    __arm_cp.2_1                             0x000010e0   Number         4  sysctl.o(.text.SYSCTL_SYSCLK_getULPCLK)
    [Anonymous Symbol]                       0x000010e4   Section        0  isrs.o(.text.TIMG0_IRQHandler)
    __arm_cp.1_0                             0x000010fc   Number         4  isrs.o(.text.TIMG0_IRQHandler)
    __arm_cp.1_2                             0x00001100   Number         4  isrs.o(.text.TIMG0_IRQHandler)
    [Anonymous Symbol]                       0x00001104   Section        0  isrs.o(.text.TIMG12_IRQHandler)
    __arm_cp.3_0                             0x0000113c   Number         4  isrs.o(.text.TIMG12_IRQHandler)
    __arm_cp.3_1                             0x00001140   Number         4  isrs.o(.text.TIMG12_IRQHandler)
    __arm_cp.3_2                             0x00001144   Number         4  isrs.o(.text.TIMG12_IRQHandler)
    [Anonymous Symbol]                       0x00001148   Section        0  isrs.o(.text.TIMG6_IRQHandler)
    __arm_cp.2_0                             0x0000115c   Number         4  isrs.o(.text.TIMG6_IRQHandler)
    [Anonymous Symbol]                       0x00001160   Section        0  timers_1.o(.text.TIMG6_init)
    __arm_cp.2_0                             0x000011c4   Number         4  timers_1.o(.text.TIMG6_init)
    __arm_cp.2_1                             0x000011c8   Number         4  timers_1.o(.text.TIMG6_init)
    __arm_cp.2_3                             0x000011cc   Number         4  timers_1.o(.text.TIMG6_init)
    __arm_cp.2_4                             0x000011d0   Number         4  timers_1.o(.text.TIMG6_init)
    __arm_cp.2_5                             0x000011d4   Number         4  timers_1.o(.text.TIMG6_init)
    [Anonymous Symbol]                       0x000011d8   Section        0  uart.o(.text.UART0_init)
    __arm_cp.0_0                             0x00001298   Number         4  uart.o(.text.UART0_init)
    __arm_cp.0_1                             0x0000129c   Number         4  uart.o(.text.UART0_init)
    __arm_cp.0_2                             0x000012a0   Number         4  uart.o(.text.UART0_init)
    __arm_cp.0_3                             0x000012a4   Number         4  uart.o(.text.UART0_init)
    __arm_cp.0_4                             0x000012a8   Number         4  uart.o(.text.UART0_init)
    __arm_cp.0_5                             0x000012ac   Number         4  uart.o(.text.UART0_init)
    __arm_cp.0_6                             0x000012b0   Number         4  uart.o(.text.UART0_init)
    __arm_cp.0_7                             0x000012b4   Number         4  uart.o(.text.UART0_init)
    __arm_cp.0_8                             0x000012b8   Number         4  uart.o(.text.UART0_init)
    [Anonymous Symbol]                       0x000012bc   Section        0  uart_extras.o(.text.UART0_printDec)
    [Anonymous Symbol]                       0x00001314   Section        0  uart.o(.text.UART0_put)
    [Anonymous Symbol]                       0x00001330   Section        0  uart.o(.text.UART0_putchar)
    __arm_cp.1_0                             0x00001344   Number         4  uart.o(.text.UART0_putchar)
    __NVIC_EnableIRQ                         0x00001349   Thumb Code    24  timers_1.o(.text.__NVIC_EnableIRQ)
    [Anonymous Symbol]                       0x00001348   Section        0  timers_1.o(.text.__NVIC_EnableIRQ)
    __arm_cp.1_0                             0x0000135c   Number         4  timers_1.o(.text.__NVIC_EnableIRQ)
    [Anonymous Symbol]                       0x00001360   Section        0  main.o(.text.main)
    __arm_cp.0_0                             0x00001414   Number         4  main.o(.text.main)
    __arm_cp.0_1                             0x00001418   Number         4  main.o(.text.main)
    __arm_cp.0_2                             0x0000141c   Number         4  main.o(.text.main)
    __arm_cp.0_3                             0x00001420   Number         4  main.o(.text.main)
    __arm_cp.0_4                             0x00001424   Number         4  main.o(.text.main)
    __arm_cp.0_5                             0x00001428   Number         4  main.o(.text.main)
    __arm_cp.0_7                             0x00001438   Number         4  main.o(.text.main)
    __arm_cp.0_8                             0x0000143c   Number         4  main.o(.text.main)
    __arm_cp.0_9                             0x00001440   Number         4  main.o(.text.main)
    __arm_cp.0_10                            0x00001444   Number         4  main.o(.text.main)
    .text_divfast                            0x00001458   Section      502  aeabi_sdivfast.o(.text_divfast)
    ddiv_reciptbl                            0x0000164e   Data         128  ddiv.o(.constdata)
    .constdata                               0x0000164e   Section      128  ddiv.o(.constdata)
    x$fpl$usenofp                            0x0000164e   Section        0  usenofp.o(x$fpl$usenofp)
    .L.str.1                                 0x000016ce   Data           3  main.o(.rodata.str1.1)
    [Anonymous Symbol]                       0x000016ce   Section        0  main.o(.rodata.str1.1)
    SystemMasterClock                        0x20200000   Data           4  sysctl.o(.data.SystemMasterClock)
    [Anonymous Symbol]                       0x20200000   Section        0  sysctl.o(.data.SystemMasterClock)
    .bss                                     0x20200008   Section       96  libspace.o(.bss)
    heart_rate                               0x2020006c   Data           4  main.o(.bss.heart_rate)
    [Anonymous Symbol]                       0x2020006c   Section        0  main.o(.bss.heart_rate)
    low_counter                              0x20200070   Data           4  main.o(.bss.low_counter)
    [Anonymous Symbol]                       0x20200070   Section        0  main.o(.bss.low_counter)
    timeElapsed                              0x20200074   Data           4  isrs.o(.bss.timeElapsed)
    [Anonymous Symbol]                       0x20200074   Section        0  isrs.o(.bss.timeElapsed)
    timerOn                                  0x20200078   Data           1  isrs.o(.bss.timerOn)
    [Anonymous Symbol]                       0x20200078   Section        0  isrs.o(.bss.timerOn)
    Heap_Mem                                 0x20200080   Data         512  startup_mspm0g350x_uvision.o(HEAP)
    HEAP                                     0x20200080   Section      512  startup_mspm0g350x_uvision.o(HEAP)
    Stack_Mem                                0x20200280   Data         512  startup_mspm0g350x_uvision.o(STACK)
    STACK                                    0x20200280   Section      512  startup_mspm0g350x_uvision.o(STACK)
    __initial_sp                             0x20200480   Data           0  startup_mspm0g350x_uvision.o(STACK)

    Global Symbols

    Symbol Name                              Value     Ov Type        Size  Object(Section)

    BuildAttributes$$THM_ISAv3M$S$PE$A:L22$X:L11$S22$IEEE1$IW$~IW$USESV6$~STKCKD$USESV7$~SHL$OTIME$ROPI$EBA8$UX$STANDARDLIB$REQ8$PRES8$EABIv2 0x00000000   Number         0  anon$$obj.o ABSOLUTE
    __Vectors                                0x00000000   Data           4  startup_mspm0g350x_uvision.o(RESET)
    _printf_flags                            0x00000000   Number         0  printf_stubs.o ABSOLUTE
    _printf_return_value                     0x00000000   Number         0  printf_stubs.o ABSOLUTE
    _printf_sizespec                         0x00000000   Number         0  printf_stubs.o ABSOLUTE
    _printf_widthprec                        0x00000000   Number         0  printf_stubs.o ABSOLUTE
    __ARM_exceptions_init                     - Undefined Weak Reference
    __alloca_initialize                       - Undefined Weak Reference
    __arm_preinit_                            - Undefined Weak Reference
    __cpp_initialize__aeabi_                  - Undefined Weak Reference
    __cxa_finalize                            - Undefined Weak Reference
    __rt_locale                               - Undefined Weak Reference
    __sigvec_lookup                           - Undefined Weak Reference
    _atexit_init                              - Undefined Weak Reference
    _call_atexit_fns                          - Undefined Weak Reference
    _clock_init                               - Undefined Weak Reference
    _fp_trap_init                             - Undefined Weak Reference
    _fp_trap_shutdown                         - Undefined Weak Reference
    _get_lc_collate                           - Undefined Weak Reference
    _get_lc_ctype                             - Undefined Weak Reference
    _get_lc_monetary                          - Undefined Weak Reference
    _get_lc_numeric                           - Undefined Weak Reference
    _get_lc_time                              - Undefined Weak Reference
    _getenv_init                              - Undefined Weak Reference
    _handle_redirection                       - Undefined Weak Reference
    _init_alloc                               - Undefined Weak Reference
    _init_user_alloc                          - Undefined Weak Reference
    _initio                                   - Undefined Weak Reference
    _printf_post_padding                      - Undefined Weak Reference
    _printf_pre_padding                       - Undefined Weak Reference
    _printf_truncate_signed                   - Undefined Weak Reference
    _printf_truncate_unsigned                 - Undefined Weak Reference
    _rand_init                                - Undefined Weak Reference
    _signal_finish                            - Undefined Weak Reference
    _signal_init                              - Undefined Weak Reference
    _terminate_alloc                          - Undefined Weak Reference
    _terminate_user_alloc                     - Undefined Weak Reference
    _terminateio                              - Undefined Weak Reference
    __Vectors_End                            0x000000c0   Data           0  startup_mspm0g350x_uvision.o(RESET)
    __Vectors_Size                           0x000000c0   Number         0  startup_mspm0g350x_uvision.o ABSOLUTE
    __main                                   0x000000c1   Thumb Code     8  __main.o(!!!main)
    __scatterload                            0x000000c9   Thumb Code     0  __scatter.o(!!!scatter)
    __scatterload_rt2                        0x000000c9   Thumb Code    52  __scatter.o(!!!scatter)
    __scatterload_rt2_thumb_only             0x000000c9   Thumb Code     0  __scatter.o(!!!scatter)
    __scatterload_null                       0x000000d9   Thumb Code     0  __scatter.o(!!!scatter)
    __scatterload_copy                       0x00000109   Thumb Code    26  __scatter_copy.o(!!handler_copy)
    __scatterload_zeroinit                   0x00000129   Thumb Code    28  __scatter_zi.o(!!handler_zi)
    _printf_percent                          0x00000145   Thumb Code     0  _printf_percent.o(.ARM.Collect$$_printf_percent$$00000000)
    _printf_d                                0x00000147   Thumb Code     0  _printf_d.o(.ARM.Collect$$_printf_percent$$00000009)
    _printf_percent_end                      0x00000151   Thumb Code     0  _printf_percent_end.o(.ARM.Collect$$_printf_percent$$00000017)
    __rt_lib_init                            0x00000155   Thumb Code     0  libinit.o(.ARM.Collect$$libinit$$00000000)
    __rt_lib_init_alloca_1                   0x00000157   Thumb Code     0  libinit2.o(.ARM.Collect$$libinit$$0000002E)
    __rt_lib_init_argv_1                     0x00000157   Thumb Code     0  libinit2.o(.ARM.Collect$$libinit$$0000002C)
    __rt_lib_init_atexit_1                   0x00000157   Thumb Code     0  libinit2.o(.ARM.Collect$$libinit$$0000001B)
    __rt_lib_init_clock_1                    0x00000157   Thumb Code     0  libinit2.o(.ARM.Collect$$libinit$$00000021)
    __rt_lib_init_cpp_1                      0x00000157   Thumb Code     0  libinit2.o(.ARM.Collect$$libinit$$00000032)
    __rt_lib_init_exceptions_1               0x00000157   Thumb Code     0  libinit2.o(.ARM.Collect$$libinit$$00000030)
    __rt_lib_init_fp_1                       0x00000157   Thumb Code     0  libinit2.o(.ARM.Collect$$libinit$$00000002)
    __rt_lib_init_fp_trap_1                  0x00000157   Thumb Code     0  libinit2.o(.ARM.Collect$$libinit$$0000001F)
    __rt_lib_init_getenv_1                   0x00000157   Thumb Code     0  libinit2.o(.ARM.Collect$$libinit$$00000023)
    __rt_lib_init_heap_1                     0x00000157   Thumb Code     0  libinit2.o(.ARM.Collect$$libinit$$0000000A)
    __rt_lib_init_lc_collate_1               0x00000157   Thumb Code     0  libinit2.o(.ARM.Collect$$libinit$$00000011)
    __rt_lib_init_lc_ctype_1                 0x00000157   Thumb Code     0  libinit2.o(.ARM.Collect$$libinit$$00000013)
    __rt_lib_init_lc_monetary_1              0x00000157   Thumb Code     0  libinit2.o(.ARM.Collect$$libinit$$00000015)
    __rt_lib_init_lc_numeric_1               0x00000157   Thumb Code     0  libinit2.o(.ARM.Collect$$libinit$$00000017)
    __rt_lib_init_lc_time_1                  0x00000157   Thumb Code     0  libinit2.o(.ARM.Collect$$libinit$$00000019)
    __rt_lib_init_preinit_1                  0x00000157   Thumb Code     0  libinit2.o(.ARM.Collect$$libinit$$00000004)
    __rt_lib_init_rand_1                     0x00000157   Thumb Code     0  libinit2.o(.ARM.Collect$$libinit$$0000000E)
    __rt_lib_init_return                     0x00000157   Thumb Code     0  libinit2.o(.ARM.Collect$$libinit$$00000033)
    __rt_lib_init_signal_1                   0x00000157   Thumb Code     0  libinit2.o(.ARM.Collect$$libinit$$0000001D)
    __rt_lib_init_stdio_1                    0x00000157   Thumb Code     0  libinit2.o(.ARM.Collect$$libinit$$00000025)
    __rt_lib_init_user_alloc_1               0x00000157   Thumb Code     0  libinit2.o(.ARM.Collect$$libinit$$0000000C)
    __rt_lib_shutdown                        0x00000159   Thumb Code     0  libshutdown.o(.ARM.Collect$$libshutdown$$00000000)
    __rt_lib_shutdown_cpp_1                  0x0000015b   Thumb Code     0  libshutdown2.o(.ARM.Collect$$libshutdown$$00000002)
    __rt_lib_shutdown_fp_trap_1              0x0000015b   Thumb Code     0  libshutdown2.o(.ARM.Collect$$libshutdown$$00000007)
    __rt_lib_shutdown_heap_1                 0x0000015b   Thumb Code     0  libshutdown2.o(.ARM.Collect$$libshutdown$$0000000F)
    __rt_lib_shutdown_return                 0x0000015b   Thumb Code     0  libshutdown2.o(.ARM.Collect$$libshutdown$$00000010)
    __rt_lib_shutdown_signal_1               0x0000015b   Thumb Code     0  libshutdown2.o(.ARM.Collect$$libshutdown$$0000000A)
    __rt_lib_shutdown_stdio_1                0x0000015b   Thumb Code     0  libshutdown2.o(.ARM.Collect$$libshutdown$$00000004)
    __rt_lib_shutdown_user_alloc_1           0x0000015b   Thumb Code     0  libshutdown2.o(.ARM.Collect$$libshutdown$$0000000C)
    __rt_entry                               0x0000015d   Thumb Code     0  __rtentry.o(.ARM.Collect$$rtentry$$00000000)
    __rt_entry_presh_1                       0x0000015d   Thumb Code     0  __rtentry2.o(.ARM.Collect$$rtentry$$00000002)
    __rt_entry_sh                            0x0000015d   Thumb Code     0  __rtentry4.o(.ARM.Collect$$rtentry$$00000004)
    __rt_entry_li                            0x00000163   Thumb Code     0  __rtentry2.o(.ARM.Collect$$rtentry$$0000000A)
    __rt_entry_postsh_1                      0x00000163   Thumb Code     0  __rtentry2.o(.ARM.Collect$$rtentry$$00000009)
    __rt_entry_main                          0x00000167   Thumb Code     0  __rtentry2.o(.ARM.Collect$$rtentry$$0000000D)
    __rt_entry_postli_1                      0x00000167   Thumb Code     0  __rtentry2.o(.ARM.Collect$$rtentry$$0000000C)
    __rt_exit                                0x0000016f   Thumb Code     0  rtexit.o(.ARM.Collect$$rtexit$$00000000)
    __rt_exit_ls                             0x00000171   Thumb Code     0  rtexit2.o(.ARM.Collect$$rtexit$$00000003)
    __rt_exit_prels_1                        0x00000171   Thumb Code     0  rtexit2.o(.ARM.Collect$$rtexit$$00000002)
    __rt_exit_exit                           0x00000175   Thumb Code     0  rtexit2.o(.ARM.Collect$$rtexit$$00000004)
    Reset_Handler                            0x0000017d   Thumb Code     4  startup_mspm0g350x_uvision.o(.text)
    NMI_Handler                              0x00000181   Thumb Code     2  startup_mspm0g350x_uvision.o(.text)
    HardFault_Handler                        0x00000183   Thumb Code     2  startup_mspm0g350x_uvision.o(.text)
    SVC_Handler                              0x00000185   Thumb Code     2  startup_mspm0g350x_uvision.o(.text)
    PendSV_Handler                           0x00000187   Thumb Code     2  startup_mspm0g350x_uvision.o(.text)
    SysTick_Handler                          0x00000189   Thumb Code     2  startup_mspm0g350x_uvision.o(.text)
    ADC0_IRQHandler                          0x0000018b   Thumb Code     0  startup_mspm0g350x_uvision.o(.text)
    ADC1_IRQHandler                          0x0000018b   Thumb Code     0  startup_mspm0g350x_uvision.o(.text)
    AES_IRQHandler                           0x0000018b   Thumb Code     0  startup_mspm0g350x_uvision.o(.text)
    CANFD0_IRQHandler                        0x0000018b   Thumb Code     0  startup_mspm0g350x_uvision.o(.text)
    DAC0_IRQHandler                          0x0000018b   Thumb Code     0  startup_mspm0g350x_uvision.o(.text)
    DMA_IRQHandler                           0x0000018b   Thumb Code     0  startup_mspm0g350x_uvision.o(.text)
    Default_Handler                          0x0000018b   Thumb Code     2  startup_mspm0g350x_uvision.o(.text)
    GROUP0_IRQHandler                        0x0000018b   Thumb Code     0  startup_mspm0g350x_uvision.o(.text)
    I2C0_IRQHandler                          0x0000018b   Thumb Code     0  startup_mspm0g350x_uvision.o(.text)
    I2C1_IRQHandler                          0x0000018b   Thumb Code     0  startup_mspm0g350x_uvision.o(.text)
    RTC_IRQHandler                           0x0000018b   Thumb Code     0  startup_mspm0g350x_uvision.o(.text)
    SPI0_IRQHandler                          0x0000018b   Thumb Code     0  startup_mspm0g350x_uvision.o(.text)
    SPI1_IRQHandler                          0x0000018b   Thumb Code     0  startup_mspm0g350x_uvision.o(.text)
    TIMA0_IRQHandler                         0x0000018b   Thumb Code     0  startup_mspm0g350x_uvision.o(.text)
    TIMA1_IRQHandler                         0x0000018b   Thumb Code     0  startup_mspm0g350x_uvision.o(.text)
    TIMG7_IRQHandler                         0x0000018b   Thumb Code     0  startup_mspm0g350x_uvision.o(.text)
    TIMG8_IRQHandler                         0x0000018b   Thumb Code     0  startup_mspm0g350x_uvision.o(.text)
    UART0_IRQHandler                         0x0000018b   Thumb Code     0  startup_mspm0g350x_uvision.o(.text)
    UART1_IRQHandler                         0x0000018b   Thumb Code     0  startup_mspm0g350x_uvision.o(.text)
    UART2_IRQHandler                         0x0000018b   Thumb Code     0  startup_mspm0g350x_uvision.o(.text)
    UART3_IRQHandler                         0x0000018b   Thumb Code     0  startup_mspm0g350x_uvision.o(.text)
    __user_initial_stackheap                 0x0000018d   Thumb Code    10  startup_mspm0g350x_uvision.o(.text)
    __2sprintf                               0x000001ad   Thumb Code    36  noretval__2sprintf.o(.text)
    _printf_int_dec                          0x000001d5   Thumb Code    90  _printf_dec.o(.text)
    __printf                                 0x00000241   Thumb Code   190  __printf_ss.o(.text)
    __use_two_region_memory                  0x000002ff   Thumb Code     2  heapauxi.o(.text)
    __rt_heap_escrow$2region                 0x00000301   Thumb Code     2  heapauxi.o(.text)
    __rt_heap_expand$2region                 0x00000303   Thumb Code     2  heapauxi.o(.text)
    __aeabi_dadd                             0x000005fd   Thumb Code     0  daddsub.o(.text)
    _dadd                                    0x000005fd   Thumb Code    26  daddsub.o(.text)
    __aeabi_dsub                             0x00000617   Thumb Code     0  daddsub.o(.text)
    _dsub                                    0x00000617   Thumb Code    22  daddsub.o(.text)
    __aeabi_drsub                            0x0000062d   Thumb Code     0  daddsub.o(.text)
    _drsb                                    0x0000062d   Thumb Code    28  daddsub.o(.text)
    __aeabi_ddiv                             0x0000065d   Thumb Code     0  ddiv.o(.text)
    _ddiv                                    0x0000065d   Thumb Code  1072  ddiv.o(.text)
    _drdiv                                   0x00000a8d   Thumb Code    20  ddiv.o(.text)
    __aeabi_d2uiz                            0x00000aa5   Thumb Code     0  dfixui.o(.text)
    _dfixu                                   0x00000aa5   Thumb Code    68  dfixui.o(.text)
    __aeabi_i2d_normalise                    0x00000aed   Thumb Code    66  dflti.o(.text)
    __aeabi_i2d                              0x00000b2f   Thumb Code    16  dflti.o(.text)
    _dflt                                    0x00000b2f   Thumb Code     0  dflti.o(.text)
    __aeabi_ui2d                             0x00000b3f   Thumb Code     6  dflti.o(.text)
    _dfltu                                   0x00000b3f   Thumb Code     0  dflti.o(.text)
    __aeabi_dmul                             0x00000b45   Thumb Code     0  dmul.o(.text)
    _dmul                                    0x00000b45   Thumb Code   558  dmul.o(.text)
    _printf_int_common                       0x00000d8d   Thumb Code   176  _printf_intcommon.o(.text)
    _printf_char_common                      0x00000e47   Thumb Code    32  _printf_char_common.o(.text)
    _sputc                                   0x00000e6d   Thumb Code    10  _sputc.o(.text)
    __rt_udiv10                              0x00000e77   Thumb Code    40  rtudiv10.o(.text)
    __user_setup_stackheap                   0x00000e9f   Thumb Code    62  sys_stackheap_outer.o(.text)
    exit                                     0x00000edd   Thumb Code    16  exit.o(.text)
    __user_libspace                          0x00000eed   Thumb Code     8  libspace.o(.text)
    __user_perproc_libspace                  0x00000eed   Thumb Code     0  libspace.o(.text)
    __user_perthread_libspace                0x00000eed   Thumb Code     0  libspace.o(.text)
    _sys_exit                                0x00000ef5   Thumb Code     8  sys_exit.o(.text)
    __I$use$semihosting                      0x00000f01   Thumb Code     0  use_no_semi.o(.text)
    __use_no_semihosting_swi                 0x00000f01   Thumb Code     2  use_no_semi.o(.text)
    __semihosting_library_function           0x00000f03   Thumb Code     0  indicate_semi.o(.text)
    ADC0_getVal                              0x00000f05   Thumb Code    60  adc12.o(.text.ADC0_getVal)
    ADC0_init                                0x00000f41   Thumb Code   128  adc12.o(.text.ADC0_init)
    GROUP1_IRQHandler                        0x00000fc1   Thumb Code   148  isrs.o(.text.GROUP1_IRQHandler)
    LED1_set                                 0x00001055   Thumb Code    36  leds.o(.text.LED1_set)
    LED2_set                                 0x00001079   Thumb Code    76  leds.o(.text.LED2_set)
    SYSCTL_SYSCLK_getULPCLK                  0x000010c5   Thumb Code    32  sysctl.o(.text.SYSCTL_SYSCLK_getULPCLK)
    TIMG0_IRQHandler                         0x000010e5   Thumb Code    32  isrs.o(.text.TIMG0_IRQHandler)
    TIMG12_IRQHandler                        0x00001105   Thumb Code    68  isrs.o(.text.TIMG12_IRQHandler)
    TIMG6_IRQHandler                         0x00001149   Thumb Code    24  isrs.o(.text.TIMG6_IRQHandler)
    TIMG6_init                               0x00001161   Thumb Code   120  timers_1.o(.text.TIMG6_init)
    UART0_init                               0x000011d9   Thumb Code   228  uart.o(.text.UART0_init)
    UART0_printDec                           0x000012bd   Thumb Code    88  uart_extras.o(.text.UART0_printDec)
    UART0_put                                0x00001315   Thumb Code    28  uart.o(.text.UART0_put)
    UART0_putchar                            0x00001331   Thumb Code    24  uart.o(.text.UART0_putchar)
    main                                     0x00001361   Thumb Code   248  main.o(.text.main)
    __aeabi_uidiv                            0x00001459   Thumb Code    68  aeabi_sdivfast.o(.text_divfast)
    __aeabi_idiv                             0x0000149d   Thumb Code   434  aeabi_sdivfast.o(.text_divfast)
    __I$use$fp                               0x0000164e   Number         0  usenofp.o(x$fpl$usenofp)
    Region$$Table$$Base                      0x000016d8   Number         0  anon$$obj.o(Region$$Table)
    Region$$Table$$Limit                     0x000016f8   Number         0  anon$$obj.o(Region$$Table)
    __libspace_start                         0x20200008   Data          96  libspace.o(.bss)
    __temporary_stack_top$libspace           0x20200068   Data           0  libspace.o(.bss)
    delayOver                                0x20200068   Data           4  isrs.o(.bss.delayOver)



==============================================================================

Memory Map of the image

  Image Entry point : 0x000000c1

  Load Region LR_IROM1 (Base: 0x00000000, Size: 0x00001700, Max: 0x00020000, ABSOLUTE)

    Execution Region ER_IROM1 (Exec base: 0x00000000, Load base: 0x00000000, Size: 0x000016f8, Max: 0x00020000, ABSOLUTE)

    Exec Addr    Load Addr    Size         Type   Attr      Idx    E Section Name        Object

    0x00000000   0x00000000   0x000000c0   Data   RO           16    RESET               startup_mspm0g350x_uvision.o
    0x000000c0   0x000000c0   0x00000008   Code   RO          253  * !!!main             c_p.l(__main.o)
    0x000000c8   0x000000c8   0x0000003c   Code   RO          479    !!!scatter          c_p.l(__scatter.o)
    0x00000104   0x00000104   0x00000004   PAD
    0x00000108   0x00000108   0x0000001a   Code   RO          481    !!handler_copy      c_p.l(__scatter_copy.o)
    0x00000122   0x00000122   0x00000006   PAD
    0x00000128   0x00000128   0x0000001c   Code   RO          483    !!handler_zi        c_p.l(__scatter_zi.o)
    0x00000144   0x00000144   0x00000002   Code   RO          242    .ARM.Collect$$_printf_percent$$00000000  c_p.l(_printf_percent.o)
    0x00000146   0x00000146   0x0000000a   Code   RO          241    .ARM.Collect$$_printf_percent$$00000009  c_p.l(_printf_d.o)
    0x00000150   0x00000150   0x00000004   Code   RO          291    .ARM.Collect$$_printf_percent$$00000017  c_p.l(_printf_percent_end.o)
    0x00000154   0x00000154   0x00000002   Code   RO          336    .ARM.Collect$$libinit$$00000000  c_p.l(libinit.o)
    0x00000156   0x00000156   0x00000000   Code   RO          354    .ARM.Collect$$libinit$$00000002  c_p.l(libinit2.o)
    0x00000156   0x00000156   0x00000000   Code   RO          356    .ARM.Collect$$libinit$$00000004  c_p.l(libinit2.o)
    0x00000156   0x00000156   0x00000000   Code   RO          359    .ARM.Collect$$libinit$$0000000A  c_p.l(libinit2.o)
    0x00000156   0x00000156   0x00000000   Code   RO          361    .ARM.Collect$$libinit$$0000000C  c_p.l(libinit2.o)
    0x00000156   0x00000156   0x00000000   Code   RO          363    .ARM.Collect$$libinit$$0000000E  c_p.l(libinit2.o)
    0x00000156   0x00000156   0x00000000   Code   RO          366    .ARM.Collect$$libinit$$00000011  c_p.l(libinit2.o)
    0x00000156   0x00000156   0x00000000   Code   RO          368    .ARM.Collect$$libinit$$00000013  c_p.l(libinit2.o)
    0x00000156   0x00000156   0x00000000   Code   RO          370    .ARM.Collect$$libinit$$00000015  c_p.l(libinit2.o)
    0x00000156   0x00000156   0x00000000   Code   RO          372    .ARM.Collect$$libinit$$00000017  c_p.l(libinit2.o)
    0x00000156   0x00000156   0x00000000   Code   RO          374    .ARM.Collect$$libinit$$00000019  c_p.l(libinit2.o)
    0x00000156   0x00000156   0x00000000   Code   RO          376    .ARM.Collect$$libinit$$0000001B  c_p.l(libinit2.o)
    0x00000156   0x00000156   0x00000000   Code   RO          378    .ARM.Collect$$libinit$$0000001D  c_p.l(libinit2.o)
    0x00000156   0x00000156   0x00000000   Code   RO          380    .ARM.Collect$$libinit$$0000001F  c_p.l(libinit2.o)
    0x00000156   0x00000156   0x00000000   Code   RO          382    .ARM.Collect$$libinit$$00000021  c_p.l(libinit2.o)
    0x00000156   0x00000156   0x00000000   Code   RO          384    .ARM.Collect$$libinit$$00000023  c_p.l(libinit2.o)
    0x00000156   0x00000156   0x00000000   Code   RO          386    .ARM.Collect$$libinit$$00000025  c_p.l(libinit2.o)
    0x00000156   0x00000156   0x00000000   Code   RO          390    .ARM.Collect$$libinit$$0000002C  c_p.l(libinit2.o)
    0x00000156   0x00000156   0x00000000   Code   RO          392    .ARM.Collect$$libinit$$0000002E  c_p.l(libinit2.o)
    0x00000156   0x00000156   0x00000000   Code   RO          394    .ARM.Collect$$libinit$$00000030  c_p.l(libinit2.o)
    0x00000156   0x00000156   0x00000000   Code   RO          396    .ARM.Collect$$libinit$$00000032  c_p.l(libinit2.o)
    0x00000156   0x00000156   0x00000002   Code   RO          397    .ARM.Collect$$libinit$$00000033  c_p.l(libinit2.o)
    0x00000158   0x00000158   0x00000002   Code   RO          434    .ARM.Collect$$libshutdown$$00000000  c_p.l(libshutdown.o)
    0x0000015a   0x0000015a   0x00000000   Code   RO          462    .ARM.Collect$$libshutdown$$00000002  c_p.l(libshutdown2.o)
    0x0000015a   0x0000015a   0x00000000   Code   RO          464    .ARM.Collect$$libshutdown$$00000004  c_p.l(libshutdown2.o)
    0x0000015a   0x0000015a   0x00000000   Code   RO          467    .ARM.Collect$$libshutdown$$00000007  c_p.l(libshutdown2.o)
    0x0000015a   0x0000015a   0x00000000   Code   RO          470    .ARM.Collect$$libshutdown$$0000000A  c_p.l(libshutdown2.o)
    0x0000015a   0x0000015a   0x00000000   Code   RO          472    .ARM.Collect$$libshutdown$$0000000C  c_p.l(libshutdown2.o)
    0x0000015a   0x0000015a   0x00000000   Code   RO          475    .ARM.Collect$$libshutdown$$0000000F  c_p.l(libshutdown2.o)
    0x0000015a   0x0000015a   0x00000002   Code   RO          476    .ARM.Collect$$libshutdown$$00000010  c_p.l(libshutdown2.o)
    0x0000015c   0x0000015c   0x00000000   Code   RO          280    .ARM.Collect$$rtentry$$00000000  c_p.l(__rtentry.o)
    0x0000015c   0x0000015c   0x00000000   Code   RO          302    .ARM.Collect$$rtentry$$00000002  c_p.l(__rtentry2.o)
    0x0000015c   0x0000015c   0x00000006   Code   RO          314    .ARM.Collect$$rtentry$$00000004  c_p.l(__rtentry4.o)
    0x00000162   0x00000162   0x00000000   Code   RO          304    .ARM.Collect$$rtentry$$00000009  c_p.l(__rtentry2.o)
    0x00000162   0x00000162   0x00000004   Code   RO          305    .ARM.Collect$$rtentry$$0000000A  c_p.l(__rtentry2.o)
    0x00000166   0x00000166   0x00000000   Code   RO          307    .ARM.Collect$$rtentry$$0000000C  c_p.l(__rtentry2.o)
    0x00000166   0x00000166   0x00000008   Code   RO          308    .ARM.Collect$$rtentry$$0000000D  c_p.l(__rtentry2.o)
    0x0000016e   0x0000016e   0x00000002   Code   RO          345    .ARM.Collect$$rtexit$$00000000  c_p.l(rtexit.o)
    0x00000170   0x00000170   0x00000000   Code   RO          405    .ARM.Collect$$rtexit$$00000002  c_p.l(rtexit2.o)
    0x00000170   0x00000170   0x00000004   Code   RO          406    .ARM.Collect$$rtexit$$00000003  c_p.l(rtexit2.o)
    0x00000174   0x00000174   0x00000006   Code   RO          407    .ARM.Collect$$rtexit$$00000004  c_p.l(rtexit2.o)
    0x0000017a   0x0000017a   0x00000002   PAD
    0x0000017c   0x0000017c   0x00000030   Code   RO           17    .text               startup_mspm0g350x_uvision.o
    0x000001ac   0x000001ac   0x00000028   Code   RO          215    .text               c_p.l(noretval__2sprintf.o)
    0x000001d4   0x000001d4   0x0000006c   Code   RO          219    .text               c_p.l(_printf_dec.o)
    0x00000240   0x00000240   0x000000be   Code   RO          224    .text               c_p.l(__printf_ss.o)
    0x000002fe   0x000002fe   0x00000006   Code   RO          251    .text               c_p.l(heapauxi.o)
    0x00000304   0x00000304   0x00000358   Code   RO          255    .text               fz_ps.l(daddsub.o)
    0x0000065c   0x0000065c   0x00000448   Code   RO          269    .text               fz_ps.l(ddiv.o)
    0x00000aa4   0x00000aa4   0x00000048   Code   RO          274    .text               fz_ps.l(dfixui.o)
    0x00000aec   0x00000aec   0x00000058   Code   RO          276    .text               fz_ps.l(dflti.o)
    0x00000b44   0x00000b44   0x00000248   Code   RO          278    .text               fz_ps.l(dmul.o)
    0x00000d8c   0x00000d8c   0x000000b0   Code   RO          285    .text               c_p.l(_printf_intcommon.o)
    0x00000e3c   0x00000e3c   0x00000030   Code   RO          287    .text               c_p.l(_printf_char_common.o)
    0x00000e6c   0x00000e6c   0x0000000a   Code   RO          289    .text               c_p.l(_sputc.o)
    0x00000e76   0x00000e76   0x00000028   Code   RO          292    .text               c_p.l(rtudiv10.o)
    0x00000e9e   0x00000e9e   0x0000003e   Code   RO          322    .text               c_p.l(sys_stackheap_outer.o)
    0x00000edc   0x00000edc   0x00000010   Code   RO          325    .text               c_p.l(exit.o)
    0x00000eec   0x00000eec   0x00000008   Code   RO          341    .text               c_p.l(libspace.o)
    0x00000ef4   0x00000ef4   0x0000000c   Code   RO          400    .text               c_p.l(sys_exit.o)
    0x00000f00   0x00000f00   0x00000002   Code   RO          423    .text               c_p.l(use_no_semi.o)
    0x00000f02   0x00000f02   0x00000000   Code   RO          425    .text               c_p.l(indicate_semi.o)
    0x00000f02   0x00000f02   0x00000002   PAD
    0x00000f04   0x00000f04   0x0000003c   Code   RO           98    .text.ADC0_getVal   adc12.o
    0x00000f40   0x00000f40   0x00000080   Code   RO           96    .text.ADC0_init     adc12.o
    0x00000fc0   0x00000fc0   0x00000094   Code   RO           51    .text.GROUP1_IRQHandler  isrs.o
    0x00001054   0x00001054   0x00000024   Code   RO          173    .text.LED1_set      leds.o
    0x00001078   0x00001078   0x0000004c   Code   RO          175    .text.LED2_set      leds.o
    0x000010c4   0x000010c4   0x00000020   Code   RO           28    .text.SYSCTL_SYSCLK_getULPCLK  sysctl.o
    0x000010e4   0x000010e4   0x00000020   Code   RO           53    .text.TIMG0_IRQHandler  isrs.o
    0x00001104   0x00001104   0x00000044   Code   RO           57    .text.TIMG12_IRQHandler  isrs.o
    0x00001148   0x00001148   0x00000018   Code   RO           55    .text.TIMG6_IRQHandler  isrs.o
    0x00001160   0x00001160   0x00000078   Code   RO           76    .text.TIMG6_init    timers_1.o
    0x000011d8   0x000011d8   0x000000e4   Code   RO          145    .text.UART0_init    uart.o
    0x000012bc   0x000012bc   0x00000058   Code   RO           39    .text.UART0_printDec  uart_extras.o
    0x00001314   0x00001314   0x0000001c   Code   RO          151    .text.UART0_put     uart.o
    0x00001330   0x00001330   0x00000018   Code   RO          147    .text.UART0_putchar  uart.o
    0x00001348   0x00001348   0x00000018   Code   RO           74    .text.__NVIC_EnableIRQ  timers_1.o
    0x00001360   0x00001360   0x000000f8   Code   RO            2    .text.main          main.o
    0x00001458   0x00001458   0x000001f6   Code   RO          244    .text_divfast       c_p.l(aeabi_sdivfast.o)
    0x0000164e   0x0000164e   0x00000000   Code   RO          300    x$fpl$usenofp       fz_ps.l(usenofp.o)
    0x0000164e   0x0000164e   0x00000080   Data   RO          270    .constdata          fz_ps.l(ddiv.o)
    0x000016ce   0x000016ce   0x00000003   Data   RO            4    .rodata.str1.1      main.o
    0x000016d1   0x000016d1   0x00000007   PAD
    0x000016d8   0x000016d8   0x00000020   Data   RO          478    Region$$Table       anon$$obj.o


    Execution Region RW_IRAM2 (Exec base: 0x20200000, Load base: 0x000016f8, Size: 0x00000480, Max: 0x00008000, ABSOLUTE)

    Exec Addr    Load Addr    Size         Type   Attr      Idx    E Section Name        Object

    0x20200000   0x000016f8   0x00000004   Data   RW           30    .data.SystemMasterClock  sysctl.o
    0x20200004   0x000016fc   0x00000004   PAD
    0x20200008        -       0x00000060   Zero   RW          342    .bss                c_p.l(libspace.o)
    0x20200068        -       0x00000004   Zero   RW           61    .bss.delayOver      isrs.o
    0x2020006c        -       0x00000004   Zero   RW            6    .bss.heart_rate     main.o
    0x20200070        -       0x00000004   Zero   RW            5    .bss.low_counter    main.o
    0x20200074        -       0x00000004   Zero   RW           63    .bss.timeElapsed    isrs.o
    0x20200078        -       0x00000001   Zero   RW           62    .bss.timerOn        isrs.o
    0x20200079   0x000016fc   0x00000007   PAD
    0x20200080        -       0x00000200   Zero   RW           15    HEAP                startup_mspm0g350x_uvision.o
    0x20200280        -       0x00000200   Zero   RW           14    STACK               startup_mspm0g350x_uvision.o



  Load Region LR_BCR (Base: 0x41c00000, Size: 0x00000000, Max: 0x00000100, ABSOLUTE)

    Execution Region BCR_CONFIG (Exec base: 0x41c00000, Load base: 0x41c00000, Size: 0x00000000, Max: 0x00000080, ABSOLUTE)

    **** No section assigned to this execution region ****



  Load Region LR_BSL (Base: 0x41c00100, Size: 0x00000000, Max: 0x00000100, ABSOLUTE)

    Execution Region BSL_CONFIG (Exec base: 0x41c00100, Load base: 0x41c00100, Size: 0x00000000, Max: 0x00000080, ABSOLUTE)

    **** No section assigned to this execution region ****


==============================================================================

Image component sizes


      Code (inc. data)   RO Data    RW Data    ZI Data      Debug   Object Name

       188         32          0          0          0       4052   adc12.o
       272         52          0          0          9       4555   isrs.o
       112          8          0          0          0       5572   leds.o
       248         68          3          0          8       6774   main.o
        48         22        192          0       1024        792   startup_mspm0g350x_uvision.o
        32          8          0          4          0       3998   sysctl.o
       144         24          0          0          0      10860   timers_1.o
       280         40          0          0          0       5424   uart.o
        88          0          0          0          0       1482   uart_extras.o

    ----------------------------------------------------------------------
      1412        254        234          4       1052      43509   Object Totals
         0          0         32          0          0          0   (incl. Generated)
         0          0          7          0         11          0   (incl. Padding)

    ----------------------------------------------------------------------

      Code (inc. data)   RO Data    RW Data    ZI Data      Debug   Library Member Name

         8          0          0          0          0         68   __main.o
       190          0          0          0          0         76   __printf_ss.o
         0          0          0          0          0          0   __rtentry.o
        12          0          0          0          0          0   __rtentry2.o
         6          0          0          0          0          0   __rtentry4.o
        60          8          0          0          0          0   __scatter.o
        26          0          0          0          0          0   __scatter_copy.o
        28          0          0          0          0          0   __scatter_zi.o
        48          6          0          0          0         88   _printf_char_common.o
        10          0          0          0          0          0   _printf_d.o
       108         18          0          0          0         76   _printf_dec.o
       176          0          0          0          0         84   _printf_intcommon.o
         2          0          0          0          0          0   _printf_percent.o
         4          0          0          0          0          0   _printf_percent_end.o
        10          0          0          0          0         60   _sputc.o
       502          0          0          0          0         92   aeabi_sdivfast.o
        16          0          0          0          0         68   exit.o
         6          0          0          0          0        136   heapauxi.o
         0          0          0          0          0          0   indicate_semi.o
         2          0          0          0          0          0   libinit.o
         2          0          0          0          0          0   libinit2.o
         2          0          0          0          0          0   libshutdown.o
         2          0          0          0          0          0   libshutdown2.o
         8          4          0          0         96         68   libspace.o
        40          4          0          0          0         84   noretval__2sprintf.o
         2          0          0          0          0          0   rtexit.o
        10          0          0          0          0          0   rtexit2.o
        40          0          0          0          0         60   rtudiv10.o
        12          4          0          0          0         60   sys_exit.o
        62          0          0          0          0         80   sys_stackheap_outer.o
         2          0          0          0          0         68   use_no_semi.o
       856         20          0          0          0        208   daddsub.o
      1096         26        128          0          0        112   ddiv.o
        72          4          0          0          0         68   dfixui.o
        88          0          0          0          0         92   dflti.o
       584         26          0          0          0         84   dmul.o
         0          0          0          0          0          0   usenofp.o

    ----------------------------------------------------------------------
      4106        124        128          0         96       1732   Library Totals
        14          4          0          0          0          0   (incl. Padding)

    ----------------------------------------------------------------------

      Code (inc. data)   RO Data    RW Data    ZI Data      Debug   Library Name

      1396         44          0          0         96       1168   c_p.l
      2696         76        128          0          0        564   fz_ps.l

    ----------------------------------------------------------------------
      4106        124        128          0         96       1732   Library Totals

    ----------------------------------------------------------------------

==============================================================================


      Code (inc. data)   RO Data    RW Data    ZI Data      Debug   

      5518        378        362          4       1148      44457   Grand Totals
      5518        378        362          4       1148      44457   ELF Image Totals
      5518        378        362          4          0          0   ROM Totals

==============================================================================

    Total RO  Size (Code + RO Data)                 5880 (   5.74kB)
    Total RW  Size (RW Data + ZI Data)              1152 (   1.13kB)
    Total ROM Size (Code + RO Data + RW Data)       5884 (   5.75kB)

==============================================================================

