Component: ARM Compiler 6.14 Tool: armlink [5db06800]

==============================================================================

Section Cross References

    main.o(.text.main) refers to uart.o(.text.UART0_init) for UART0_init
    main.o(.text.main) refers to switches.o(.text.S1_init_interrupt) for S1_init_interrupt
    main.o(.text.main) refers to switches.o(.text.S2_init_interrupt) for S2_init_interrupt
    main.o(.text.main) refers to leds.o(.text.LED2_init) for LED2_init
    main.o(.text.main) refers to motor.o(.text.Motor_Init) for Motor_Init
    main.o(.text.main) refers to servo.o(.text.SteeringServo_Init) for SteeringServo_Init
    main.o(.text.main) refers to adc12.o(.text.ADC0_init) for ADC0_init
    main.o(.text.main) refers to camera.o(.text.Camera_init) for Camera_init
    main.o(.text.main) refers to oled.o(.text.OLED_Init) for OLED_Init
    main.o(.text.main) refers to uart.o(.text.UART1_init) for UART1_init
    main.o(.text.main) refers to uart.o(.text.UART1_init_interrupt) for UART1_init_interrupt
    main.o(.text.main) refers to motor.o(.text.Motor_Stop) for Motor_Stop
    main.o(.text.main) refers to oled.o(.text.OLED_display_clear) for OLED_display_clear
    main.o(.text.main) refers to oled.o(.text.OLED_Print) for OLED_Print
    main.o(.text.main) refers to leds.o(.text.LED2_set) for LED2_set
    main.o(.text.main) refers to dfixi.o(.text) for __aeabi_d2iz
    main.o(.text.main) refers to motor.o(.text.Motor_Set_Speed) for Motor_Set_Speed
    main.o(.text.main) refers to camera.o(.text.Camera_isDataReady) for Camera_isDataReady
    main.o(.text.main) refers to camera.o(.text.Camera_getData) for Camera_getData
    main.o(.text.main) refers to aeabi_sdivfast.o(.text_divfast) for __aeabi_uidiv
    main.o(.text.main) refers to camera.o(.text.LineSensor_Calculate_Error) for LineSensor_Calculate_Error
    main.o(.text.main) refers to camera.o(.text.PID_Update) for PID_Update
    main.o(.text.main) refers to servo.o(.text.SteeringServo_Set_Turn) for SteeringServo_Set_Turn
    main.o(.text.main) refers to dcmp.o(i._dgr) for __aeabi_dcmpgt
    main.o(.text.main) refers to dcmp.o(i._dls) for __aeabi_dcmplt
    main.o(.text.main) refers to dmul.o(.text) for __aeabi_dmul
    main.o(.text.main) refers to daddsub.o(.text) for __aeabi_dadd
    main.o(.text.main) refers to main.o(.bss.main.line_data_smooth) for [Anonymous Symbol]
    main.o(.ARM.exidx.text.main) refers to main.o(.text.main) for [Anonymous Symbol]
    startup_mspm0g350x_uvision.o(STACK) refers (Special) to heapauxi.o(.text) for __use_two_region_memory
    startup_mspm0g350x_uvision.o(HEAP) refers (Special) to heapauxi.o(.text) for __use_two_region_memory
    startup_mspm0g350x_uvision.o(RESET) refers (Special) to heapauxi.o(.text) for __use_two_region_memory
    startup_mspm0g350x_uvision.o(RESET) refers to startup_mspm0g350x_uvision.o(STACK) for __initial_sp
    startup_mspm0g350x_uvision.o(RESET) refers to startup_mspm0g350x_uvision.o(.text) for Reset_Handler
    startup_mspm0g350x_uvision.o(RESET) refers to isrs.o(.text.GROUP1_IRQHandler) for GROUP1_IRQHandler
    startup_mspm0g350x_uvision.o(RESET) refers to isrs.o(.text.UART1_IRQHandler) for UART1_IRQHandler
    startup_mspm0g350x_uvision.o(RESET) refers to isrs.o(.text.TIMG0_IRQHandler) for TIMG0_IRQHandler
    startup_mspm0g350x_uvision.o(RESET) refers to isrs.o(.text.TIMG6_IRQHandler) for TIMG6_IRQHandler
    startup_mspm0g350x_uvision.o(RESET) refers to isrs.o(.text.TIMG12_IRQHandler) for TIMG12_IRQHandler
    startup_mspm0g350x_uvision.o(.text) refers (Special) to heapauxi.o(.text) for __use_two_region_memory
    startup_mspm0g350x_uvision.o(.text) refers to __main.o(!!!main) for __main
    startup_mspm0g350x_uvision.o(.text) refers to startup_mspm0g350x_uvision.o(HEAP) for Heap_Mem
    startup_mspm0g350x_uvision.o(.text) refers to startup_mspm0g350x_uvision.o(STACK) for Stack_Mem
    isrs.o(.text.GROUP1_IRQHandler) refers to uart.o(.text.UART0_put) for UART0_put
    isrs.o(.text.GROUP1_IRQHandler) refers to isrs.o(.bss.g_car_running) for g_car_running
    isrs.o(.ARM.exidx.text.GROUP1_IRQHandler) refers to isrs.o(.text.GROUP1_IRQHandler) for [Anonymous Symbol]
    isrs.o(.text.TIMG0_IRQHandler) refers to adc12.o(.text.ADC0_getVal) for ADC0_getVal
    isrs.o(.text.TIMG0_IRQHandler) refers to isrs.o(.bss.pixelCounter) for pixelCounter
    isrs.o(.text.TIMG0_IRQHandler) refers to isrs.o(.bss.cameraData) for cameraData
    isrs.o(.text.TIMG0_IRQHandler) refers to isrs.o(.bss.cameraData_complete) for cameraData_complete
    isrs.o(.ARM.exidx.text.TIMG0_IRQHandler) refers to isrs.o(.text.TIMG0_IRQHandler) for [Anonymous Symbol]
    isrs.o(.text.TIMG6_IRQHandler) refers to isrs.o(.bss.cameraData_complete) for cameraData_complete
    isrs.o(.text.TIMG6_IRQHandler) refers to isrs.o(.bss.pixelCounter) for pixelCounter
    isrs.o(.ARM.exidx.text.TIMG6_IRQHandler) refers to isrs.o(.text.TIMG6_IRQHandler) for [Anonymous Symbol]
[...]


==============================================================================

Removing Unused input sections from the image.

    Removing main.o(.text), (0 bytes).
    Removing main.o(.ARM.exidx.text.main), (8 bytes).
    Removing main.o(.ARM.use_no_argv), (4 bytes).
    Removing isrs.o(.text), (0 bytes).
    Removing isrs.o(.ARM.exidx.text.GROUP1_IRQHandler), (8 bytes).
    Removing isrs.o(.ARM.exidx.text.TIMG0_IRQHandler), (8 bytes).
    Removing isrs.o(.ARM.exidx.text.TIMG6_IRQHandler), (8 bytes).
    Removing isrs.o(.ARM.exidx.text.TIMG12_IRQHandler), (8 bytes).
    Removing isrs.o(.ARM.exidx.text.UART1_IRQHandler), (8 bytes).
    Removing isrs.o(.bss.delayOver), (4 bytes).
    Removing adc12.o(.text), (0 bytes).
    Removing adc12.o(.ARM.exidx.text.ADC0_init), (8 bytes).
    Removing adc12.o(.ARM.exidx.text.ADC0_getVal), (8 bytes).
    Removing oled.o(.text), (0 bytes).
    Removing oled.o(.text.draw_1d_data), (116 bytes).
    Removing oled.o(.ARM.exidx.text.draw_1d_data), (8 bytes).
    Removing oled.o(.text.OLED_ClearTextArr), (20 bytes).
    Removing oled.o(.ARM.exidx.text.OLED_ClearTextArr), (8 bytes).
    Removing oled.o(.ARM.exidx.text.OLED_sendCommand), (8 bytes).
    Removing oled.o(.ARM.exidx.text.OLED_write_display), (8 bytes).
    Removing oled.o(.ARM.exidx.text.OLED_Init), (8 bytes).
    Removing oled.o(.ARM.exidx.text.OLED_display_on), (8 bytes).
    Removing oled.o(.ARM.exidx.text.OLED_display_clear), (8 bytes).
    Removing oled.o(.ARM.exidx.text.OLED_draw), (8 bytes).
    Removing oled.o(.ARM.exidx.text.OLED_draw_line), (8 bytes).
    Removing oled.o(.text.OLED_display_off), (10 bytes).
    Removing oled.o(.ARM.exidx.text.OLED_display_off), (8 bytes).
    Removing oled.o(.text.OLED_DisplayCameraData), (20 bytes).
    Removing oled.o(.ARM.exidx.text.OLED_DisplayCameraData), (8 bytes).
    Removing oled.o(.ARM.exidx.text.OLED_PrintBlock), (8 bytes).
    Removing oled.o(.ARM.exidx.text.OLED_Print), (8 bytes).
    Removing oled.o(.text.OLED_PrintLine), (40 bytes).
    Removing oled.o(.ARM.exidx.text.OLED_PrintLine), (8 bytes).
    Removing oled.o(.text.OLED_ShowWave), (180 bytes).
    Removing oled.o(.ARM.exidx.text.OLED_ShowWave), (8 bytes).
    Removing oled.o(.bss.textIndex), (4 bytes).
    Removing uart.o(.text), (0 bytes).
    Removing uart.o(.ARM.exidx.text.UART0_init), (8 bytes).
    Removing uart.o(.ARM.exidx.text.UART0_putchar), (8 bytes).
    Removing uart.o(.text.UART0_getchar), (28 bytes).
    Removing uart.o(.ARM.exidx.text.UART0_getchar), (8 bytes).
    Removing uart.o(.ARM.exidx.text.UART0_put), (8 bytes).
    Removing uart.o(.ARM.exidx.text.UART1_init), (8 bytes).
    Removing uart.o(.text.UART1_putchar), (24 bytes).
    Removing uart.o(.ARM.exidx.text.UART1_putchar), (8 bytes).
    Removing uart.o(.text.UART1_getchar), (28 bytes).
    Removing uart.o(.ARM.exidx.text.UART1_getchar), (8 bytes).
    Removing uart.o(.text.UART1_put), (40 bytes).
    Removing uart.o(.ARM.exidx.text.UART1_put), (8 bytes).
    Removing uart.o(.ARM.exidx.text.UART1_init_interrupt), (8 bytes).
    Removing uart.o(.ARM.exidx.text.__NVIC_EnableIRQ), (8 bytes).
    Removing uart_extras.o(.text), (0 bytes).
    Removing uart_extras.o(.text.UART0_printDec), (88 bytes).
    Removing uart_extras.o(.ARM.exidx.text.UART0_printDec), (8 bytes).
    Removing uart_extras.o(.text.UART1_printDec), (88 bytes).
    Removing uart_extras.o(.ARM.exidx.text.UART1_printDec), (8 bytes).
    Removing uart_extras.o(.text.UART0_printFloat), (176 bytes).
    Removing uart_extras.o(.ARM.exidx.text.UART0_printFloat), (8 bytes).
    Removing uart_extras.o(.text.UART1_printFloat), (176 bytes).
    Removing uart_extras.o(.ARM.exidx.text.UART1_printFloat), (8 bytes).
    Removing sysctl.o(.text), (0 bytes).
    Removing sysctl.o(.text.SYSCTL_SYSCLK_set), (328 bytes).
    Removing sysctl.o(.ARM.exidx.text.SYSCTL_SYSCLK_set), (8 bytes).
    Removing sysctl.o(.text.SYSCTL_SYSCLK_getMCLK), (12 bytes).
    Removing sysctl.o(.ARM.exidx.text.SYSCTL_SYSCLK_getMCLK), (8 bytes).
    Removing sysctl.o(.ARM.exidx.text.SYSCTL_SYSCLK_getULPCLK), (8 bytes).
    Removing i2c.o(.text), (0 bytes).
    Removing i2c.o(.ARM.exidx.text.I2C1_init), (8 bytes).
    Removing i2c.o(.ARM.exidx.text.I2C1_putchar), (8 bytes).
    Removing i2c.o(.ARM.exidx.text.I2C1_put), (8 bytes).
    Removing timers.o(.text), (0 bytes).
    Removing timers.o(.ARM.exidx.text.TIMG0_init), (8 bytes).
    Removing timers.o(.ARM.exidx.text.__NVIC_EnableIRQ), (8 bytes).
    Removing timers.o(.ARM.exidx.text.TIMG6_init), (8 bytes).
    Removing timers.o(.text.TIMG12_init), (132 bytes).
    Removing timers.o(.ARM.exidx.text.TIMG12_init), (8 bytes).
    Removing timers.o(.ARM.exidx.text.TIMA0_PWM_init), (8 bytes).
    Removing timers.o(.ARM.exidx.text.TIMA1_PWM_init), (8 bytes).
    Removing timers.o(.ARM.exidx.text.TIMA0_PWM_DutyCycle), (8 bytes).
    Removing timers.o(.ARM.exidx.text.TIMA1_PWM_DutyCycle), (8 bytes).
    Removing camera.o(.text), (0 bytes).
    Removing camera.o(.ARM.exidx.text.init_CLK), (8 bytes).
    Removing camera.o(.ARM.exidx.text.init_SI), (8 bytes).
    Removing camera.o(.ARM.exidx.text.Camera_init), (8 bytes).
    Removing camera.o(.ARM.exidx.text.Camera_isDataReady), (8 bytes).
    Removing camera.o(.ARM.exidx.text.Camera_getData), (8 bytes).
    Removing camera.o(.ARM.exidx.text.LineSensor_Calculate_Error), (8 bytes).
    Removing camera.o(.ARM.exidx.text.PID_Update), (8 bytes).
    Removing switches.o(.text), (0 bytes).
    Removing switches.o(.ARM.exidx.text.S1_init), (8 bytes).
    Removing switches.o(.ARM.exidx.text.S2_init), (8 bytes).
    Removing switches.o(.text.S1_pressed), (16 bytes).
    Removing switches.o(.ARM.exidx.text.S1_pressed), (8 bytes).
    Removing switches.o(.text.S2_pressed), (16 bytes).
    Removing switches.o(.ARM.exidx.text.S2_pressed), (8 bytes).
    Removing switches.o(.ARM.exidx.text.S1_init_interrupt), (8 bytes).
    Removing switches.o(.ARM.exidx.text.__NVIC_EnableIRQ), (8 bytes).
    Removing switches.o(.ARM.exidx.text.S2_init_interrupt), (8 bytes).
    Removing leds.o(.text), (0 bytes).
    Removing leds.o(.text.LED1_init), (96 bytes).
    Removing leds.o(.ARM.exidx.text.LED1_init), (8 bytes).
    Removing leds.o(.ARM.exidx.text.LED2_init), (8 bytes).
    Removing leds.o(.text.LED1_set), (36 bytes).
    Removing leds.o(.ARM.exidx.text.LED1_set), (8 bytes).
    Removing leds.o(.ARM.exidx.text.LED2_set), (8 bytes).
    Removing motor.o(.text), (0 bytes).
    Removing motor.o(.ARM.exidx.text.Motor_Init), (8 bytes).
    Removing motor.o(.ARM.exidx.text.Motor_Stop), (8 bytes).
    Removing motor.o(.ARM.exidx.text.Motor_Set_Speed), (8 bytes).
    Removing motor.o(.ARM.exidx.text.clamp_speed), (8 bytes).
    Removing servo.o(.text), (0 bytes).
    Removing servo.o(.ARM.exidx.text.SteeringServo_Init), (8 bytes).
    Removing servo.o(.ARM.exidx.text.clamp), (8 bytes).
    Removing servo.o(.ARM.exidx.text.SteeringServo_Set_Turn), (8 bytes).

114 unused section(s) (total 2290 bytes) removed from the image.

==============================================================================

Image Symbol Table

    Local Symbols

    Symbol Name                              Value     Ov Type        Size  Object(Section)

    ../../source/ti/devices/msp/m0p/startup_system_files/keil/startup_mspm0g350x_uvision.s 0x00000000   Number         0  startup_mspm0g350x_uvision.o ABSOLUTE
    ../clib/angel/boardlib.s                 0x00000000   Number         0  boardinit1.o ABSOLUTE
    ../clib/angel/boardlib.s                 0x00000000   Number         0  boardinit2.o ABSOLUTE
    ../clib/angel/boardlib.s                 0x00000000   Number         0  boardinit3.o ABSOLUTE
    ../clib/angel/boardlib.s                 0x00000000   Number         0  boardshut.o ABSOLUTE
    ../clib/angel/handlers.s                 0x00000000   Number         0  __scatter_copy.o ABSOLUTE
    ../clib/angel/handlers.s                 0x00000000   Number         0  __scatter_zi.o ABSOLUTE
    ../clib/angel/kernel.s                   0x00000000   Number         0  __rtentry.o ABSOLUTE
    ../clib/angel/kernel.s                   0x00000000   Number         0  __rtentry2.o ABSOLUTE
    ../clib/angel/kernel.s                   0x00000000   Number         0  __rtentry4.o ABSOLUTE
    ../clib/angel/kernel.s                   0x00000000   Number         0  rtexit.o ABSOLUTE
    ../clib/angel/kernel.s                   0x00000000   Number         0  rtexit2.o ABSOLUTE
    ../clib/angel/rt.s                       0x00000000   Number         0  aeabi_idiv0.o ABSOLUTE
    ../clib/angel/rt.s                       0x00000000   Number         0  aeabi_idiv0_sigfpe.o ABSOLUTE
    ../clib/angel/rt.s                       0x00000000   Number         0  rt_div0.o ABSOLUTE
    ../clib/angel/rt.s                       0x00000000   Number         0  rt_raise.o ABSOLUTE
    ../clib/angel/scatterp.s                 0x00000000   Number         0  __scatter.o ABSOLUTE
    ../clib/angel/startup.s                  0x00000000   Number         0  __main.o ABSOLUTE
    ../clib/angel/sys.s                      0x00000000   Number         0  sys_stackheap_outer.o ABSOLUTE
    ../clib/angel/sys.s                      0x00000000   Number         0  libspace.o ABSOLUTE
    ../clib/angel/sys.s                      0x00000000   Number         0  tempstk.o ABSOLUTE
    ../clib/angel/sys.s                      0x00000000   Number         0  use_no_semi.o ABSOLUTE
    ../clib/angel/sys.s                      0x00000000   Number         0  indicate_semi.o ABSOLUTE
    ../clib/angel/sysapp.c                   0x00000000   Number         0  sys_exit.o ABSOLUTE
    ../clib/angel/sysapp.c                   0x00000000   Number         0  sys_exit_hlt.o ABSOLUTE
    ../clib/angel/sysapp.c                   0x00000000   Number         0  sys_wrch.o ABSOLUTE
    ../clib/angel/sysapp.c                   0x00000000   Number         0  sys_wrch_hlt.o ABSOLUTE
    ../clib/angel/sysapp.c                   0x00000000   Number         0  sys_command.o ABSOLUTE
    ../clib/angel/sysapp.c                   0x00000000   Number         0  sys_command_hlt.o ABSOLUTE
    ../clib/armsys.c                         0x00000000   Number         0  argv_veneer.o ABSOLUTE
    ../clib/armsys.c                         0x00000000   Number         0  _get_argv_nomalloc.o ABSOLUTE
    ../clib/armsys.c                         0x00000000   Number         0  no_argv.o ABSOLUTE
    ../clib/division.s                       0x00000000   Number         0  aeabi_sdivfast.o ABSOLUTE
    ../clib/division.s                       0x00000000   Number         0  aeabi_sdivfast_div0.o ABSOLUTE
    ../clib/heapalloc.c                      0x00000000   Number         0  hrguard.o ABSOLUTE
    ../clib/heapaux.c                        0x00000000   Number         0  heapauxi.o ABSOLUTE
    ../clib/libinit.s                        0x00000000   Number         0  libinit.o ABSOLUTE
    ../clib/libinit.s                        0x00000000   Number         0  libinit2.o ABSOLUTE
    ../clib/libinit.s                        0x00000000   Number         0  libshutdown.o ABSOLUTE
    ../clib/libinit.s                        0x00000000   Number         0  libshutdown2.o ABSOLUTE
    ../clib/memcpset.c                       0x00000000   Number         0  rt_memclr.o ABSOLUTE
    ../clib/signal.c                         0x00000000   Number         0  defsig_fpe_outer.o ABSOLUTE
    ../clib/signal.c                         0x00000000   Number         0  defsig_fpe_formal.o ABSOLUTE
    ../clib/signal.c                         0x00000000   Number         0  defsig_exit.o ABSOLUTE
    ../clib/signal.c                         0x00000000   Number         0  defsig_fpe_inner.o ABSOLUTE
    ../clib/signal.c                         0x00000000   Number         0  __raise.o ABSOLUTE
    ../clib/signal.c                         0x00000000   Number         0  defsig_general.o ABSOLUTE
    ../clib/signal.c                         0x00000000   Number         0  defsig_abrt_inner.o ABSOLUTE
    ../clib/signal.c                         0x00000000   Number         0  defsig_rtred_inner.o ABSOLUTE
    ../clib/signal.c                         0x00000000   Number         0  defsig_rtmem_inner.o ABSOLUTE
    ../clib/signal.c                         0x00000000   Number         0  defsig_rtmem_outer.o ABSOLUTE
    ../clib/signal.c                         0x00000000   Number         0  defsig_rtmem_formal.o ABSOLUTE
    ../clib/signal.c                         0x00000000   Number         0  defsig_stak_inner.o ABSOLUTE
    ../clib/signal.c                         0x00000000   Number         0  defsig_pvfn_inner.o ABSOLUTE
    ../clib/signal.c                         0x00000000   Number         0  defsig_cppl_inner.o ABSOLUTE
    ../clib/signal.c                         0x00000000   Number         0  defsig_segv_inner.o ABSOLUTE
    ../clib/signal.c                         0x00000000   Number         0  defsig_other.o ABSOLUTE
    ../clib/signal.s                         0x00000000   Number         0  defsig.o ABSOLUTE
    ../clib/stdlib.c                         0x00000000   Number         0  exit.o ABSOLUTE
    ../clib/string.c                         0x00000000   Number         0  strlen.o ABSOLUTE
    ../fplib/cfplib/cmp.c                    0x00000000   Number         0  dcmp.o ABSOLUTE
    ../fplib/cfplib/cmpret.c                 0x00000000   Number         0  cmpret.o ABSOLUTE
    ../fplib/cfplib/daddsub.c                0x00000000   Number         0  daddsub.o ABSOLUTE
    ../fplib/cfplib/dcmpin.c                 0x00000000   Number         0  dcmpin.o ABSOLUTE
    ../fplib/cfplib/ddiv.c                   0x00000000   Number         0  ddiv.o ABSOLUTE
    ../fplib/cfplib/dmul.c                   0x00000000   Number         0  dmul.o ABSOLUTE
    ../fplib/cfplib/ffix.c                   0x00000000   Number         0  dfixi.o ABSOLUTE
    ../fplib/cfplib/ffix.c                   0x00000000   Number         0  dfixui.o ABSOLUTE
    ../fplib/cfplib/fflt.c                   0x00000000   Number         0  dflti.o ABSOLUTE
    ../fplib/cfplib/fpinit.c                 0x00000000   Number         0  fpinit.o ABSOLUTE
    ../fplib/cfplib/nan2.c                   0x00000000   Number         0  dnan2.o ABSOLUTE
    ../fplib/cfplib/retnan.c                 0x00000000   Number         0  retnan.o ABSOLUTE
    ../fplib/deqf6m.s                        0x00000000   Number         0  deqf.o ABSOLUTE
    ../fplib/dgeqf6m.s                       0x00000000   Number         0  dgef.o ABSOLUTE
    ../fplib/dleqf6m.s                       0x00000000   Number         0  dlef.o ABSOLUTE
    ../fplib/drleqf6m.s                      0x00000000   Number         0  drlef.o ABSOLUTE
    ../fplib/usenofp.s                       0x00000000   Number         0  usenofp.o ABSOLUTE
    ../mathlib/floor.c                       0x00000000   Number         0  floor.o ABSOLUTE
    adc12.c                                  0x00000000   Number         0  adc12.o ABSOLUTE
    camera.c                                 0x00000000   Number         0  camera.o ABSOLUTE
    dc.s                                     0x00000000   Number         0  dc.o ABSOLUTE
    i2c.c                                    0x00000000   Number         0  i2c.o ABSOLUTE
    isrs.c                                   0x00000000   Number         0  isrs.o ABSOLUTE
    leds.c                                   0x00000000   Number         0  leds.o ABSOLUTE
    main.c                                   0x00000000   Number         0  main.o ABSOLUTE
    motor.c                                  0x00000000   Number         0  motor.o ABSOLUTE
    oled.c                                   0x00000000   Number         0  oled.o ABSOLUTE
    servo.c                                  0x00000000   Number         0  servo.o ABSOLUTE
    switches.c                               0x00000000   Number         0  switches.o ABSOLUTE
    sysctl.c                                 0x00000000   Number         0  sysctl.o ABSOLUTE
    timers.c                                 0x00000000   Number         0  timers.o ABSOLUTE
    uart.c                                   0x00000000   Number         0  uart.o ABSOLUTE
    uart_extras.c                            0x00000000   Number         0  uart_extras.o ABSOLUTE
    RESET                                    0x00000000   Section      192  startup_mspm0g350x_uvision.o(RESET)
    !!!main                                  0x000000c0   Section        8  __main.o(!!!main)
    !!!scatter                               0x000000c8   Section       60  __scatter.o(!!!scatter)
    !!handler_copy                           0x00000108   Section       26  __scatter_copy.o(!!handler_copy)
    !!handler_zi                             0x00000128   Section       28  __scatter_zi.o(!!handler_zi)
    .ARM.Collect$$libinit$$00000000          0x00000144   Section        2  libinit.o(.ARM.Collect$$libinit$$00000000)
    .ARM.Collect$$libinit$$00000002          0x00000146   Section        0  libinit2.o(.ARM.Collect$$libinit$$00000002)
    .ARM.Collect$$libinit$$00000004          0x00000146   Section        0  libinit2.o(.ARM.Collect$$libinit$$00000004)
    .ARM.Collect$$libinit$$0000000A          0x00000146   Section        0  libinit2.o(.ARM.Collect$$libinit$$0000000A)
    .ARM.Collect$$libinit$$0000000C          0x00000146   Section        0  libinit2.o(.ARM.Collect$$libinit$$0000000C)
    .ARM.Collect$$libinit$$0000000E          0x00000146   Section        0  libinit2.o(.ARM.Collect$$libinit$$0000000E)
    .ARM.Collect$$libinit$$00000011          0x00000146   Section        0  libinit2.o(.ARM.Collect$$libinit$$00000011)
    .ARM.Collect$$libinit$$00000013          0x00000146   Section        0  libinit2.o(.ARM.Collect$$libinit$$00000013)
    .ARM.Collect$$libinit$$00000015          0x00000146   Section        0  libinit2.o(.ARM.Collect$$libinit$$00000015)
    .ARM.Collect$$libinit$$00000017          0x00000146   Section        0  libinit2.o(.ARM.Collect$$libinit$$00000017)
    .ARM.Collect$$libinit$$00000019          0x00000146   Section        0  libinit2.o(.ARM.Collect$$libinit$$00000019)
    .ARM.Collect$$libinit$$0000001B          0x00000146   Section        0  libinit2.o(.ARM.Collect$$libinit$$0000001B)
    .ARM.Collect$$libinit$$0000001D          0x00000146   Section        0  libinit2.o(.ARM.Collect$$libinit$$0000001D)
    .ARM.Collect$$libinit$$0000001F          0x00000146   Section        0  libinit2.o(.ARM.Collect$$libinit$$0000001F)
    .ARM.Collect$$libinit$$00000021          0x00000146   Section        0  libinit2.o(.ARM.Collect$$libinit$$00000021)
    .ARM.Collect$$libinit$$00000023          0x00000146   Section        0  libinit2.o(.ARM.Collect$$libinit$$00000023)
    .ARM.Collect$$libinit$$00000025          0x00000146   Section        0  libinit2.o(.ARM.Collect$$libinit$$00000025)
    .ARM.Collect$$libinit$$0000002C          0x00000146   Section        0  libinit2.o(.ARM.Collect$$libinit$$0000002C)
    .ARM.Collect$$libinit$$0000002E          0x00000146   Section        0  libinit2.o(.ARM.Collect$$libinit$$0000002E)
    .ARM.Collect$$libinit$$00000030          0x00000146   Section        0  libinit2.o(.ARM.Collect$$libinit$$00000030)
    .ARM.Collect$$libinit$$00000032          0x00000146   Section        0  libinit2.o(.ARM.Collect$$libinit$$00000032)
    .ARM.Collect$$libinit$$00000033          0x00000146   Section        2  libinit2.o(.ARM.Collect$$libinit$$00000033)
    .ARM.Collect$$libshutdown$$00000000      0x00000148   Section        2  libshutdown.o(.ARM.Collect$$libshutdown$$00000000)
    .ARM.Collect$$libshutdown$$00000002      0x0000014a   Section        0  libshutdown2.o(.ARM.Collect$$libshutdown$$00000002)
    .ARM.Collect$$libshutdown$$00000004      0x0000014a   Section        0  libshutdown2.o(.ARM.Collect$$libshutdown$$00000004)
    .ARM.Collect$$libshutdown$$00000007      0x0000014a   Section        0  libshutdown2.o(.ARM.Collect$$libshutdown$$00000007)
    .ARM.Collect$$libshutdown$$0000000A      0x0000014a   Section        0  libshutdown2.o(.ARM.Collect$$libshutdown$$0000000A)
    .ARM.Collect$$libshutdown$$0000000C      0x0000014a   Section        0  libshutdown2.o(.ARM.Collect$$libshutdown$$0000000C)
    .ARM.Collect$$libshutdown$$0000000F      0x0000014a   Section        0  libshutdown2.o(.ARM.Collect$$libshutdown$$0000000F)
    .ARM.Collect$$libshutdown$$00000010      0x0000014a   Section        2  libshutdown2.o(.ARM.Collect$$libshutdown$$00000010)
    .ARM.Collect$$rtentry$$00000000          0x0000014c   Section        0  __rtentry.o(.ARM.Collect$$rtentry$$00000000)
    .ARM.Collect$$rtentry$$00000002          0x0000014c   Section        0  __rtentry2.o(.ARM.Collect$$rtentry$$00000002)
    .ARM.Collect$$rtentry$$00000004          0x0000014c   Section        6  __rtentry4.o(.ARM.Collect$$rtentry$$00000004)
    .ARM.Collect$$rtentry$$00000009          0x00000152   Section        0  __rtentry2.o(.ARM.Collect$$rtentry$$00000009)
    .ARM.Collect$$rtentry$$0000000A          0x00000152   Section        4  __rtentry2.o(.ARM.Collect$$rtentry$$0000000A)
    .ARM.Collect$$rtentry$$0000000C          0x00000156   Section        0  __rtentry2.o(.ARM.Collect$$rtentry$$0000000C)
    .ARM.Collect$$rtentry$$0000000D          0x00000156   Section        8  __rtentry2.o(.ARM.Collect$$rtentry$$0000000D)
    .ARM.Collect$$rtexit$$00000000           0x0000015e   Section        2  rtexit.o(.ARM.Collect$$rtexit$$00000000)
    .ARM.Collect$$rtexit$$00000002           0x00000160   Section        0  rtexit2.o(.ARM.Collect$$rtexit$$00000002)
    .ARM.Collect$$rtexit$$00000003           0x00000160   Section        4  rtexit2.o(.ARM.Collect$$rtexit$$00000003)
    .ARM.Collect$$rtexit$$00000004           0x00000164   Section        6  rtexit2.o(.ARM.Collect$$rtexit$$00000004)
    .text                                    0x0000016c   Section       48  startup_mspm0g350x_uvision.o(.text)
    .text                                    0x0000019c   Section        0  strlen.o(.text)
    .text                                    0x000001e0   Section        0  rt_memclr.o(.text)
    .text                                    0x00000220   Section        0  heapauxi.o(.text)
    _dadd1                                   0x00000229   Thumb Code   290  daddsub.o(.text)
    .text                                    0x00000228   Section        0  daddsub.o(.text)
    _dsub1                                   0x0000034b   Thumb Code   470  daddsub.o(.text)
    .text                                    0x00000580   Section        0  ddiv.o(.text)
    .text                                    0x000009c8   Section        0  dfixi.o(.text)
    .text                                    0x00000a34   Section        0  dfixui.o(.text)
    .text                                    0x00000a7c   Section        0  dflti.o(.text)
    .text                                    0x00000ad4   Section        0  dmul.o(.text)
    .text                                    0x00000d1c   Section        0  dcmpin.o(.text)
    .text                                    0x00000dbc   Section       62  sys_stackheap_outer.o(.text)
    .text                                    0x00000dfa   Section        0  exit.o(.text)
    .text                                    0x00000e0a   Section        0  cmpret.o(.text)
    .text                                    0x00000e38   Section        0  dnan2.o(.text)
    .text                                    0x00000e4c   Section        8  libspace.o(.text)
    .text                                    0x00000e54   Section        0  retnan.o(.text)
    .text                                    0x00000eb4   Section        0  sys_exit.o(.text)
    .text                                    0x00000ec0   Section        2  use_no_semi.o(.text)
    .text                                    0x00000ec2   Section        0  indicate_semi.o(.text)
    [Anonymous Symbol]                       0x00000ec4   Section        0  adc12.o(.text.ADC0_getVal)
    __arm_cp.1_0                             0x00000ef0   Number         4  adc12.o(.text.ADC0_getVal)
    __arm_cp.1_1                             0x00000ef4   Number         4  adc12.o(.text.ADC0_getVal)
    __arm_cp.1_2                             0x00000ef8   Number         4  adc12.o(.text.ADC0_getVal)
    __arm_cp.1_3                             0x00000efc   Number         4  adc12.o(.text.ADC0_getVal)
    [Anonymous Symbol]                       0x00000f00   Section        0  adc12.o(.text.ADC0_init)
    __arm_cp.0_0                             0x00000f70   Number         4  adc12.o(.text.ADC0_init)
    __arm_cp.0_3                             0x00000f74   Number         4  adc12.o(.text.ADC0_init)
    __arm_cp.0_4                             0x00000f78   Number         4  adc12.o(.text.ADC0_init)
    __arm_cp.0_5                             0x00000f7c   Number         4  adc12.o(.text.ADC0_init)
    [Anonymous Symbol]                       0x00000f80   Section        0  camera.o(.text.Camera_getData)
    __arm_cp.4_1                             0x00000f8c   Number         4  camera.o(.text.Camera_getData)
    [Anonymous Symbol]                       0x00000f90   Section        0  camera.o(.text.Camera_init)
    __arm_cp.2_1                             0x00000fa8   Number         4  camera.o(.text.Camera_init)
    [Anonymous Symbol]                       0x00000fac   Section        0  camera.o(.text.Camera_isDataReady)
    __arm_cp.3_0                             0x00000fb4   Number         4  camera.o(.text.Camera_isDataReady)
    [Anonymous Symbol]                       0x00000fb8   Section        0  isrs.o(.text.GROUP1_IRQHandler)
    __arm_cp.0_0                             0x00000fe4   Number         4  isrs.o(.text.GROUP1_IRQHandler)
    __arm_cp.0_1                             0x00000fe8   Number         4  isrs.o(.text.GROUP1_IRQHandler)
    __arm_cp.0_3                             0x00000ffc   Number         4  isrs.o(.text.GROUP1_IRQHandler)
    __arm_cp.0_4                             0x00001000   Number         4  isrs.o(.text.GROUP1_IRQHandler)
    [Anonymous Symbol]                       0x00001004   Section        0  i2c.o(.text.I2C1_init)
    __arm_cp.0_0                             0x00001088   Number         4  i2c.o(.text.I2C1_init)
    __arm_cp.0_3                             0x0000108c   Number         4  i2c.o(.text.I2C1_init)
    __arm_cp.0_4                             0x00001090   Number         4  i2c.o(.text.I2C1_init)
    __arm_cp.0_5                             0x00001094   Number         4  i2c.o(.text.I2C1_init)
    __arm_cp.0_6                             0x00001098   Number         4  i2c.o(.text.I2C1_init)
    __arm_cp.0_7                             0x0000109c   Number         4  i2c.o(.text.I2C1_init)
    [Anonymous Symbol]                       0x000010a0   Section        0  i2c.o(.text.I2C1_put)
    __arm_cp.2_0                             0x000010dc   Number         4  i2c.o(.text.I2C1_put)
    [Anonymous Symbol]                       0x000010e0   Section        0  i2c.o(.text.I2C1_putchar)
    __arm_cp.1_0                             0x000010fc   Number         4  i2c.o(.text.I2C1_putchar)
    [Anonymous Symbol]                       0x00001100   Section        0  leds.o(.text.LED2_init)
    __arm_cp.1_0                             0x00001170   Number         4  leds.o(.text.LED2_init)
    __arm_cp.1_1                             0x00001174   Number         4  leds.o(.text.LED2_init)
    __arm_cp.1_2                             0x00001178   Number         4  leds.o(.text.LED2_init)
    __arm_cp.1_3                             0x0000117c   Number         4  leds.o(.text.LED2_init)
    [Anonymous Symbol]                       0x00001180   Section        0  leds.o(.text.LED2_set)
    __arm_cp.3_0                             0x000011c8   Number         4  leds.o(.text.LED2_set)
    [Anonymous Symbol]                       0x000011cc   Section        0  camera.o(.text.LineSensor_Calculate_Error)
    __arm_cp.5_0                             0x000012a4   Number         4  camera.o(.text.LineSensor_Calculate_Error)
    __arm_cp.5_1                             0x000012a8   Number         4  camera.o(.text.LineSensor_Calculate_Error)
    __arm_cp.5_2                             0x000012ac   Number         4  camera.o(.text.LineSensor_Calculate_Error)
    __arm_cp.5_3                             0x000012b0   Number         4  camera.o(.text.LineSensor_Calculate_Error)
    __arm_cp.5_4                             0x000012b4   Number         4  camera.o(.text.LineSensor_Calculate_Error)
    __arm_cp.5_5                             0x000012b8   Number         4  camera.o(.text.LineSensor_Calculate_Error)
    __arm_cp.5_6                             0x000012bc   Number         4  camera.o(.text.LineSensor_Calculate_Error)
    __arm_cp.5_7                             0x000012c0   Number         4  camera.o(.text.LineSensor_Calculate_Error)
    [Anonymous Symbol]                       0x000012c4   Section        0  motor.o(.text.Motor_Init)
    __arm_cp.0_0                             0x0000134c   Number         4  motor.o(.text.Motor_Init)
    __arm_cp.0_1                             0x00001350   Number         4  motor.o(.text.Motor_Init)
    __arm_cp.0_2                             0x00001354   Number         4  motor.o(.text.Motor_Init)
    __arm_cp.0_3                             0x00001358   Number         4  motor.o(.text.Motor_Init)
    [Anonymous Symbol]                       0x0000135c   Section        0  motor.o(.text.Motor_Set_Speed)
    __arm_cp.2_0                             0x000013fc   Number         4  motor.o(.text.Motor_Set_Speed)
    [Anonymous Symbol]                       0x00001400   Section        0  motor.o(.text.Motor_Stop)
    [Anonymous Symbol]                       0x00001430   Section        0  oled.o(.text.OLED_Init)
    [Anonymous Symbol]                       0x00001538   Section        0  oled.o(.text.OLED_Print)
    [Anonymous Symbol]                       0x0000154c   Section        0  oled.o(.text.OLED_PrintBlock)
    [Anonymous Symbol]                       0x00001588   Section        0  oled.o(.text.OLED_display_clear)
    __arm_cp.6_1                             0x000015b0   Number         4  oled.o(.text.OLED_display_clear)
    [Anonymous Symbol]                       0x000015b4   Section        0  oled.o(.text.OLED_display_on)
    [Anonymous Symbol]                       0x000015c0   Section        0  oled.o(.text.OLED_draw)
    __arm_cp.7_0                             0x00001620   Number         4  oled.o(.text.OLED_draw)
    __arm_cp.7_1                             0x00001624   Number         4  oled.o(.text.OLED_draw)
    __arm_cp.7_2                             0x00001628   Number         4  oled.o(.text.OLED_draw)
    __arm_cp.7_3                             0x0000162c   Number         4  oled.o(.text.OLED_draw)
    [Anonymous Symbol]                       0x00001630   Section        0  oled.o(.text.OLED_draw_line)
    [Anonymous Symbol]                       0x00001666   Section        0  oled.o(.text.OLED_sendCommand)
    [Anonymous Symbol]                       0x0000167e   Section        0  oled.o(.text.OLED_write_display)
    [Anonymous Symbol]                       0x000016a4   Section        0  camera.o(.text.PID_Update)
    __arm_cp.6_0                             0x00001798   Number         4  camera.o(.text.PID_Update)
    __arm_cp.6_1                             0x0000179c   Number         4  camera.o(.text.PID_Update)
    __arm_cp.6_2                             0x000017a0   Number         4  camera.o(.text.PID_Update)
    __arm_cp.6_3                             0x000017a4   Number         4  camera.o(.text.PID_Update)
    __arm_cp.6_5                             0x000017a8   Number         4  camera.o(.text.PID_Update)
    __arm_cp.6_6                             0x000017ac   Number         4  camera.o(.text.PID_Update)
    __arm_cp.6_7                             0x000017b0   Number         4  camera.o(.text.PID_Update)
    __arm_cp.6_8                             0x000017b4   Number         4  camera.o(.text.PID_Update)
    __arm_cp.6_9                             0x000017b8   Number         4  camera.o(.text.PID_Update)
    [Anonymous Symbol]                       0x000017bc   Section        0  switches.o(.text.S1_init)
    __arm_cp.0_0                             0x00001800   Number         4  switches.o(.text.S1_init)
    __arm_cp.0_3                             0x00001804   Number         4  switches.o(.text.S1_init)
    [Anonymous Symbol]                       0x00001808   Section        0  switches.o(.text.S1_init_interrupt)
    __arm_cp.4_0                             0x00001834   Number         4  switches.o(.text.S1_init_interrupt)
    __arm_cp.4_1                             0x00001838   Number         4  switches.o(.text.S1_init_interrupt)
    [Anonymous Symbol]                       0x0000183c   Section        0  switches.o(.text.S2_init)
    __arm_cp.1_1                             0x00001888   Number         4  switches.o(.text.S2_init)
    __arm_cp.1_2                             0x0000188c   Number         4  switches.o(.text.S2_init)
    __arm_cp.1_3                             0x00001890   Number         4  switches.o(.text.S2_init)
    [Anonymous Symbol]                       0x00001894   Section        0  switches.o(.text.S2_init_interrupt)
    __arm_cp.6_0                             0x000018c0   Number         4  switches.o(.text.S2_init_interrupt)
    __arm_cp.6_1                             0x000018c4   Number         4  switches.o(.text.S2_init_interrupt)
    [Anonymous Symbol]                       0x000018c8   Section        0  sysctl.o(.text.SYSCTL_SYSCLK_getULPCLK)
    __arm_cp.2_0                             0x000018e0   Number         4  sysctl.o(.text.SYSCTL_SYSCLK_getULPCLK)
    __arm_cp.2_1                             0x000018e4   Number         4  sysctl.o(.text.SYSCTL_SYSCLK_getULPCLK)
    [Anonymous Symbol]                       0x000018e8   Section        0  servo.o(.text.SteeringServo_Init)
    [Anonymous Symbol]                       0x00001904   Section        0  servo.o(.text.SteeringServo_Set_Turn)
    __arm_cp.2_0                             0x00001934   Number         4  servo.o(.text.SteeringServo_Set_Turn)
    __arm_cp.2_1                             0x00001938   Number         4  servo.o(.text.SteeringServo_Set_Turn)
    __arm_cp.2_2                             0x0000193c   Number         4  servo.o(.text.SteeringServo_Set_Turn)
    __arm_cp.2_3                             0x00001940   Number         4  servo.o(.text.SteeringServo_Set_Turn)
    __arm_cp.2_4                             0x00001944   Number         4  servo.o(.text.SteeringServo_Set_Turn)
    __arm_cp.2_5                             0x00001948   Number         4  servo.o(.text.SteeringServo_Set_Turn)
    __arm_cp.2_6                             0x0000194c   Number         4  servo.o(.text.SteeringServo_Set_Turn)
    [Anonymous Symbol]                       0x00001950   Section        0  timers.o(.text.TIMA0_PWM_DutyCycle)
    __arm_cp.6_0                             0x00001a08   Number         4  timers.o(.text.TIMA0_PWM_DutyCycle)
    __arm_cp.6_1                             0x00001a0c   Number         4  timers.o(.text.TIMA0_PWM_DutyCycle)
    [Anonymous Symbol]                       0x00001a10   Section        0  timers.o(.text.TIMA0_PWM_init)
    __arm_cp.4_0                             0x00001bc8   Number         4  timers.o(.text.TIMA0_PWM_init)
    __arm_cp.4_1                             0x00001bcc   Number         4  timers.o(.text.TIMA0_PWM_init)
    __arm_cp.4_2                             0x00001bd0   Number         4  timers.o(.text.TIMA0_PWM_init)
    __arm_cp.4_3                             0x00001bd4   Number         4  timers.o(.text.TIMA0_PWM_init)
    __arm_cp.4_4                             0x00001bd8   Number         4  timers.o(.text.TIMA0_PWM_init)
    __arm_cp.4_5                             0x00001bdc   Number         4  timers.o(.text.TIMA0_PWM_init)
    __arm_cp.4_6                             0x00001be0   Number         4  timers.o(.text.TIMA0_PWM_init)
    __arm_cp.4_7                             0x00001be4   Number         4  timers.o(.text.TIMA0_PWM_init)
    __arm_cp.4_8                             0x00001be8   Number         4  timers.o(.text.TIMA0_PWM_init)
    __arm_cp.4_9                             0x00001bec   Number         4  timers.o(.text.TIMA0_PWM_init)
    __arm_cp.4_10                            0x00001bf0   Number         4  timers.o(.text.TIMA0_PWM_init)
    __arm_cp.4_11                            0x00001bf4   Number         4  timers.o(.text.TIMA0_PWM_init)
    [Anonymous Symbol]                       0x00001c18   Section        0  timers.o(.text.TIMA1_PWM_DutyCycle)
    __arm_cp.7_1                             0x00001c48   Number         4  timers.o(.text.TIMA1_PWM_DutyCycle)
    [Anonymous Symbol]                       0x00001c4c   Section        0  timers.o(.text.TIMA1_PWM_init)
    __arm_cp.5_0                             0x00001cfc   Number         4  timers.o(.text.TIMA1_PWM_init)
    __arm_cp.5_3                             0x00001d00   Number         4  timers.o(.text.TIMA1_PWM_init)
    __arm_cp.5_4                             0x00001d04   Number         4  timers.o(.text.TIMA1_PWM_init)
    __arm_cp.5_5                             0x00001d08   Number         4  timers.o(.text.TIMA1_PWM_init)
    __arm_cp.5_6                             0x00001d0c   Number         4  timers.o(.text.TIMA1_PWM_init)
    __arm_cp.5_7                             0x00001d10   Number         4  timers.o(.text.TIMA1_PWM_init)
    __arm_cp.5_8                             0x00001d14   Number         4  timers.o(.text.TIMA1_PWM_init)
    [Anonymous Symbol]                       0x00001d18   Section        0  isrs.o(.text.TIMG0_IRQHandler)
    __arm_cp.1_0                             0x00001d60   Number         4  isrs.o(.text.TIMG0_IRQHandler)
    __arm_cp.1_1                             0x00001d64   Number         4  isrs.o(.text.TIMG0_IRQHandler)
    __arm_cp.1_3                             0x00001d68   Number         4  isrs.o(.text.TIMG0_IRQHandler)
    [Anonymous Symbol]                       0x00001d6c   Section        0  timers.o(.text.TIMG0_init)
    __arm_cp.0_0                             0x00001de0   Number         4  timers.o(.text.TIMG0_init)
    __arm_cp.0_3                             0x00001de4   Number         4  timers.o(.text.TIMG0_init)
    __arm_cp.0_5                             0x00001de8   Number         4  timers.o(.text.TIMG0_init)
    [Anonymous Symbol]                       0x00001dec   Section        0  isrs.o(.text.TIMG12_IRQHandler)
    __arm_cp.3_0                             0x00001df8   Number         4  isrs.o(.text.TIMG12_IRQHandler)
    [Anonymous Symbol]                       0x00001dfc   Section        0  isrs.o(.text.TIMG6_IRQHandler)
    __arm_cp.2_0                             0x00001e3c   Number         4  isrs.o(.text.TIMG6_IRQHandler)
    __arm_cp.2_1                             0x00001e40   Number         4  isrs.o(.text.TIMG6_IRQHandler)
    __arm_cp.2_2                             0x00001e44   Number         4  isrs.o(.text.TIMG6_IRQHandler)
    __arm_cp.2_3                             0x00001e48   Number         4  isrs.o(.text.TIMG6_IRQHandler)
    __arm_cp.2_4                             0x00001e4c   Number         4  isrs.o(.text.TIMG6_IRQHandler)
    [Anonymous Symbol]                       0x00001e50   Section        0  timers.o(.text.TIMG6_init)
    __arm_cp.2_0                             0x00001ec4   Number         4  timers.o(.text.TIMG6_init)
    __arm_cp.2_1                             0x00001ec8   Number         4  timers.o(.text.TIMG6_init)
    __arm_cp.2_3                             0x00001ecc   Number         4  timers.o(.text.TIMG6_init)
    __arm_cp.2_5                             0x00001ed0   Number         4  timers.o(.text.TIMG6_init)
    [Anonymous Symbol]                       0x00001ed4   Section        0  uart.o(.text.UART0_init)
    __arm_cp.0_0                             0x00001f94   Number         4  uart.o(.text.UART0_init)
    __arm_cp.0_2                             0x00001f98   Number         4  uart.o(.text.UART0_init)
    __arm_cp.0_3                             0x00001f9c   Number         4  uart.o(.text.UART0_init)
    __arm_cp.0_4                             0x00001fa0   Number         4  uart.o(.text.UART0_init)
    __arm_cp.0_5                             0x00001fa4   Number         4  uart.o(.text.UART0_init)
    [Anonymous Symbol]                       0x00001fa8   Section        0  uart.o(.text.UART0_put)
    [Anonymous Symbol]                       0x00001fc4   Section        0  uart.o(.text.UART0_putchar)
    __arm_cp.1_0                             0x00001fd8   Number         4  uart.o(.text.UART0_putchar)
    [Anonymous Symbol]                       0x00001fdc   Section        0  isrs.o(.text.UART1_IRQHandler)
    __arm_cp.4_0                             0x00001ff0   Number         4  isrs.o(.text.UART1_IRQHandler)
    __arm_cp.4_1                             0x00001ff4   Number         4  isrs.o(.text.UART1_IRQHandler)
    [Anonymous Symbol]                       0x00001ff8   Section        0  uart.o(.text.UART1_init)
    __arm_cp.4_0                             0x000020b8   Number         4  uart.o(.text.UART1_init)
    __arm_cp.4_1                             0x000020bc   Number         4  uart.o(.text.UART1_init)
    __arm_cp.4_2                             0x000020c0   Number         4  uart.o(.text.UART1_init)
    __arm_cp.4_3                             0x000020c4   Number         4  uart.o(.text.UART1_init)
    __arm_cp.4_4                             0x000020c8   Number         4  uart.o(.text.UART1_init)
    __arm_cp.4_5                             0x000020cc   Number         4  uart.o(.text.UART1_init)
    __arm_cp.4_6                             0x000020d0   Number         4  uart.o(.text.UART1_init)
    __arm_cp.4_7                             0x000020d4   Number         4  uart.o(.text.UART1_init)
    __arm_cp.4_8                             0x000020d8   Number         4  uart.o(.text.UART1_init)
    [Anonymous Symbol]                       0x000020dc   Section        0  uart.o(.text.UART1_init_interrupt)
    __arm_cp.8_0                             0x000020f4   Number         4  uart.o(.text.UART1_init_interrupt)
    __NVIC_EnableIRQ                         0x000020f9   Thumb Code    12  uart.o(.text.__NVIC_EnableIRQ)
    [Anonymous Symbol]                       0x000020f8   Section        0  uart.o(.text.__NVIC_EnableIRQ)
    __NVIC_EnableIRQ                         0x00002105   Thumb Code    20  timers.o(.text.__NVIC_EnableIRQ)
    [Anonymous Symbol]                       0x00002104   Section        0  timers.o(.text.__NVIC_EnableIRQ)
    __NVIC_EnableIRQ                         0x00002119   Thumb Code    12  switches.o(.text.__NVIC_EnableIRQ)
    [Anonymous Symbol]                       0x00002118   Section        0  switches.o(.text.__NVIC_EnableIRQ)
    __arm_cp.5_0                             0x00002120   Number         4  switches.o(.text.__NVIC_EnableIRQ)
    [Anonymous Symbol]                       0x00002124   Section        0  servo.o(.text.clamp)
    clamp_speed                              0x0000216b   Thumb Code    24  motor.o(.text.clamp_speed)
    [Anonymous Symbol]                       0x0000216a   Section        0  motor.o(.text.clamp_speed)
    [Anonymous Symbol]                       0x00002184   Section        0  camera.o(.text.init_CLK)
    __arm_cp.0_1                             0x000021d4   Number         4  camera.o(.text.init_CLK)
    __arm_cp.0_2                             0x000021d8   Number         4  camera.o(.text.init_CLK)
    __arm_cp.0_3                             0x000021dc   Number         4  camera.o(.text.init_CLK)
    [Anonymous Symbol]                       0x000021e0   Section        0  camera.o(.text.init_SI)
    __arm_cp.1_0                             0x00002238   Number         4  camera.o(.text.init_SI)
    __arm_cp.1_1                             0x0000223c   Number         4  camera.o(.text.init_SI)
    __arm_cp.1_2                             0x00002240   Number         4  camera.o(.text.init_SI)
    __arm_cp.1_3                             0x00002244   Number         4  camera.o(.text.init_SI)
    __arm_cp.1_4                             0x00002248   Number         4  camera.o(.text.init_SI)
    __arm_cp.1_5                             0x0000224c   Number         4  camera.o(.text.init_SI)
    __arm_cp.1_6                             0x00002250   Number         4  camera.o(.text.init_SI)
    [Anonymous Symbol]                       0x00002254   Section        0  main.o(.text.main)
    __arm_cp.0_1                             0x000023a0   Number         4  main.o(.text.main)
    __arm_cp.0_2                             0x000023a4   Number         4  main.o(.text.main)
    __arm_cp.0_3                             0x000023a8   Number         4  main.o(.text.main)
    __arm_cp.0_4                             0x000023ac   Number         4  main.o(.text.main)
    __arm_cp.0_5                             0x000023b0   Number         4  main.o(.text.main)
    __arm_cp.0_6                             0x000023b4   Number         4  main.o(.text.main)
    __arm_cp.0_7                             0x000023b8   Number         4  main.o(.text.main)
    __arm_cp.0_8                             0x000023bc   Number         4  main.o(.text.main)
    .text_divfast                            0x000023c0   Section      502  aeabi_sdivfast.o(.text_divfast)
    i._dgr                                   0x000025b6   Section        0  dcmp.o(i._dgr)
    i._dleq                                  0x000025cc   Section        0  dcmp.o(i._dleq)
    i._dls                                   0x000025e6   Section        0  dcmp.o(i._dls)
    x$fpl$dgeqf                              0x000025fc   Section      100  dgef.o(x$fpl$dgeqf)
    x$fpl$dleqf                              0x00002660   Section      100  dlef.o(x$fpl$dleqf)
    ddiv_reciptbl                            0x000026c4   Data         128  ddiv.o(.constdata)
    .constdata                               0x000026c4   Section      128  ddiv.o(.constdata)
    x$fpl$usenofp                            0x000026c4   Section        0  usenofp.o(x$fpl$usenofp)
    num_str                                  0x00002744   Data        1520  oled.o(.rodata.num_str)
    [Anonymous Symbol]                       0x00002744   Section        0  oled.o(.rodata.num_str)
    SystemMasterClock                        0x20200000   Data           4  sysctl.o(.data.SystemMasterClock)
    [Anonymous Symbol]                       0x20200000   Section        0  sysctl.o(.data.SystemMasterClock)
    .bss                                     0x20200008   Section       96  libspace.o(.bss)
    integral                                 0x20200970   Data           8  camera.o(.bss.integral)
    [Anonymous Symbol]                       0x20200970   Section        0  camera.o(.bss.integral)
    main.line_data_smooth                    0x20200978   Data         256  main.o(.bss.main.line_data_smooth)
    [Anonymous Symbol]                       0x20200978   Section        0  main.o(.bss.main.line_data_smooth)
    prev_error                               0x20200a80   Data           8  camera.o(.bss.prev_error)
    [Anonymous Symbol]                       0x20200a80   Section        0  camera.o(.bss.prev_error)
    Heap_Mem                                 0x20200a88   Data         512  startup_mspm0g350x_uvision.o(HEAP)
    HEAP                                     0x20200a88   Section      512  startup_mspm0g350x_uvision.o(HEAP)
    Stack_Mem                                0x20200c88   Data         512  startup_mspm0g350x_uvision.o(STACK)
    STACK                                    0x20200c88   Section      512  startup_mspm0g350x_uvision.o(STACK)
    __initial_sp                             0x20200e88   Data           0  startup_mspm0g350x_uvision.o(STACK)

    Global Symbols

    Symbol Name                              Value     Ov Type        Size  Object(Section)

    BuildAttributes$$THM_ISAv3M$S$PE$A:L22$X:L11$S22$IEEE1$IW$~IW$USESV6$~STKCKD$USESV7$~SHL$OTIME$ROPI$IEEEJ$EBA8$UX$STANDARDLIB$REQ8$PRES8$EABIv2 0x00000000   Number         0  anon$$obj.o ABSOLUTE
    __Vectors                                0x00000000   Data           4  startup_mspm0g350x_uvision.o(RESET)
    __ARM_exceptions_init                     - Undefined Weak Reference
    __alloca_initialize                       - Undefined Weak Reference
    __arm_preinit_                            - Undefined Weak Reference
    __cpp_initialize__aeabi_                  - Undefined Weak Reference
    __cxa_finalize                            - Undefined Weak Reference
    __rt_locale                               - Undefined Weak Reference
    __sigvec_lookup                           - Undefined Weak Reference
    _atexit_init                              - Undefined Weak Reference
    _call_atexit_fns                          - Undefined Weak Reference
    _clock_init                               - Undefined Weak Reference
    _fp_trap_init                             - Undefined Weak Reference
    _fp_trap_shutdown                         - Undefined Weak Reference
    _get_lc_collate                           - Undefined Weak Reference
    _get_lc_ctype                             - Undefined Weak Reference
    _get_lc_monetary                          - Undefined Weak Reference
    _get_lc_numeric                           - Undefined Weak Reference
    _get_lc_time                              - Undefined Weak Reference
    _getenv_init                              - Undefined Weak Reference
    _handle_redirection                       - Undefined Weak Reference
    _init_alloc                               - Undefined Weak Reference
    _init_user_alloc                          - Undefined Weak Reference
    _initio                                   - Undefined Weak Reference
    _rand_init                                - Undefined Weak Reference
    _signal_finish                            - Undefined Weak Reference
    _signal_init                              - Undefined Weak Reference
    _terminate_alloc                          - Undefined Weak Reference
    _terminate_user_alloc                     - Undefined Weak Reference
    _terminateio                              - Undefined Weak Reference
    __Vectors_End                            0x000000c0   Data           0  startup_mspm0g350x_uvision.o(RESET)
    __Vectors_Size                           0x000000c0   Number         0  startup_mspm0g350x_uvision.o ABSOLUTE
    __main                                   0x000000c1   Thumb Code     8  __main.o(!!!main)
    __scatterload                            0x000000c9   Thumb Code     0  __scatter.o(!!!scatter)
    __scatterload_rt2                        0x000000c9   Thumb Code    52  __scatter.o(!!!scatter)
    __scatterload_rt2_thumb_only             0x000000c9   Thumb Code     0  __scatter.o(!!!scatter)
    __scatterload_null                       0x000000d9   Thumb Code     0  __scatter.o(!!!scatter)
    __scatterload_copy                       0x00000109   Thumb Code    26  __scatter_copy.o(!!handler_copy)
    __scatterload_zeroinit                   0x00000129   Thumb Code    28  __scatter_zi.o(!!handler_zi)
    __rt_lib_init                            0x00000145   Thumb Code     0  libinit.o(.ARM.Collect$$libinit$$00000000)
    __rt_lib_init_alloca_1                   0x00000147   Thumb Code     0  libinit2.o(.ARM.Collect$$libinit$$0000002E)
    __rt_lib_init_argv_1                     0x00000147   Thumb Code     0  libinit2.o(.ARM.Collect$$libinit$$0000002C)
    __rt_lib_init_atexit_1                   0x00000147   Thumb Code     0  libinit2.o(.ARM.Collect$$libinit$$0000001B)
    __rt_lib_init_clock_1                    0x00000147   Thumb Code     0  libinit2.o(.ARM.Collect$$libinit$$00000021)
    __rt_lib_init_cpp_1                      0x00000147   Thumb Code     0  libinit2.o(.ARM.Collect$$libinit$$00000032)
    __rt_lib_init_exceptions_1               0x00000147   Thumb Code     0  libinit2.o(.ARM.Collect$$libinit$$00000030)
    __rt_lib_init_fp_1                       0x00000147   Thumb Code     0  libinit2.o(.ARM.Collect$$libinit$$00000002)
    __rt_lib_init_fp_trap_1                  0x00000147   Thumb Code     0  libinit2.o(.ARM.Collect$$libinit$$0000001F)
    __rt_lib_init_getenv_1                   0x00000147   Thumb Code     0  libinit2.o(.ARM.Collect$$libinit$$00000023)
    __rt_lib_init_heap_1                     0x00000147   Thumb Code     0  libinit2.o(.ARM.Collect$$libinit$$0000000A)
    __rt_lib_init_lc_collate_1               0x00000147   Thumb Code     0  libinit2.o(.ARM.Collect$$libinit$$00000011)
    __rt_lib_init_lc_ctype_1                 0x00000147   Thumb Code     0  libinit2.o(.ARM.Collect$$libinit$$00000013)
    __rt_lib_init_lc_monetary_1              0x00000147   Thumb Code     0  libinit2.o(.ARM.Collect$$libinit$$00000015)
    __rt_lib_init_lc_numeric_1               0x00000147   Thumb Code     0  libinit2.o(.ARM.Collect$$libinit$$00000017)
    __rt_lib_init_lc_time_1                  0x00000147   Thumb Code     0  libinit2.o(.ARM.Collect$$libinit$$00000019)
    __rt_lib_init_preinit_1                  0x00000147   Thumb Code     0  libinit2.o(.ARM.Collect$$libinit$$00000004)
    __rt_lib_init_rand_1                     0x00000147   Thumb Code     0  libinit2.o(.ARM.Collect$$libinit$$0000000E)
    __rt_lib_init_return                     0x00000147   Thumb Code     0  libinit2.o(.ARM.Collect$$libinit$$00000033)
    __rt_lib_init_signal_1                   0x00000147   Thumb Code     0  libinit2.o(.ARM.Collect$$libinit$$0000001D)
    __rt_lib_init_stdio_1                    0x00000147   Thumb Code     0  libinit2.o(.ARM.Collect$$libinit$$00000025)
    __rt_lib_init_user_alloc_1               0x00000147   Thumb Code     0  libinit2.o(.ARM.Collect$$libinit$$0000000C)
    __rt_lib_shutdown                        0x00000149   Thumb Code     0  libshutdown.o(.ARM.Collect$$libshutdown$$00000000)
    __rt_lib_shutdown_cpp_1                  0x0000014b   Thumb Code     0  libshutdown2.o(.ARM.Collect$$libshutdown$$00000002)
    __rt_lib_shutdown_fp_trap_1              0x0000014b   Thumb Code     0  libshutdown2.o(.ARM.Collect$$libshutdown$$00000007)
    __rt_lib_shutdown_heap_1                 0x0000014b   Thumb Code     0  libshutdown2.o(.ARM.Collect$$libshutdown$$0000000F)
    __rt_lib_shutdown_return                 0x0000014b   Thumb Code     0  libshutdown2.o(.ARM.Collect$$libshutdown$$00000010)
    __rt_lib_shutdown_signal_1               0x0000014b   Thumb Code     0  libshutdown2.o(.ARM.Collect$$libshutdown$$0000000A)
    __rt_lib_shutdown_stdio_1                0x0000014b   Thumb Code     0  libshutdown2.o(.ARM.Collect$$libshutdown$$00000004)
    __rt_lib_shutdown_user_alloc_1           0x0000014b   Thumb Code     0  libshutdown2.o(.ARM.Collect$$libshutdown$$0000000C)
    __rt_entry                               0x0000014d   Thumb Code     0  __rtentry.o(.ARM.Collect$$rtentry$$00000000)
    __rt_entry_presh_1                       0x0000014d   Thumb Code     0  __rtentry2.o(.ARM.Collect$$rtentry$$00000002)
    __rt_entry_sh                            0x0000014d   Thumb Code     0  __rtentry4.o(.ARM.Collect$$rtentry$$00000004)
    __rt_entry_li                            0x00000153   Thumb Code     0  __rtentry2.o(.ARM.Collect$$rtentry$$0000000A)
    __rt_entry_postsh_1                      0x00000153   Thumb Code     0  __rtentry2.o(.ARM.Collect$$rtentry$$00000009)
    __rt_entry_main                          0x00000157   Thumb Code     0  __rtentry2.o(.ARM.Collect$$rtentry$$0000000D)
    __rt_entry_postli_1                      0x00000157   Thumb Code     0  __rtentry2.o(.ARM.Collect$$rtentry$$0000000C)
    __rt_exit                                0x0000015f   Thumb Code     0  rtexit.o(.ARM.Collect$$rtexit$$00000000)
    __rt_exit_ls                             0x00000161   Thumb Code     0  rtexit2.o(.ARM.Collect$$rtexit$$00000003)
    __rt_exit_prels_1                        0x00000161   Thumb Code     0  rtexit2.o(.ARM.Collect$$rtexit$$00000002)
    __rt_exit_exit                           0x00000165   Thumb Code     0  rtexit2.o(.ARM.Collect$$rtexit$$00000004)
    Reset_Handler                            0x0000016d   Thumb Code     4  startup_mspm0g350x_uvision.o(.text)
    NMI_Handler                              0x00000171   Thumb Code     2  startup_mspm0g350x_uvision.o(.text)
    HardFault_Handler                        0x00000173   Thumb Code     2  startup_mspm0g350x_uvision.o(.text)
    SVC_Handler                              0x00000175   Thumb Code     2  startup_mspm0g350x_uvision.o(.text)
    PendSV_Handler                           0x00000177   Thumb Code     2  startup_mspm0g350x_uvision.o(.text)
    SysTick_Handler                          0x00000179   Thumb Code     2  startup_mspm0g350x_uvision.o(.text)
    ADC0_IRQHandler                          0x0000017b   Thumb Code     0  startup_mspm0g350x_uvision.o(.text)
    ADC1_IRQHandler                          0x0000017b   Thumb Code     0  startup_mspm0g350x_uvision.o(.text)
    AES_IRQHandler                           0x0000017b   Thumb Code     0  startup_mspm0g350x_uvision.o(.text)
    CANFD0_IRQHandler                        0x0000017b   Thumb Code     0  startup_mspm0g350x_uvision.o(.text)
    DAC0_IRQHandler                          0x0000017b   Thumb Code     0  startup_mspm0g350x_uvision.o(.text)
    DMA_IRQHandler                           0x0000017b   Thumb Code     0  startup_mspm0g350x_uvision.o(.text)
    Default_Handler                          0x0000017b   Thumb Code     2  startup_mspm0g350x_uvision.o(.text)
    GROUP0_IRQHandler                        0x0000017b   Thumb Code     0  startup_mspm0g350x_uvision.o(.text)
    I2C0_IRQHandler                          0x0000017b   Thumb Code     0  startup_mspm0g350x_uvision.o(.text)
    I2C1_IRQHandler                          0x0000017b   Thumb Code     0  startup_mspm0g350x_uvision.o(.text)
    RTC_IRQHandler                           0x0000017b   Thumb Code     0  startup_mspm0g350x_uvision.o(.text)
    SPI0_IRQHandler                          0x0000017b   Thumb Code     0  startup_mspm0g350x_uvision.o(.text)
    SPI1_IRQHandler                          0x0000017b   Thumb Code     0  startup_mspm0g350x_uvision.o(.text)
    TIMA0_IRQHandler                         0x0000017b   Thumb Code     0  startup_mspm0g350x_uvision.o(.text)
    TIMA1_IRQHandler                         0x0000017b   Thumb Code     0  startup_mspm0g350x_uvision.o(.text)
    TIMG7_IRQHandler                         0x0000017b   Thumb Code     0  startup_mspm0g350x_uvision.o(.text)
    TIMG8_IRQHandler                         0x0000017b   Thumb Code     0  startup_mspm0g350x_uvision.o(.text)
    UART0_IRQHandler                         0x0000017b   Thumb Code     0  startup_mspm0g350x_uvision.o(.text)
    UART2_IRQHandler                         0x0000017b   Thumb Code     0  startup_mspm0g350x_uvision.o(.text)
    UART3_IRQHandler                         0x0000017b   Thumb Code     0  startup_mspm0g350x_uvision.o(.text)
    __user_initial_stackheap                 0x0000017d   Thumb Code    10  startup_mspm0g350x_uvision.o(.text)
    strlen                                   0x0000019d   Thumb Code    62  strlen.o(.text)
    _memset_w                                0x000001e1   Thumb Code    26  rt_memclr.o(.text)
    _memset                                  0x000001fb   Thumb Code    30  rt_memclr.o(.text)
    __aeabi_memclr                           0x00000219   Thumb Code     4  rt_memclr.o(.text)
    __rt_memclr                              0x00000219   Thumb Code     0  rt_memclr.o(.text)
    __aeabi_memclr4                          0x0000021d   Thumb Code     0  rt_memclr.o(.text)
    __aeabi_memclr8                          0x0000021d   Thumb Code     0  rt_memclr.o(.text)
    __rt_memclr_w                            0x0000021d   Thumb Code     4  rt_memclr.o(.text)
    __use_two_region_memory                  0x00000221   Thumb Code     2  heapauxi.o(.text)
    __rt_heap_escrow$2region                 0x00000223   Thumb Code     2  heapauxi.o(.text)
    __rt_heap_expand$2region                 0x00000225   Thumb Code     2  heapauxi.o(.text)
    __aeabi_dadd                             0x00000521   Thumb Code     0  daddsub.o(.text)
    _dadd                                    0x00000521   Thumb Code    26  daddsub.o(.text)
    __aeabi_dsub                             0x0000053b   Thumb Code     0  daddsub.o(.text)
    _dsub                                    0x0000053b   Thumb Code    22  daddsub.o(.text)
    __aeabi_drsub                            0x00000551   Thumb Code     0  daddsub.o(.text)
    _drsb                                    0x00000551   Thumb Code    28  daddsub.o(.text)
    __aeabi_ddiv                             0x00000581   Thumb Code     0  ddiv.o(.text)
    _ddiv                                    0x00000581   Thumb Code  1072  ddiv.o(.text)
    _drdiv                                   0x000009b1   Thumb Code    20  ddiv.o(.text)
    __aeabi_d2iz                             0x000009c9   Thumb Code     0  dfixi.o(.text)
    _dfix                                    0x000009c9   Thumb Code    98  dfixi.o(.text)
    __aeabi_d2uiz                            0x00000a35   Thumb Code     0  dfixui.o(.text)
    _dfixu                                   0x00000a35   Thumb Code    68  dfixui.o(.text)
    __aeabi_i2d_normalise                    0x00000a7d   Thumb Code    66  dflti.o(.text)
    __aeabi_i2d                              0x00000abf   Thumb Code    16  dflti.o(.text)
    _dflt                                    0x00000abf   Thumb Code     0  dflti.o(.text)
    __aeabi_ui2d                             0x00000acf   Thumb Code     6  dflti.o(.text)
    _dfltu                                   0x00000acf   Thumb Code     0  dflti.o(.text)
    __aeabi_dmul                             0x00000ad5   Thumb Code     0  dmul.o(.text)
    _dmul                                    0x00000ad5   Thumb Code   558  dmul.o(.text)
    __fpl_dcmp_InfNaN                        0x00000d1d   Thumb Code   154  dcmpin.o(.text)
    __user_setup_stackheap                   0x00000dbd   Thumb Code    62  sys_stackheap_outer.o(.text)
    exit                                     0x00000dfb   Thumb Code    16  exit.o(.text)
    __fpl_cmpreturn                          0x00000e0b   Thumb Code    46  cmpret.o(.text)
    __fpl_dcheck_NaN2                        0x00000e39   Thumb Code    14  dnan2.o(.text)
    __user_libspace                          0x00000e4d   Thumb Code     8  libspace.o(.text)
    __user_perproc_libspace                  0x00000e4d   Thumb Code     0  libspace.o(.text)
    __user_perthread_libspace                0x00000e4d   Thumb Code     0  libspace.o(.text)
    __fpl_return_NaN                         0x00000e55   Thumb Code    94  retnan.o(.text)
    _sys_exit                                0x00000eb5   Thumb Code     8  sys_exit.o(.text)
    __I$use$semihosting                      0x00000ec1   Thumb Code     0  use_no_semi.o(.text)
    __use_no_semihosting_swi                 0x00000ec1   Thumb Code     2  use_no_semi.o(.text)
    __semihosting_library_function           0x00000ec3   Thumb Code     0  indicate_semi.o(.text)
    ADC0_getVal                              0x00000ec5   Thumb Code    60  adc12.o(.text.ADC0_getVal)
    ADC0_init                                0x00000f01   Thumb Code   128  adc12.o(.text.ADC0_init)
    Camera_getData                           0x00000f81   Thumb Code    16  camera.o(.text.Camera_getData)
    Camera_init                              0x00000f91   Thumb Code    28  camera.o(.text.Camera_init)
    Camera_isDataReady                       0x00000fad   Thumb Code    12  camera.o(.text.Camera_isDataReady)
    GROUP1_IRQHandler                        0x00000fb9   Thumb Code    76  isrs.o(.text.GROUP1_IRQHandler)
    I2C1_init                                0x00001005   Thumb Code   156  i2c.o(.text.I2C1_init)
    I2C1_put                                 0x000010a1   Thumb Code    64  i2c.o(.text.I2C1_put)
    I2C1_putchar                             0x000010e1   Thumb Code    32  i2c.o(.text.I2C1_putchar)
    LED2_init                                0x00001101   Thumb Code   128  leds.o(.text.LED2_init)
    LED2_set                                 0x00001181   Thumb Code    76  leds.o(.text.LED2_set)
    LineSensor_Calculate_Error               0x000011cd   Thumb Code   248  camera.o(.text.LineSensor_Calculate_Error)
    Motor_Init                               0x000012c5   Thumb Code   152  motor.o(.text.Motor_Init)
    Motor_Set_Speed                          0x0000135d   Thumb Code   164  motor.o(.text.Motor_Set_Speed)
    Motor_Stop                               0x00001401   Thumb Code    46  motor.o(.text.Motor_Stop)
    OLED_Init                                0x00001431   Thumb Code   264  oled.o(.text.OLED_Init)
    OLED_Print                               0x00001539   Thumb Code    18  oled.o(.text.OLED_Print)
    OLED_PrintBlock                          0x0000154d   Thumb Code    60  oled.o(.text.OLED_PrintBlock)
    OLED_display_clear                       0x00001589   Thumb Code    44  oled.o(.text.OLED_display_clear)
    OLED_display_on                          0x000015b5   Thumb Code    10  oled.o(.text.OLED_display_on)
    OLED_draw                                0x000015c1   Thumb Code   112  oled.o(.text.OLED_draw)
    OLED_draw_line                           0x00001631   Thumb Code    54  oled.o(.text.OLED_draw_line)
    OLED_sendCommand                         0x00001667   Thumb Code    24  oled.o(.text.OLED_sendCommand)
    OLED_write_display                       0x0000167f   Thumb Code    38  oled.o(.text.OLED_write_display)
    PID_Update                               0x000016a5   Thumb Code   280  camera.o(.text.PID_Update)
    S1_init                                  0x000017bd   Thumb Code    76  switches.o(.text.S1_init)
    S1_init_interrupt                        0x00001809   Thumb Code    52  switches.o(.text.S1_init_interrupt)
    S2_init                                  0x0000183d   Thumb Code    88  switches.o(.text.S2_init)
    S2_init_interrupt                        0x00001895   Thumb Code    52  switches.o(.text.S2_init_interrupt)
    SYSCTL_SYSCLK_getULPCLK                  0x000018c9   Thumb Code    32  sysctl.o(.text.SYSCTL_SYSCLK_getULPCLK)
    SteeringServo_Init                       0x000018e9   Thumb Code    28  servo.o(.text.SteeringServo_Init)
    SteeringServo_Set_Turn                   0x00001905   Thumb Code    76  servo.o(.text.SteeringServo_Set_Turn)
    TIMA0_PWM_DutyCycle                      0x00001951   Thumb Code   192  timers.o(.text.TIMA0_PWM_DutyCycle)
    TIMA0_PWM_init                           0x00001a11   Thumb Code   520  timers.o(.text.TIMA0_PWM_init)
    TIMA1_PWM_DutyCycle                      0x00001c19   Thumb Code    52  timers.o(.text.TIMA1_PWM_DutyCycle)
    TIMA1_PWM_init                           0x00001c4d   Thumb Code   204  timers.o(.text.TIMA1_PWM_init)
    TIMG0_IRQHandler                         0x00001d19   Thumb Code    84  isrs.o(.text.TIMG0_IRQHandler)
    TIMG0_init                               0x00001d6d   Thumb Code   128  timers.o(.text.TIMG0_init)
    TIMG12_IRQHandler                        0x00001ded   Thumb Code    16  isrs.o(.text.TIMG12_IRQHandler)
    TIMG6_IRQHandler                         0x00001dfd   Thumb Code    84  isrs.o(.text.TIMG6_IRQHandler)
    TIMG6_init                               0x00001e51   Thumb Code   132  timers.o(.text.TIMG6_init)
    UART0_init                               0x00001ed5   Thumb Code   212  uart.o(.text.UART0_init)
    UART0_put                                0x00001fa9   Thumb Code    28  uart.o(.text.UART0_put)
    UART0_putchar                            0x00001fc5   Thumb Code    24  uart.o(.text.UART0_putchar)
    UART1_IRQHandler                         0x00001fdd   Thumb Code    28  isrs.o(.text.UART1_IRQHandler)
    UART1_init                               0x00001ff9   Thumb Code   228  uart.o(.text.UART1_init)
    UART1_init_interrupt                     0x000020dd   Thumb Code    28  uart.o(.text.UART1_init_interrupt)
    clamp                                    0x00002125   Thumb Code    70  servo.o(.text.clamp)
    init_CLK                                 0x00002185   Thumb Code    92  camera.o(.text.init_CLK)
    init_SI                                  0x000021e1   Thumb Code   116  camera.o(.text.init_SI)
    main                                     0x00002255   Thumb Code   364  main.o(.text.main)
    __aeabi_uidiv                            0x000023c1   Thumb Code    68  aeabi_sdivfast.o(.text_divfast)
    __aeabi_idiv                             0x00002405   Thumb Code   434  aeabi_sdivfast.o(.text_divfast)
    __aeabi_dcmpgt                           0x000025b7   Thumb Code     0  dcmp.o(i._dgr)
    _dgr                                     0x000025b7   Thumb Code    22  dcmp.o(i._dgr)
    __aeabi_dcmple                           0x000025cd   Thumb Code     0  dcmp.o(i._dleq)
    _dleq                                    0x000025cd   Thumb Code    26  dcmp.o(i._dleq)
    __aeabi_dcmplt                           0x000025e7   Thumb Code     0  dcmp.o(i._dls)
    _dls                                     0x000025e7   Thumb Code    22  dcmp.o(i._dls)
    _dcmpge                                  0x000025fd   Thumb Code    94  dgef.o(x$fpl$dgeqf)
    __aeabi_cdcmple                          0x00002661   Thumb Code     0  dlef.o(x$fpl$dleqf)
    _dcmple                                  0x00002661   Thumb Code    94  dlef.o(x$fpl$dleqf)
    __I$use$fp                               0x000026c4   Number         0  usenofp.o(x$fpl$usenofp)
    Region$$Table$$Base                      0x00002d38   Number         0  anon$$obj.o(Region$$Table)
    Region$$Table$$Limit                     0x00002d58   Number         0  anon$$obj.o(Region$$Table)
    __libspace_start                         0x20200008   Data          96  libspace.o(.bss)
    OLED_GRAPH_ARR                           0x20200068   Data        1024  oled.o(.bss.OLED_GRAPH_ARR)
    __temporary_stack_top$libspace           0x20200068   Data           0  libspace.o(.bss)
    OLED_TEXT_ARR                            0x20200468   Data        1024  oled.o(.bss.OLED_TEXT_ARR)
    cameraData                               0x20200868   Data         256  isrs.o(.bss.cameraData)
    cameraData_complete                      0x20200968   Data           1  isrs.o(.bss.cameraData_complete)
    g_car_running                            0x20200969   Data           1  isrs.o(.bss.g_car_running)
    pixelCounter                             0x20200a78   Data           4  isrs.o(.bss.pixelCounter)



==============================================================================

Memory Map of the image

  Image Entry point : 0x000000c1

  Load Region LR_IROM1 (Base: 0x00000000, Size: 0x00002d60, Max: 0x00020000, ABSOLUTE)

    Execution Region ER_IROM1 (Exec base: 0x00000000, Load base: 0x00000000, Size: 0x00002d58, Max: 0x00020000, ABSOLUTE)

    Exec Addr    Load Addr    Size         Type   Attr      Idx    E Section Name        Object

    0x00000000   0x00000000   0x000000c0   Data   RO           15    RESET               startup_mspm0g350x_uvision.o
    0x000000c0   0x000000c0   0x00000008   Code   RO          301  * !!!main             c_p.l(__main.o)
    0x000000c8   0x000000c8   0x0000003c   Code   RO          522    !!!scatter          c_p.l(__scatter.o)
    0x00000104   0x00000104   0x00000004   PAD
    0x00000108   0x00000108   0x0000001a   Code   RO          524    !!handler_copy      c_p.l(__scatter_copy.o)
    0x00000122   0x00000122   0x00000006   PAD
    0x00000128   0x00000128   0x0000001c   Code   RO          526    !!handler_zi        c_p.l(__scatter_zi.o)
    0x00000144   0x00000144   0x00000002   Code   RO          379    .ARM.Collect$$libinit$$00000000  c_p.l(libinit.o)
    0x00000146   0x00000146   0x00000000   Code   RO          397    .ARM.Collect$$libinit$$00000002  c_p.l(libinit2.o)
    0x00000146   0x00000146   0x00000000   Code   RO          399    .ARM.Collect$$libinit$$00000004  c_p.l(libinit2.o)
    0x00000146   0x00000146   0x00000000   Code   RO          402    .ARM.Collect$$libinit$$0000000A  c_p.l(libinit2.o)
    0x00000146   0x00000146   0x00000000   Code   RO          404    .ARM.Collect$$libinit$$0000000C  c_p.l(libinit2.o)
    0x00000146   0x00000146   0x00000000   Code   RO          406    .ARM.Collect$$libinit$$0000000E  c_p.l(libinit2.o)
    0x00000146   0x00000146   0x00000000   Code   RO          409    .ARM.Collect$$libinit$$00000011  c_p.l(libinit2.o)
    0x00000146   0x00000146   0x00000000   Code   RO          411    .ARM.Collect$$libinit$$00000013  c_p.l(libinit2.o)
    0x00000146   0x00000146   0x00000000   Code   RO          413    .ARM.Collect$$libinit$$00000015  c_p.l(libinit2.o)
    0x00000146   0x00000146   0x00000000   Code   RO          415    .ARM.Collect$$libinit$$00000017  c_p.l(libinit2.o)
    0x00000146   0x00000146   0x00000000   Code   RO          417    .ARM.Collect$$libinit$$00000019  c_p.l(libinit2.o)
    0x00000146   0x00000146   0x00000000   Code   RO          419    .ARM.Collect$$libinit$$0000001B  c_p.l(libinit2.o)
    0x00000146   0x00000146   0x00000000   Code   RO          421    .ARM.Collect$$libinit$$0000001D  c_p.l(libinit2.o)
    0x00000146   0x00000146   0x00000000   Code   RO          423    .ARM.Collect$$libinit$$0000001F  c_p.l(libinit2.o)
    0x00000146   0x00000146   0x00000000   Code   RO          425    .ARM.Collect$$libinit$$00000021  c_p.l(libinit2.o)
    0x00000146   0x00000146   0x00000000   Code   RO          427    .ARM.Collect$$libinit$$00000023  c_p.l(libinit2.o)
    0x00000146   0x00000146   0x00000000   Code   RO          429    .ARM.Collect$$libinit$$00000025  c_p.l(libinit2.o)
    0x00000146   0x00000146   0x00000000   Code   RO          433    .ARM.Collect$$libinit$$0000002C  c_p.l(libinit2.o)
    0x00000146   0x00000146   0x00000000   Code   RO          435    .ARM.Collect$$libinit$$0000002E  c_p.l(libinit2.o)
    0x00000146   0x00000146   0x00000000   Code   RO          437    .ARM.Collect$$libinit$$00000030  c_p.l(libinit2.o)
    0x00000146   0x00000146   0x00000000   Code   RO          439    .ARM.Collect$$libinit$$00000032  c_p.l(libinit2.o)
    0x00000146   0x00000146   0x00000002   Code   RO          440    .ARM.Collect$$libinit$$00000033  c_p.l(libinit2.o)
    0x00000148   0x00000148   0x00000002   Code   RO          477    .ARM.Collect$$libshutdown$$00000000  c_p.l(libshutdown.o)
    0x0000014a   0x0000014a   0x00000000   Code   RO          505    .ARM.Collect$$libshutdown$$00000002  c_p.l(libshutdown2.o)
    0x0000014a   0x0000014a   0x00000000   Code   RO          507    .ARM.Collect$$libshutdown$$00000004  c_p.l(libshutdown2.o)
    0x0000014a   0x0000014a   0x00000000   Code   RO          510    .ARM.Collect$$libshutdown$$00000007  c_p.l(libshutdown2.o)
    0x0000014a   0x0000014a   0x00000000   Code   RO          513    .ARM.Collect$$libshutdown$$0000000A  c_p.l(libshutdown2.o)
    0x0000014a   0x0000014a   0x00000000   Code   RO          515    .ARM.Collect$$libshutdown$$0000000C  c_p.l(libshutdown2.o)
    0x0000014a   0x0000014a   0x00000000   Code   RO          518    .ARM.Collect$$libshutdown$$0000000F  c_p.l(libshutdown2.o)
    0x0000014a   0x0000014a   0x00000002   Code   RO          519    .ARM.Collect$$libshutdown$$00000010  c_p.l(libshutdown2.o)
    0x0000014c   0x0000014c   0x00000000   Code   RO          332    .ARM.Collect$$rtentry$$00000000  c_p.l(__rtentry.o)
    0x0000014c   0x0000014c   0x00000000   Code   RO          347    .ARM.Collect$$rtentry$$00000002  c_p.l(__rtentry2.o)
    0x0000014c   0x0000014c   0x00000006   Code   RO          359    .ARM.Collect$$rtentry$$00000004  c_p.l(__rtentry4.o)
    0x00000152   0x00000152   0x00000000   Code   RO          349    .ARM.Collect$$rtentry$$00000009  c_p.l(__rtentry2.o)
    0x00000152   0x00000152   0x00000004   Code   RO          350    .ARM.Collect$$rtentry$$0000000A  c_p.l(__rtentry2.o)
    0x00000156   0x00000156   0x00000000   Code   RO          352    .ARM.Collect$$rtentry$$0000000C  c_p.l(__rtentry2.o)
    0x00000156   0x00000156   0x00000008   Code   RO          353    .ARM.Collect$$rtentry$$0000000D  c_p.l(__rtentry2.o)
    0x0000015e   0x0000015e   0x00000002   Code   RO          388    .ARM.Collect$$rtexit$$00000000  c_p.l(rtexit.o)
    0x00000160   0x00000160   0x00000000   Code   RO          448    .ARM.Collect$$rtexit$$00000002  c_p.l(rtexit2.o)
    0x00000160   0x00000160   0x00000004   Code   RO          449    .ARM.Collect$$rtexit$$00000003  c_p.l(rtexit2.o)
    0x00000164   0x00000164   0x00000006   Code   RO          450    .ARM.Collect$$rtexit$$00000004  c_p.l(rtexit2.o)
    0x0000016a   0x0000016a   0x00000002   PAD
    0x0000016c   0x0000016c   0x00000030   Code   RO           16    .text               startup_mspm0g350x_uvision.o
    0x0000019c   0x0000019c   0x00000044   Code   RO          287    .text               c_p.l(strlen.o)
    0x000001e0   0x000001e0   0x00000040   Code   RO          289    .text               c_p.l(rt_memclr.o)
    0x00000220   0x00000220   0x00000006   Code   RO          299    .text               c_p.l(heapauxi.o)
    0x00000226   0x00000226   0x00000002   PAD
    0x00000228   0x00000228   0x00000358   Code   RO          303    .text               fz_ps.l(daddsub.o)
    0x00000580   0x00000580   0x00000448   Code   RO          317    .text               fz_ps.l(ddiv.o)
    0x000009c8   0x000009c8   0x0000006c   Code   RO          320    .text               fz_ps.l(dfixi.o)
    0x00000a34   0x00000a34   0x00000048   Code   RO          322    .text               fz_ps.l(dfixui.o)
    0x00000a7c   0x00000a7c   0x00000058   Code   RO          324    .text               fz_ps.l(dflti.o)
    0x00000ad4   0x00000ad4   0x00000248   Code   RO          326    .text               fz_ps.l(dmul.o)
    0x00000d1c   0x00000d1c   0x000000a0   Code   RO          363    .text               fz_ps.l(dcmpin.o)
    0x00000dbc   0x00000dbc   0x0000003e   Code   RO          365    .text               c_p.l(sys_stackheap_outer.o)
    0x00000dfa   0x00000dfa   0x00000010   Code   RO          368    .text               c_p.l(exit.o)
    0x00000e0a   0x00000e0a   0x0000002e   Code   RO          380    .text               fz_ps.l(cmpret.o)
    0x00000e38   0x00000e38   0x00000014   Code   RO          382    .text               fz_ps.l(dnan2.o)
    0x00000e4c   0x00000e4c   0x00000008   Code   RO          384    .text               c_p.l(libspace.o)
    0x00000e54   0x00000e54   0x0000005e   Code   RO          441    .text               fz_ps.l(retnan.o)
    0x00000eb2   0x00000eb2   0x00000002   PAD
    0x00000eb4   0x00000eb4   0x0000000c   Code   RO          443    .text               c_p.l(sys_exit.o)
    0x00000ec0   0x00000ec0   0x00000002   Code   RO          466    .text               c_p.l(use_no_semi.o)
    0x00000ec2   0x00000ec2   0x00000000   Code   RO          468    .text               c_p.l(indicate_semi.o)
    0x00000ec2   0x00000ec2   0x00000002   PAD
    0x00000ec4   0x00000ec4   0x0000003c   Code   RO           47    .text.ADC0_getVal   adc12.o
    0x00000f00   0x00000f00   0x00000080   Code   RO           45    .text.ADC0_init     adc12.o
    0x00000f80   0x00000f80   0x00000010   Code   RO          203    .text.Camera_getData  camera.o
    0x00000f90   0x00000f90   0x0000001c   Code   RO          199    .text.Camera_init   camera.o
    0x00000fac   0x00000fac   0x0000000c   Code   RO          201    .text.Camera_isDataReady  camera.o
    0x00000fb8   0x00000fb8   0x0000004c   Code   RO           23    .text.GROUP1_IRQHandler  isrs.o
    0x00001004   0x00001004   0x0000009c   Code   RO          157    .text.I2C1_init     i2c.o
    0x000010a0   0x000010a0   0x00000040   Code   RO          161    .text.I2C1_put      i2c.o
    0x000010e0   0x000010e0   0x00000020   Code   RO          159    .text.I2C1_putchar  i2c.o
    0x00001100   0x00001100   0x00000080   Code   RO          242    .text.LED2_init     leds.o
    0x00001180   0x00001180   0x0000004c   Code   RO          246    .text.LED2_set      leds.o
    0x000011cc   0x000011cc   0x000000f8   Code   RO          205    .text.LineSensor_Calculate_Error  camera.o
    0x000012c4   0x000012c4   0x00000098   Code   RO          256    .text.Motor_Init    motor.o
    0x0000135c   0x0000135c   0x000000a4   Code   RO          260    .text.Motor_Set_Speed  motor.o
    0x00001400   0x00001400   0x0000002e   Code   RO          258    .text.Motor_Stop    motor.o
    0x0000142e   0x0000142e   0x00000002   PAD
    0x00001430   0x00001430   0x00000108   Code   RO           64    .text.OLED_Init     oled.o
    0x00001538   0x00001538   0x00000012   Code   RO           80    .text.OLED_Print    oled.o
    0x0000154a   0x0000154a   0x00000002   PAD
    0x0000154c   0x0000154c   0x0000003c   Code   RO           78    .text.OLED_PrintBlock  oled.o
    0x00001588   0x00001588   0x0000002c   Code   RO           68    .text.OLED_display_clear  oled.o
    0x000015b4   0x000015b4   0x0000000a   Code   RO           66    .text.OLED_display_on  oled.o
    0x000015be   0x000015be   0x00000002   PAD
    0x000015c0   0x000015c0   0x00000070   Code   RO           70    .text.OLED_draw     oled.o
    0x00001630   0x00001630   0x00000036   Code   RO           72    .text.OLED_draw_line  oled.o
    0x00001666   0x00001666   0x00000018   Code   RO           60    .text.OLED_sendCommand  oled.o
    0x0000167e   0x0000167e   0x00000026   Code   RO           62    .text.OLED_write_display  oled.o
    0x000016a4   0x000016a4   0x00000118   Code   RO          207    .text.PID_Update    camera.o
    0x000017bc   0x000017bc   0x0000004c   Code   RO          219    .text.S1_init       switches.o
    0x00001808   0x00001808   0x00000034   Code   RO          227    .text.S1_init_interrupt  switches.o
    0x0000183c   0x0000183c   0x00000058   Code   RO          221    .text.S2_init       switches.o
    0x00001894   0x00001894   0x00000034   Code   RO          231    .text.S2_init_interrupt  switches.o
    0x000018c8   0x000018c8   0x00000020   Code   RO          146    .text.SYSCTL_SYSCLK_getULPCLK  sysctl.o
    0x000018e8   0x000018e8   0x0000001c   Code   RO          272    .text.SteeringServo_Init  servo.o
    0x00001904   0x00001904   0x0000004c   Code   RO          276    .text.SteeringServo_Set_Turn  servo.o
    0x00001950   0x00001950   0x000000c0   Code   RO          183    .text.TIMA0_PWM_DutyCycle  timers.o
    0x00001a10   0x00001a10   0x00000208   Code   RO          179    .text.TIMA0_PWM_init  timers.o
    0x00001c18   0x00001c18   0x00000034   Code   RO          185    .text.TIMA1_PWM_DutyCycle  timers.o
    0x00001c4c   0x00001c4c   0x000000cc   Code   RO          181    .text.TIMA1_PWM_init  timers.o
    0x00001d18   0x00001d18   0x00000054   Code   RO           25    .text.TIMG0_IRQHandler  isrs.o
    0x00001d6c   0x00001d6c   0x00000080   Code   RO          171    .text.TIMG0_init    timers.o
    0x00001dec   0x00001dec   0x00000010   Code   RO           29    .text.TIMG12_IRQHandler  isrs.o
    0x00001dfc   0x00001dfc   0x00000054   Code   RO           27    .text.TIMG6_IRQHandler  isrs.o
    0x00001e50   0x00001e50   0x00000084   Code   RO          175    .text.TIMG6_init    timers.o
    0x00001ed4   0x00001ed4   0x000000d4   Code   RO           98    .text.UART0_init    uart.o
    0x00001fa8   0x00001fa8   0x0000001c   Code   RO          104    .text.UART0_put     uart.o
    0x00001fc4   0x00001fc4   0x00000018   Code   RO          100    .text.UART0_putchar  uart.o
    0x00001fdc   0x00001fdc   0x0000001c   Code   RO           31    .text.UART1_IRQHandler  isrs.o
    0x00001ff8   0x00001ff8   0x000000e4   Code   RO          106    .text.UART1_init    uart.o
    0x000020dc   0x000020dc   0x0000001c   Code   RO          114    .text.UART1_init_interrupt  uart.o
    0x000020f8   0x000020f8   0x0000000c   Code   RO          116    .text.__NVIC_EnableIRQ  uart.o
    0x00002104   0x00002104   0x00000014   Code   RO          173    .text.__NVIC_EnableIRQ  timers.o
    0x00002118   0x00002118   0x0000000c   Code   RO          229    .text.__NVIC_EnableIRQ  switches.o
    0x00002124   0x00002124   0x00000046   Code   RO          274    .text.clamp         servo.o
    0x0000216a   0x0000216a   0x00000018   Code   RO          262    .text.clamp_speed   motor.o
    0x00002182   0x00002182   0x00000002   PAD
    0x00002184   0x00002184   0x0000005c   Code   RO          195    .text.init_CLK      camera.o
    0x000021e0   0x000021e0   0x00000074   Code   RO          197    .text.init_SI       camera.o
    0x00002254   0x00002254   0x0000016c   Code   RO            2    .text.main          main.o
    0x000023c0   0x000023c0   0x000001f6   Code   RO          292    .text_divfast       c_p.l(aeabi_sdivfast.o)
    0x000025b6   0x000025b6   0x00000016   Code   RO          307    i._dgr              fz_ps.l(dcmp.o)
    0x000025cc   0x000025cc   0x0000001a   Code   RO          308    i._dleq             fz_ps.l(dcmp.o)
    0x000025e6   0x000025e6   0x00000016   Code   RO          309    i._dls              fz_ps.l(dcmp.o)
    0x000025fc   0x000025fc   0x00000064   Code   RO          339    x$fpl$dgeqf         fz_ps.l(dgef.o)
    0x00002660   0x00002660   0x00000064   Code   RO          341    x$fpl$dleqf         fz_ps.l(dlef.o)
    0x000026c4   0x000026c4   0x00000000   Code   RO          345    x$fpl$usenofp       fz_ps.l(usenofp.o)
    0x000026c4   0x000026c4   0x00000080   Data   RO          318    .constdata          fz_ps.l(ddiv.o)
    0x00002744   0x00002744   0x000005f0   Data   RO           89    .rodata.num_str     oled.o
    0x00002d34   0x00002d34   0x00000004   PAD
    0x00002d38   0x00002d38   0x00000020   Data   RO          521    Region$$Table       anon$$obj.o


    Execution Region RW_IRAM2 (Exec base: 0x20200000, Load base: 0x00002d58, Size: 0x00000e88, Max: 0x00008000, ABSOLUTE)

    Exec Addr    Load Addr    Size         Type   Attr      Idx    E Section Name        Object

    0x20200000   0x00002d58   0x00000004   Data   RW          148    .data.SystemMasterClock  sysctl.o
    0x20200004   0x00002d5c   0x00000004   PAD
    0x20200008        -       0x00000060   Zero   RW          385    .bss                c_p.l(libspace.o)
    0x20200068        -       0x00000400   Zero   RW           86    .bss.OLED_GRAPH_ARR  oled.o
    0x20200468        -       0x00000400   Zero   RW           87    .bss.OLED_TEXT_ARR  oled.o
    0x20200868        -       0x00000100   Zero   RW           37    .bss.cameraData     isrs.o
    0x20200968        -       0x00000001   Zero   RW           33    .bss.cameraData_complete  isrs.o
    0x20200969        -       0x00000001   Zero   RW           36    .bss.g_car_running  isrs.o
    0x2020096a   0x00002d5c   0x00000006   PAD
    0x20200970        -       0x00000008   Zero   RW          209    .bss.integral       camera.o
    0x20200978        -       0x00000100   Zero   RW            4    .bss.main.line_data_smooth  main.o
    0x20200a78        -       0x00000004   Zero   RW           34    .bss.pixelCounter   isrs.o
    0x20200a7c   0x00002d5c   0x00000004   PAD
    0x20200a80        -       0x00000008   Zero   RW          210    .bss.prev_error     camera.o
    0x20200a88        -       0x00000200   Zero   RW           14    HEAP                startup_mspm0g350x_uvision.o
    0x20200c88        -       0x00000200   Zero   RW           13    STACK               startup_mspm0g350x_uvision.o



  Load Region LR_BCR (Base: 0x41c00000, Size: 0x00000000, Max: 0x00000100, ABSOLUTE)

    Execution Region BCR_CONFIG (Exec base: 0x41c00000, Load base: 0x41c00000, Size: 0x00000000, Max: 0x00000080, ABSOLUTE)

    **** No section assigned to this execution region ****



  Load Region LR_BSL (Base: 0x41c00100, Size: 0x00000000, Max: 0x00000100, ABSOLUTE)

    Execution Region BSL_CONFIG (Exec base: 0x41c00100, Load base: 0x41c00100, Size: 0x00000000, Max: 0x00000080, ABSOLUTE)

    **** No section assigned to this execution region ****


==============================================================================

Image component sizes


      Code (inc. data)   RO Data    RW Data    ZI Data      Debug   Object Name

       188         32          0          0          0       4056   adc12.o
       792        120          0          0         16       8676   camera.o
       252         32          0          0          0       4978   i2c.o
       288         76          0          0        262       7765   isrs.o
       204         20          0          0          0       5551   leds.o
       364         48          0          0        256       1581   main.o
       386         20          0          0          0       5370   motor.o
       624         20       1520          0       2048       4614   oled.o
       174         28          0          0          0        988   servo.o
        48         22        192          0       1024        812   startup_mspm0g350x_uvision.o
       280         40          0          0          0       6854   switches.o
        32          8          0          4          0       4020   sysctl.o
      1248        156          0          0          0      10889   timers.o
       532         64          0          0          0       7097   uart.o

    ----------------------------------------------------------------------
      5420        686       1748          4       3620      73251   Object Totals
         0          0         32          0          0          0   (incl. Generated)
         8          0          4          0         14          0   (incl. Padding)

    ----------------------------------------------------------------------

      Code (inc. data)   RO Data    RW Data    ZI Data      Debug   Library Member Name

         8          0          0          0          0         68   __main.o
         0          0          0          0          0          0   __rtentry.o
        12          0          0          0          0          0   __rtentry2.o
         6          0          0          0          0          0   __rtentry4.o
        60          8          0          0          0          0   __scatter.o
        26          0          0          0          0          0   __scatter_copy.o
        28          0          0          0          0          0   __scatter_zi.o
       502          0          0          0          0         92   aeabi_sdivfast.o
        16          0          0          0          0         68   exit.o
         6          0          0          0          0        136   heapauxi.o
         0          0          0          0          0          0   indicate_semi.o
         2          0          0          0          0          0   libinit.o
         2          0          0          0          0          0   libinit2.o
         2          0          0          0          0          0   libshutdown.o
         2          0          0          0          0          0   libshutdown2.o
         8          4          0          0         96         68   libspace.o
        64          0          0          0          0        108   rt_memclr.o
         2          0          0          0          0          0   rtexit.o
        10          0          0          0          0          0   rtexit2.o
        68          6          0          0          0         72   strlen.o
        12          4          0          0          0         60   sys_exit.o
        62          0          0          0          0         80   sys_stackheap_outer.o
         2          0          0          0          0         68   use_no_semi.o
        46          0          0          0          0         60   cmpret.o
       856         20          0          0          0        208   daddsub.o
        70          0          0          0          0        204   dcmp.o
       160          6          0          0          0         76   dcmpin.o
      1096         26        128          0          0        112   ddiv.o
       108         10          0          0          0         72   dfixi.o
        72          4          0          0          0         68   dfixui.o
        88          0          0          0          0         92   dflti.o
       100          4          0          0          0         92   dgef.o
       100          4          0          0          0         92   dlef.o
       584         26          0          0          0         84   dmul.o
        20          6          0          0          0         68   dnan2.o
        94          0          0          0          0         68   retnan.o
         0          0          0          0          0          0   usenofp.o

    ----------------------------------------------------------------------
      4312        132        128          0         96       2116   Library Totals
        18          4          0          0          0          0   (incl. Padding)

    ----------------------------------------------------------------------

      Code (inc. data)   RO Data    RW Data    ZI Data      Debug   Library Name

       900         22          0          0         96        820   c_p.l
      3394        106        128          0          0       1296   fz_ps.l

    ----------------------------------------------------------------------
      4312        132        128          0         96       2116   Library Totals

    ----------------------------------------------------------------------

==============================================================================


      Code (inc. data)   RO Data    RW Data    ZI Data      Debug   

      9732        818       1876          4       3716      74267   Grand Totals
      9732        818       1876          4       3716      74267   ELF Image Totals
      9732        818       1876          4          0          0   ROM Totals

==============================================================================

    Total RO  Size (Code + RO Data)                11608 (  11.34kB)
    Total RW  Size (RW Data + ZI Data)              3720 (   3.63kB)
    Total ROM Size (Code + RO Data + RW Data)      11612 (  11.34kB)

==============================================================================

