Component: ARM Compiler 6.14 Tool: armlink [5db06800]

==============================================================================

Section Cross References

    main.o(.text) refers (Special) to _printf_d.o(.ARM.Collect$$_printf_percent$$00000009) for _printf_d
    main.o(.text) refers (Special) to _printf_dec.o(.text) for _printf_int_dec
    main.o(.text) refers (Special) to _printf_percent.o(.ARM.Collect$$_printf_percent$$00000000) for _printf_percent
    main.o(.text.main) refers (Special) to _printf_d.o(.ARM.Collect$$_printf_percent$$00000009) for _printf_d
    main.o(.text.main) refers (Special) to _printf_dec.o(.text) for _printf_int_dec
    main.o(.text.main) refers (Special) to _printf_percent.o(.ARM.Collect$$_printf_percent$$00000000) for _printf_percent
    main.o(.text.main) refers to switches.o(.text.S1_init_interrupt) for S1_init_interrupt
    main.o(.text.main) refers to dcmotors.o(.text.Motor_Init) for Motor_Init
    main.o(.text.main) refers to adc12.o(.text.ADC0_init) for ADC0_init
    main.o(.text.main) refers to camera.o(.text.Camera_init) for Camera_init
    main.o(.text.main) refers to oled.o(.text.OLED_Init) for OLED_Init
    main.o(.text.main) refers to oled.o(.text.OLED_display_clear) for OLED_display_clear
    main.o(.text.main) refers to oled.o(.text.OLED_Print) for OLED_Print
    main.o(.text.main) refers to linesensor.o(.text.LineSensor_Calculate_Error) for LineSensor_Calculate_Error
    main.o(.text.main) refers to dflti.o(.text) for __aeabi_i2d
    main.o(.text.main) refers to dmul.o(.text) for __aeabi_dmul
    main.o(.text.main) refers to dfixi.o(.text) for __aeabi_d2iz
    main.o(.text.main) refers to dcmotors.o(.text.Motor_Set_Speed) for Motor_Set_Speed
    main.o(.text.main) refers to noretval__2sprintf.o(.text) for __2sprintf
    main.o(.text.main) refers to camera.o(.text.Camera_isDataReady) for Camera_isDataReady
    main.o(.text.main) refers to camera.o(.text.Camera_getData) for Camera_getData
    main.o(.text.main) refers to oled.o(.text.OLED_DisplayCameraData) for OLED_DisplayCameraData
    main.o(.text.main) refers to linesensor.o(.text.LineSensor_Detect_Carpet) for LineSensor_Detect_Carpet
    main.o(.text.main) refers to dcmotors.o(.text.Motor_Stop) for Motor_Stop
    main.o(.text.main) refers to isrs.o(.bss.g_car_running) for g_car_running
    main.o(.ARM.exidx.text.main) refers (Special) to _printf_d.o(.ARM.Collect$$_printf_percent$$00000009) for _printf_d
    main.o(.ARM.exidx.text.main) refers (Special) to _printf_dec.o(.text) for _printf_int_dec
    main.o(.ARM.exidx.text.main) refers (Special) to _printf_percent.o(.ARM.Collect$$_printf_percent$$00000000) for _printf_percent
    main.o(.ARM.exidx.text.main) refers to main.o(.text.main) for [Anonymous Symbol]
    main.o(.ARM.use_no_argv) refers (Special) to _printf_d.o(.ARM.Collect$$_printf_percent$$00000009) for _printf_d
    main.o(.ARM.use_no_argv) refers (Special) to _printf_dec.o(.text) for _printf_int_dec
    main.o(.ARM.use_no_argv) refers (Special) to _printf_percent.o(.ARM.Collect$$_printf_percent$$00000000) for _printf_percent
    startup_mspm0g350x_uvision.o(STACK) refers (Special) to heapauxi.o(.text) for __use_two_region_memory
    startup_mspm0g350x_uvision.o(HEAP) refers (Special) to heapauxi.o(.text) for __use_two_region_memory
    startup_mspm0g350x_uvision.o(RESET) refers (Special) to heapauxi.o(.text) for __use_two_region_memory
    startup_mspm0g350x_uvision.o(RESET) refers to startup_mspm0g350x_uvision.o(STACK) for __initial_sp
    startup_mspm0g350x_uvision.o(RESET) refers to startup_mspm0g350x_uvision.o(.text) for Reset_Handler
    startup_mspm0g350x_uvision.o(RESET) refers to isrs.o(.text.GROUP1_IRQHandler) for GROUP1_IRQHandler
    startup_mspm0g350x_uvision.o(RESET) refers to isrs.o(.text.TIMG0_IRQHandler) for TIMG0_IRQHandler
    startup_mspm0g350x_uvision.o(RESET) refers to isrs.o(.text.TIMG6_IRQHandler) for TIMG6_IRQHandler
    startup_mspm0g350x_uvision.o(RESET) refers to isrs.o(.text.TIMG12_IRQHandler) for TIMG12_IRQHandler
    startup_mspm0g350x_uvision.o(.text) refers (Special) to heapauxi.o(.text) for __use_two_region_memory
    startup_mspm0g350x_uvision.o(.text) refers to __main.o(!!!main) for __main
    startup_mspm0g350x_uvision.o(.text) refers to startup_mspm0g350x_uvision.o(HEAP) for Heap_Mem
    startup_mspm0g350x_uvision.o(.text) refers to startup_mspm0g350x_uvision.o(STACK) for Stack_Mem
    isrs.o(.text.GROUP1_IRQHandler) refers to isrs.o(.bss.g_car_running) for g_car_running
    isrs.o(.ARM.exidx.text.GROUP1_IRQHandler) refers to isrs.o(.text.GROUP1_IRQHandler) for [Anonymous Symbol]
    isrs.o(.text.TIMG0_IRQHandler) refers to adc12.o(.text.ADC0_getVal) for ADC0_getVal
    isrs.o(.text.TIMG0_IRQHandler) refers to isrs.o(.bss.delayOver) for delayOver
    isrs.o(.text.TIMG0_IRQHandler) refers to isrs.o(.bss.pixelCounter) for pixelCounter
    isrs.o(.text.TIMG0_IRQHandler) refers to isrs.o(.bss.read) for [Anonymous Symbol]
[...]
    retnan.o(.text) refers to cmpret.o(.text) for __fpl_cmpreturn
    sys_exit.o(.text) refers (Special) to use_no_semi.o(.text) for __I$use$semihosting
    sys_exit.o(.text) refers (Special) to indicate_semi.o(.text) for __semihosting_library_function
    sys_exit_hlt.o(.text) refers (Special) to use_no_semi.o(.text) for __I$use$semihosting
    sys_exit_hlt.o(.text) refers (Special) to indicate_semi.o(.text) for __semihosting_library_function
    rtexit2.o(.ARM.Collect$$rtexit$$00000003) refers to libshutdown.o(.ARM.Collect$$libshutdown$$00000000) for __rt_lib_shutdown
    rtexit2.o(.ARM.Collect$$rtexit$$00000004) refers to sys_exit.o(.text) for _sys_exit
    rtexit2.o(.ARM.exidx) refers to rtexit2.o(.ARM.Collect$$rtexit$$00000001) for .ARM.Collect$$rtexit$$00000001
    rtexit2.o(.ARM.exidx) refers to rtexit2.o(.ARM.Collect$$rtexit$$00000003) for .ARM.Collect$$rtexit$$00000003
    rtexit2.o(.ARM.exidx) refers to rtexit2.o(.ARM.Collect$$rtexit$$00000004) for .ARM.Collect$$rtexit$$00000004
    __raise.o(.text) refers to defsig.o(CL$$defsig) for __default_signal_handler
    defsig_general.o(.text) refers to sys_wrch.o(.text) for _ttywrch
    sys_wrch.o(.text) refers (Special) to use_no_semi.o(.text) for __I$use$semihosting
    sys_wrch.o(.text) refers (Special) to indicate_semi.o(.text) for __semihosting_library_function
    sys_wrch_hlt.o(.text) refers (Special) to use_no_semi.o(.text) for __I$use$semihosting
    sys_wrch_hlt.o(.text) refers (Special) to indicate_semi.o(.text) for __semihosting_library_function
    defsig.o(CL$$defsig) refers to defsig_fpe_inner.o(.text) for __rt_SIGFPE_inner
    defsig.o(CL$$defsig) refers to defsig_rtmem_inner.o(.text) for __rt_SIGRTMEM_inner
    _get_argv_nomalloc.o(.text) refers (Special) to hrguard.o(.text) for __heap_region$guard
    _get_argv_nomalloc.o(.text) refers to defsig_rtmem_outer.o(.text) for __rt_SIGRTMEM
    _get_argv_nomalloc.o(.text) refers to sys_command.o(.text) for _sys_command_string
    libshutdown.o(.ARM.Collect$$libshutdown$$00000000) refers (Special) to libshutdown2.o(.ARM.Collect$$libshutdown$$00000002) for __rt_lib_shutdown_cpp_1
    libshutdown.o(.ARM.Collect$$libshutdown$$00000000) refers (Special) to libshutdown2.o(.ARM.Collect$$libshutdown$$00000007) for __rt_lib_shutdown_fp_trap_1
    libshutdown.o(.ARM.Collect$$libshutdown$$00000000) refers (Special) to libshutdown2.o(.ARM.Collect$$libshutdown$$0000000F) for __rt_lib_shutdown_heap_1
    libshutdown.o(.ARM.Collect$$libshutdown$$00000000) refers (Special) to libshutdown2.o(.ARM.Collect$$libshutdown$$00000010) for __rt_lib_shutdown_return
    libshutdown.o(.ARM.Collect$$libshutdown$$00000000) refers (Special) to libshutdown2.o(.ARM.Collect$$libshutdown$$0000000A) for __rt_lib_shutdown_signal_1
    libshutdown.o(.ARM.Collect$$libshutdown$$00000000) refers (Special) to libshutdown2.o(.ARM.Collect$$libshutdown$$00000004) for __rt_lib_shutdown_stdio_1
    libshutdown.o(.ARM.Collect$$libshutdown$$00000000) refers (Special) to libshutdown2.o(.ARM.Collect$$libshutdown$$0000000C) for __rt_lib_shutdown_user_alloc_1
    sys_command.o(.text) refers (Special) to use_no_semi.o(.text) for __I$use$semihosting
    sys_command.o(.text) refers (Special) to indicate_semi.o(.text) for __semihosting_library_function
    sys_command_hlt.o(.text) refers (Special) to use_no_semi.o(.text) for __I$use$semihosting
    sys_command_hlt.o(.text) refers (Special) to indicate_semi.o(.text) for __semihosting_library_function
    defsig_abrt_inner.o(.text) refers to defsig_general.o(.text) for __default_signal_display
    defsig_rtred_inner.o(.text) refers to defsig_general.o(.text) for __default_signal_display
    defsig_rtmem_inner.o(.text) refers to defsig_general.o(.text) for __default_signal_display
    defsig_rtmem_outer.o(.text) refers to defsig_rtmem_inner.o(.text) for __rt_SIGRTMEM_inner
    defsig_rtmem_outer.o(.text) refers to defsig_exit.o(.text) for __sig_exit
    defsig_rtmem_formal.o(.text) refers to rt_raise.o(.text) for __rt_raise
    defsig_stak_inner.o(.text) refers to defsig_general.o(.text) for __default_signal_display
    defsig_pvfn_inner.o(.text) refers to defsig_general.o(.text) for __default_signal_display
    defsig_cppl_inner.o(.text) refers to defsig_general.o(.text) for __default_signal_display
    defsig_segv_inner.o(.text) refers to defsig_general.o(.text) for __default_signal_display
    defsig_other.o(.text) refers to defsig_general.o(.text) for __default_signal_display


==============================================================================

Removing Unused input sections from the image.

    Removing main.o(.text), (0 bytes).
    Removing main.o(.ARM.exidx.text.main), (8 bytes).
    Removing main.o(.ARM.use_no_argv), (4 bytes).
    Removing isrs.o(.text), (0 bytes).
    Removing isrs.o(.ARM.exidx.text.GROUP1_IRQHandler), (8 bytes).
    Removing isrs.o(.ARM.exidx.text.TIMG0_IRQHandler), (8 bytes).
    Removing isrs.o(.ARM.exidx.text.TIMG6_IRQHandler), (8 bytes).
    Removing isrs.o(.ARM.exidx.text.TIMG12_IRQHandler), (8 bytes).
    Removing dcmotors.o(.text), (0 bytes).
    Removing dcmotors.o(.ARM.exidx.text.Motor_Init), (8 bytes).
    Removing dcmotors.o(.ARM.exidx.text.Motor_Stop), (8 bytes).
    Removing dcmotors.o(.ARM.exidx.text.Motor_Set_Speed), (8 bytes).
    Removing dcmotors.o(.ARM.exidx.text.clamp_speed), (8 bytes).
    Removing linesensor.o(.text), (0 bytes).
    Removing linesensor.o(.ARM.exidx.text.LineSensor_Calculate_Error), (8 bytes).
    Removing linesensor.o(.ARM.exidx.text.LineSensor_Detect_Carpet), (8 bytes).
    Removing adc12.o(.text), (0 bytes).
    Removing adc12.o(.ARM.exidx.text.ADC0_init), (8 bytes).
    Removing adc12.o(.ARM.exidx.text.ADC0_getVal), (8 bytes).
    Removing oled.o(.text), (0 bytes).
    Removing oled.o(.ARM.exidx.text.draw_1d_data), (8 bytes).
    Removing oled.o(.text.OLED_ClearTextArr), (20 bytes).
    Removing oled.o(.ARM.exidx.text.OLED_ClearTextArr), (8 bytes).
    Removing oled.o(.ARM.exidx.text.OLED_sendCommand), (8 bytes).
    Removing oled.o(.ARM.exidx.text.OLED_write_display), (8 bytes).
    Removing oled.o(.ARM.exidx.text.OLED_Init), (8 bytes).
    Removing oled.o(.ARM.exidx.text.OLED_display_on), (8 bytes).
    Removing oled.o(.ARM.exidx.text.OLED_display_clear), (8 bytes).
    Removing oled.o(.ARM.exidx.text.OLED_draw), (8 bytes).
    Removing oled.o(.ARM.exidx.text.OLED_draw_line), (8 bytes).
    Removing oled.o(.text.OLED_display_off), (10 bytes).
    Removing oled.o(.ARM.exidx.text.OLED_display_off), (8 bytes).
    Removing oled.o(.ARM.exidx.text.OLED_DisplayCameraData), (8 bytes).
    Removing oled.o(.ARM.exidx.text.OLED_PrintBlock), (8 bytes).
    Removing oled.o(.ARM.exidx.text.OLED_Print), (8 bytes).
    Removing oled.o(.text.OLED_PrintLine), (40 bytes).
    Removing oled.o(.ARM.exidx.text.OLED_PrintLine), (8 bytes).
    Removing oled.o(.bss.textIndex), (4 bytes).
    Removing uart.o(.text), (0 bytes).
    Removing uart.o(.text.UART0_init), (228 bytes).
    Removing uart.o(.ARM.exidx.text.UART0_init), (8 bytes).
    Removing uart.o(.ARM.exidx.text.UART0_putchar), (8 bytes).
    Removing uart.o(.text.UART0_getchar), (28 bytes).
    Removing uart.o(.ARM.exidx.text.UART0_getchar), (8 bytes).
    Removing uart.o(.ARM.exidx.text.UART0_put), (8 bytes).
    Removing uart.o(.text.UART1_init), (228 bytes).
    Removing uart.o(.ARM.exidx.text.UART1_init), (8 bytes).
    Removing uart.o(.text.UART1_putchar), (24 bytes).
    Removing uart.o(.ARM.exidx.text.UART1_putchar), (8 bytes).
    Removing uart.o(.text.UART1_getchar), (28 bytes).
    Removing uart.o(.ARM.exidx.text.UART1_getchar), (8 bytes).
    Removing uart.o(.text.UART1_put), (40 bytes).
    Removing uart.o(.ARM.exidx.text.UART1_put), (8 bytes).
    Removing uart_extras.o(.text), (0 bytes).
    Removing uart_extras.o(.text.UART0_printDec), (88 bytes).
    Removing uart_extras.o(.ARM.exidx.text.UART0_printDec), (8 bytes).
    Removing uart_extras.o(.text.UART0_printFloat), (176 bytes).
    Removing uart_extras.o(.ARM.exidx.text.UART0_printFloat), (8 bytes).
    Removing sysctl.o(.text), (0 bytes).
    Removing sysctl.o(.text.SYSCTL_SYSCLK_set), (328 bytes).
    Removing sysctl.o(.ARM.exidx.text.SYSCTL_SYSCLK_set), (8 bytes).
    Removing sysctl.o(.text.SYSCTL_SYSCLK_getMCLK), (12 bytes).
    Removing sysctl.o(.ARM.exidx.text.SYSCTL_SYSCLK_getMCLK), (8 bytes).
    Removing sysctl.o(.ARM.exidx.text.SYSCTL_SYSCLK_getULPCLK), (8 bytes).
    Removing i2c.o(.text), (0 bytes).
    Removing i2c.o(.ARM.exidx.text.I2C1_init), (8 bytes).
    Removing i2c.o(.ARM.exidx.text.I2C1_putchar), (8 bytes).
    Removing i2c.o(.ARM.exidx.text.I2C1_put), (8 bytes).
    Removing timers.o(.text), (0 bytes).
    Removing timers.o(.ARM.exidx.text.TIMG0_init), (8 bytes).
    Removing timers.o(.ARM.exidx.text.__NVIC_EnableIRQ), (8 bytes).
    Removing timers.o(.ARM.exidx.text.TIMG6_init), (8 bytes).
    Removing timers.o(.text.TIMG12_init), (116 bytes).
    Removing timers.o(.ARM.exidx.text.TIMG12_init), (8 bytes).
    Removing timers.o(.ARM.exidx.text.TIMA0_PWM_init), (8 bytes).
    Removing timers.o(.text.TIMA1_PWM_init), (212 bytes).
    Removing timers.o(.ARM.exidx.text.TIMA1_PWM_init), (8 bytes).
    Removing timers.o(.ARM.exidx.text.TIMA0_PWM_DutyCycle), (8 bytes).
    Removing timers.o(.text.TIMA1_PWM_DutyCycle), (56 bytes).
    Removing timers.o(.ARM.exidx.text.TIMA1_PWM_DutyCycle), (8 bytes).
    Removing camera.o(.text), (0 bytes).
    Removing camera.o(.ARM.exidx.text.init_CLK), (8 bytes).
    Removing camera.o(.ARM.exidx.text.init_SI), (8 bytes).
    Removing camera.o(.ARM.exidx.text.Camera_init), (8 bytes).
    Removing camera.o(.ARM.exidx.text.Camera_isDataReady), (8 bytes).
    Removing camera.o(.ARM.exidx.text.Camera_getData), (8 bytes).
    Removing switches.o(.text), (0 bytes).
    Removing switches.o(.ARM.exidx.text.S1_init), (8 bytes).
    Removing switches.o(.text.S2_init), (92 bytes).
    Removing switches.o(.ARM.exidx.text.S2_init), (8 bytes).
    Removing switches.o(.text.S1_pressed), (16 bytes).
    Removing switches.o(.ARM.exidx.text.S1_pressed), (8 bytes).
    Removing switches.o(.text.S2_pressed), (16 bytes).
    Removing switches.o(.ARM.exidx.text.S2_pressed), (8 bytes).
    Removing switches.o(.ARM.exidx.text.S1_init_interrupt), (8 bytes).
    Removing switches.o(.ARM.exidx.text.__NVIC_EnableIRQ), (8 bytes).
    Removing switches.o(.text.S2_init_interrupt), (52 bytes).
    Removing switches.o(.ARM.exidx.text.S2_init_interrupt), (8 bytes).
    Removing leds.o(.text), (0 bytes).
    Removing leds.o(.text.LED1_init), (96 bytes).
    Removing leds.o(.ARM.exidx.text.LED1_init), (8 bytes).
    Removing leds.o(.text.LED2_init), (136 bytes).
    Removing leds.o(.ARM.exidx.text.LED2_init), (8 bytes).
    Removing leds.o(.text.LED1_set), (36 bytes).
    Removing leds.o(.ARM.exidx.text.LED1_set), (8 bytes).
    Removing leds.o(.text.LED2_set), (76 bytes).
    Removing leds.o(.ARM.exidx.text.LED2_set), (8 bytes).

107 unused section(s) (total 2698 bytes) removed from the image.

==============================================================================

Image Symbol Table

    Local Symbols

    Symbol Name                              Value     Ov Type        Size  Object(Section)

    ../../source/ti/devices/msp/m0p/startup_system_files/keil/startup_mspm0g350x_uvision.s 0x00000000   Number         0  startup_mspm0g350x_uvision.o ABSOLUTE
    ../clib/angel/boardlib.s                 0x00000000   Number         0  boardinit1.o ABSOLUTE
    ../clib/angel/boardlib.s                 0x00000000   Number         0  boardinit2.o ABSOLUTE
    ../clib/angel/boardlib.s                 0x00000000   Number         0  boardinit3.o ABSOLUTE
    ../clib/angel/boardlib.s                 0x00000000   Number         0  boardshut.o ABSOLUTE
    ../clib/angel/handlers.s                 0x00000000   Number         0  __scatter_copy.o ABSOLUTE
    ../clib/angel/handlers.s                 0x00000000   Number         0  __scatter_zi.o ABSOLUTE
    ../clib/angel/kernel.s                   0x00000000   Number         0  __rtentry.o ABSOLUTE
    ../clib/angel/kernel.s                   0x00000000   Number         0  __rtentry2.o ABSOLUTE
    ../clib/angel/kernel.s                   0x00000000   Number         0  __rtentry4.o ABSOLUTE
    ../clib/angel/kernel.s                   0x00000000   Number         0  rtexit.o ABSOLUTE
    ../clib/angel/kernel.s                   0x00000000   Number         0  rtexit2.o ABSOLUTE
    ../clib/angel/rt.s                       0x00000000   Number         0  aeabi_idiv0.o ABSOLUTE
    ../clib/angel/rt.s                       0x00000000   Number         0  aeabi_idiv0_sigfpe.o ABSOLUTE
    ../clib/angel/rt.s                       0x00000000   Number         0  rt_div0.o ABSOLUTE
    ../clib/angel/rt.s                       0x00000000   Number         0  rt_raise.o ABSOLUTE
    ../clib/angel/scatterp.s                 0x00000000   Number         0  __scatter.o ABSOLUTE
    ../clib/angel/startup.s                  0x00000000   Number         0  __main.o ABSOLUTE
    ../clib/angel/sys.s                      0x00000000   Number         0  sys_stackheap_outer.o ABSOLUTE
    ../clib/angel/sys.s                      0x00000000   Number         0  libspace.o ABSOLUTE
    ../clib/angel/sys.s                      0x00000000   Number         0  tempstk.o ABSOLUTE
    ../clib/angel/sys.s                      0x00000000   Number         0  use_no_semi.o ABSOLUTE
    ../clib/angel/sys.s                      0x00000000   Number         0  indicate_semi.o ABSOLUTE
    ../clib/angel/sysapp.c                   0x00000000   Number         0  sys_exit.o ABSOLUTE
    ../clib/angel/sysapp.c                   0x00000000   Number         0  sys_exit_hlt.o ABSOLUTE
    ../clib/angel/sysapp.c                   0x00000000   Number         0  sys_wrch.o ABSOLUTE
    ../clib/angel/sysapp.c                   0x00000000   Number         0  sys_wrch_hlt.o ABSOLUTE
    ../clib/angel/sysapp.c                   0x00000000   Number         0  sys_command.o ABSOLUTE
    ../clib/angel/sysapp.c                   0x00000000   Number         0  sys_command_hlt.o ABSOLUTE
    ../clib/armsys.c                         0x00000000   Number         0  argv_veneer.o ABSOLUTE
    ../clib/armsys.c                         0x00000000   Number         0  _get_argv_nomalloc.o ABSOLUTE
    ../clib/armsys.c                         0x00000000   Number         0  no_argv.o ABSOLUTE
    ../clib/division.c                       0x00000000   Number         0  rtudiv10.o ABSOLUTE
    ../clib/division.s                       0x00000000   Number         0  aeabi_sdivfast.o ABSOLUTE
    ../clib/division.s                       0x00000000   Number         0  aeabi_sdivfast_div0.o ABSOLUTE
    ../clib/heapalloc.c                      0x00000000   Number         0  hrguard.o ABSOLUTE
    ../clib/heapaux.c                        0x00000000   Number         0  heapauxi.o ABSOLUTE
    ../clib/libinit.s                        0x00000000   Number         0  libinit.o ABSOLUTE
    ../clib/libinit.s                        0x00000000   Number         0  libinit2.o ABSOLUTE
    ../clib/libinit.s                        0x00000000   Number         0  libshutdown.o ABSOLUTE
    ../clib/libinit.s                        0x00000000   Number         0  libshutdown2.o ABSOLUTE
    ../clib/memcpset.c                       0x00000000   Number         0  rt_memclr.o ABSOLUTE
    ../clib/misc.s                           0x00000000   Number         0  printf_stubs.o ABSOLUTE
    ../clib/printf.c                         0x00000000   Number         0  __2sprintf.o ABSOLUTE
    ../clib/printf.c                         0x00000000   Number         0  noretval__2sprintf.o ABSOLUTE
    ../clib/printf.c                         0x00000000   Number         0  __printf.o ABSOLUTE
    ../clib/printf.c                         0x00000000   Number         0  _printf_dec.o ABSOLUTE
    ../clib/printf.c                         0x00000000   Number         0  __printf_flags.o ABSOLUTE
    ../clib/printf.c                         0x00000000   Number         0  __printf_ss.o ABSOLUTE
    ../clib/printf.c                         0x00000000   Number         0  __printf_flags_ss.o ABSOLUTE
    ../clib/printf.c                         0x00000000   Number         0  __printf_wp.o ABSOLUTE
    ../clib/printf.c                         0x00000000   Number         0  __printf_flags_wp.o ABSOLUTE
    ../clib/printf.c                         0x00000000   Number         0  __printf_ss_wp.o ABSOLUTE
    ../clib/printf.c                         0x00000000   Number         0  __printf_flags_ss_wp.o ABSOLUTE
    ../clib/printf.c                         0x00000000   Number         0  _printf_intcommon.o ABSOLUTE
    ../clib/printf.c                         0x00000000   Number         0  _printf_char_common.o ABSOLUTE
    ../clib/printf.c                         0x00000000   Number         0  _sputc.o ABSOLUTE
    ../clib/printf.c                         0x00000000   Number         0  __printf_nopercent.o ABSOLUTE
    ../clib/printf_percent.s                 0x00000000   Number         0  _printf_d.o ABSOLUTE
    ../clib/printf_percent.s                 0x00000000   Number         0  _printf_percent.o ABSOLUTE
    ../clib/printf_percent.s                 0x00000000   Number         0  _printf_percent_end.o ABSOLUTE
    ../clib/signal.c                         0x00000000   Number         0  defsig_fpe_outer.o ABSOLUTE
    ../clib/signal.c                         0x00000000   Number         0  defsig_fpe_formal.o ABSOLUTE
    ../clib/signal.c                         0x00000000   Number         0  defsig_exit.o ABSOLUTE
    ../clib/signal.c                         0x00000000   Number         0  defsig_fpe_inner.o ABSOLUTE
    ../clib/signal.c                         0x00000000   Number         0  __raise.o ABSOLUTE
    ../clib/signal.c                         0x00000000   Number         0  defsig_general.o ABSOLUTE
    ../clib/signal.c                         0x00000000   Number         0  defsig_abrt_inner.o ABSOLUTE
    ../clib/signal.c                         0x00000000   Number         0  defsig_rtred_inner.o ABSOLUTE
    ../clib/signal.c                         0x00000000   Number         0  defsig_rtmem_inner.o ABSOLUTE
    ../clib/signal.c                         0x00000000   Number         0  defsig_rtmem_outer.o ABSOLUTE
    ../clib/signal.c                         0x00000000   Number         0  defsig_rtmem_formal.o ABSOLUTE
    ../clib/signal.c                         0x00000000   Number         0  defsig_stak_inner.o ABSOLUTE
    ../clib/signal.c                         0x00000000   Number         0  defsig_pvfn_inner.o ABSOLUTE
    ../clib/signal.c                         0x00000000   Number         0  defsig_cppl_inner.o ABSOLUTE
    ../clib/signal.c                         0x00000000   Number         0  defsig_segv_inner.o ABSOLUTE
    ../clib/signal.c                         0x00000000   Number         0  defsig_other.o ABSOLUTE
    ../clib/signal.s                         0x00000000   Number         0  defsig.o ABSOLUTE
    ../clib/stdlib.c                         0x00000000   Number         0  exit.o ABSOLUTE
    ../clib/string.c                         0x00000000   Number         0  strlen.o ABSOLUTE
    ../fplib/cfplib/cmp.c                    0x00000000   Number         0  dcmp.o ABSOLUTE
    ../fplib/cfplib/cmpret.c                 0x00000000   Number         0  cmpret.o ABSOLUTE
    ../fplib/cfplib/daddsub.c                0x00000000   Number         0  daddsub.o ABSOLUTE
    ../fplib/cfplib/dcmpin.c                 0x00000000   Number         0  dcmpin.o ABSOLUTE
    ../fplib/cfplib/ddiv.c                   0x00000000   Number         0  ddiv.o ABSOLUTE
    ../fplib/cfplib/dmul.c                   0x00000000   Number         0  dmul.o ABSOLUTE
    ../fplib/cfplib/ffix.c                   0x00000000   Number         0  dfixi.o ABSOLUTE
    ../fplib/cfplib/ffix.c                   0x00000000   Number         0  dfixui.o ABSOLUTE
    ../fplib/cfplib/fflt.c                   0x00000000   Number         0  dflti.o ABSOLUTE
    ../fplib/cfplib/fpinit.c                 0x00000000   Number         0  fpinit.o ABSOLUTE
    ../fplib/cfplib/nan2.c                   0x00000000   Number         0  dnan2.o ABSOLUTE
    ../fplib/cfplib/retnan.c                 0x00000000   Number         0  retnan.o ABSOLUTE
    ../fplib/deqf6m.s                        0x00000000   Number         0  deqf.o ABSOLUTE
    ../fplib/dgeqf6m.s                       0x00000000   Number         0  dgef.o ABSOLUTE
    ../fplib/dleqf6m.s                       0x00000000   Number         0  dlef.o ABSOLUTE
    ../fplib/drleqf6m.s                      0x00000000   Number         0  drlef.o ABSOLUTE
    ../fplib/usenofp.s                       0x00000000   Number         0  usenofp.o ABSOLUTE
    ../mathlib/floor.c                       0x00000000   Number         0  floor.o ABSOLUTE
    DCMotors.c                               0x00000000   Number         0  dcmotors.o ABSOLUTE
    LineSensor.c                             0x00000000   Number         0  linesensor.o ABSOLUTE
    adc12.c                                  0x00000000   Number         0  adc12.o ABSOLUTE
    camera.c                                 0x00000000   Number         0  camera.o ABSOLUTE
    dc.s                                     0x00000000   Number         0  dc.o ABSOLUTE
    i2c.c                                    0x00000000   Number         0  i2c.o ABSOLUTE
    isrs.c                                   0x00000000   Number         0  isrs.o ABSOLUTE
    leds.c                                   0x00000000   Number         0  leds.o ABSOLUTE
    main.c                                   0x00000000   Number         0  main.o ABSOLUTE
    oled.c                                   0x00000000   Number         0  oled.o ABSOLUTE
    switches.c                               0x00000000   Number         0  switches.o ABSOLUTE
    sysctl.c                                 0x00000000   Number         0  sysctl.o ABSOLUTE
    timers.c                                 0x00000000   Number         0  timers.o ABSOLUTE
    uart.c                                   0x00000000   Number         0  uart.o ABSOLUTE
    uart_extras.c                            0x00000000   Number         0  uart_extras.o ABSOLUTE
    RESET                                    0x00000000   Section      192  startup_mspm0g350x_uvision.o(RESET)
    !!!main                                  0x000000c0   Section        8  __main.o(!!!main)
    !!!scatter                               0x000000c8   Section       60  __scatter.o(!!!scatter)
    !!handler_copy                           0x00000108   Section       26  __scatter_copy.o(!!handler_copy)
    !!handler_zi                             0x00000128   Section       28  __scatter_zi.o(!!handler_zi)
    .ARM.Collect$$_printf_percent$$00000000  0x00000144   Section        2  _printf_percent.o(.ARM.Collect$$_printf_percent$$00000000)
    .ARM.Collect$$_printf_percent$$00000009  0x00000146   Section       10  _printf_d.o(.ARM.Collect$$_printf_percent$$00000009)
    .ARM.Collect$$_printf_percent$$00000017  0x00000150   Section        4  _printf_percent_end.o(.ARM.Collect$$_printf_percent$$00000017)
    .ARM.Collect$$libinit$$00000000          0x00000154   Section        2  libinit.o(.ARM.Collect$$libinit$$00000000)
    .ARM.Collect$$libinit$$00000002          0x00000156   Section        0  libinit2.o(.ARM.Collect$$libinit$$00000002)
    .ARM.Collect$$libinit$$00000004          0x00000156   Section        0  libinit2.o(.ARM.Collect$$libinit$$00000004)
    .ARM.Collect$$libinit$$0000000A          0x00000156   Section        0  libinit2.o(.ARM.Collect$$libinit$$0000000A)
    .ARM.Collect$$libinit$$0000000C          0x00000156   Section        0  libinit2.o(.ARM.Collect$$libinit$$0000000C)
    .ARM.Collect$$libinit$$0000000E          0x00000156   Section        0  libinit2.o(.ARM.Collect$$libinit$$0000000E)
    .ARM.Collect$$libinit$$00000011          0x00000156   Section        0  libinit2.o(.ARM.Collect$$libinit$$00000011)
    .ARM.Collect$$libinit$$00000013          0x00000156   Section        0  libinit2.o(.ARM.Collect$$libinit$$00000013)
    .ARM.Collect$$libinit$$00000015          0x00000156   Section        0  libinit2.o(.ARM.Collect$$libinit$$00000015)
    .ARM.Collect$$libinit$$00000017          0x00000156   Section        0  libinit2.o(.ARM.Collect$$libinit$$00000017)
    .ARM.Collect$$libinit$$00000019          0x00000156   Section        0  libinit2.o(.ARM.Collect$$libinit$$00000019)
    .ARM.Collect$$libinit$$0000001B          0x00000156   Section        0  libinit2.o(.ARM.Collect$$libinit$$0000001B)
    .ARM.Collect$$libinit$$0000001D          0x00000156   Section        0  libinit2.o(.ARM.Collect$$libinit$$0000001D)
    .ARM.Collect$$libinit$$0000001F          0x00000156   Section        0  libinit2.o(.ARM.Collect$$libinit$$0000001F)
    .ARM.Collect$$libinit$$00000021          0x00000156   Section        0  libinit2.o(.ARM.Collect$$libinit$$00000021)
    .ARM.Collect$$libinit$$00000023          0x00000156   Section        0  libinit2.o(.ARM.Collect$$libinit$$00000023)
    .ARM.Collect$$libinit$$00000025          0x00000156   Section        0  libinit2.o(.ARM.Collect$$libinit$$00000025)
    .ARM.Collect$$libinit$$0000002C          0x00000156   Section        0  libinit2.o(.ARM.Collect$$libinit$$0000002C)
    .ARM.Collect$$libinit$$0000002E          0x00000156   Section        0  libinit2.o(.ARM.Collect$$libinit$$0000002E)
    .ARM.Collect$$libinit$$00000030          0x00000156   Section        0  libinit2.o(.ARM.Collect$$libinit$$00000030)
    .ARM.Collect$$libinit$$00000032          0x00000156   Section        0  libinit2.o(.ARM.Collect$$libinit$$00000032)
    .ARM.Collect$$libinit$$00000033          0x00000156   Section        2  libinit2.o(.ARM.Collect$$libinit$$00000033)
    .ARM.Collect$$libshutdown$$00000000      0x00000158   Section        2  libshutdown.o(.ARM.Collect$$libshutdown$$00000000)
    .ARM.Collect$$libshutdown$$00000002      0x0000015a   Section        0  libshutdown2.o(.ARM.Collect$$libshutdown$$00000002)
    .ARM.Collect$$libshutdown$$00000004      0x0000015a   Section        0  libshutdown2.o(.ARM.Collect$$libshutdown$$00000004)
    .ARM.Collect$$libshutdown$$00000007      0x0000015a   Section        0  libshutdown2.o(.ARM.Collect$$libshutdown$$00000007)
    .ARM.Collect$$libshutdown$$0000000A      0x0000015a   Section        0  libshutdown2.o(.ARM.Collect$$libshutdown$$0000000A)
    .ARM.Collect$$libshutdown$$0000000C      0x0000015a   Section        0  libshutdown2.o(.ARM.Collect$$libshutdown$$0000000C)
    .ARM.Collect$$libshutdown$$0000000F      0x0000015a   Section        0  libshutdown2.o(.ARM.Collect$$libshutdown$$0000000F)
    .ARM.Collect$$libshutdown$$00000010      0x0000015a   Section        2  libshutdown2.o(.ARM.Collect$$libshutdown$$00000010)
    .ARM.Collect$$rtentry$$00000000          0x0000015c   Section        0  __rtentry.o(.ARM.Collect$$rtentry$$00000000)
    .ARM.Collect$$rtentry$$00000002          0x0000015c   Section        0  __rtentry2.o(.ARM.Collect$$rtentry$$00000002)
    .ARM.Collect$$rtentry$$00000004          0x0000015c   Section        6  __rtentry4.o(.ARM.Collect$$rtentry$$00000004)
    .ARM.Collect$$rtentry$$00000009          0x00000162   Section        0  __rtentry2.o(.ARM.Collect$$rtentry$$00000009)
    .ARM.Collect$$rtentry$$0000000A          0x00000162   Section        4  __rtentry2.o(.ARM.Collect$$rtentry$$0000000A)
    .ARM.Collect$$rtentry$$0000000C          0x00000166   Section        0  __rtentry2.o(.ARM.Collect$$rtentry$$0000000C)
    .ARM.Collect$$rtentry$$0000000D          0x00000166   Section        8  __rtentry2.o(.ARM.Collect$$rtentry$$0000000D)
    .ARM.Collect$$rtexit$$00000000           0x0000016e   Section        2  rtexit.o(.ARM.Collect$$rtexit$$00000000)
    .ARM.Collect$$rtexit$$00000002           0x00000170   Section        0  rtexit2.o(.ARM.Collect$$rtexit$$00000002)
    .ARM.Collect$$rtexit$$00000003           0x00000170   Section        4  rtexit2.o(.ARM.Collect$$rtexit$$00000003)
    .ARM.Collect$$rtexit$$00000004           0x00000174   Section        6  rtexit2.o(.ARM.Collect$$rtexit$$00000004)
    .text                                    0x0000017c   Section       48  startup_mspm0g350x_uvision.o(.text)
    .text                                    0x000001ac   Section        0  noretval__2sprintf.o(.text)
    .text                                    0x000001d4   Section        0  _printf_dec.o(.text)
    .text                                    0x00000240   Section        0  __printf_ss.o(.text)
    .text                                    0x00000300   Section        0  strlen.o(.text)
    .text                                    0x00000344   Section        0  rt_memclr.o(.text)
    .text                                    0x00000384   Section        0  heapauxi.o(.text)
    _dadd1                                   0x0000038d   Thumb Code   290  daddsub.o(.text)
    .text                                    0x0000038c   Section        0  daddsub.o(.text)
    _dsub1                                   0x000004af   Thumb Code   470  daddsub.o(.text)
    .text                                    0x000006e4   Section        0  ddiv.o(.text)
    .text                                    0x00000b2c   Section        0  dfixi.o(.text)
    .text                                    0x00000b98   Section        0  dfixui.o(.text)
    .text                                    0x00000be0   Section        0  dflti.o(.text)
    .text                                    0x00000c38   Section        0  dmul.o(.text)
    .text                                    0x00000e80   Section        0  _printf_intcommon.o(.text)
    _printf_input_char                       0x00000f31   Thumb Code    10  _printf_char_common.o(.text)
    .text                                    0x00000f30   Section        0  _printf_char_common.o(.text)
    .text                                    0x00000f60   Section        0  _sputc.o(.text)
    .text                                    0x00000f6a   Section        0  rtudiv10.o(.text)
    .text                                    0x00000f94   Section        0  dcmpin.o(.text)
    .text                                    0x00001034   Section       62  sys_stackheap_outer.o(.text)
    .text                                    0x00001072   Section        0  exit.o(.text)
    .text                                    0x00001082   Section        0  cmpret.o(.text)
    .text                                    0x000010b0   Section        0  dnan2.o(.text)
    .text                                    0x000010c4   Section        8  libspace.o(.text)
    .text                                    0x000010cc   Section        0  retnan.o(.text)
    .text                                    0x0000112c   Section        0  sys_exit.o(.text)
    .text                                    0x00001138   Section        2  use_no_semi.o(.text)
    .text                                    0x0000113a   Section        0  indicate_semi.o(.text)
    [Anonymous Symbol]                       0x0000113c   Section        0  adc12.o(.text.ADC0_getVal)
    __arm_cp.1_0                             0x00001168   Number         4  adc12.o(.text.ADC0_getVal)
    __arm_cp.1_1                             0x0000116c   Number         4  adc12.o(.text.ADC0_getVal)
    __arm_cp.1_2                             0x00001170   Number         4  adc12.o(.text.ADC0_getVal)
    __arm_cp.1_3                             0x00001174   Number         4  adc12.o(.text.ADC0_getVal)
    [Anonymous Symbol]                       0x00001178   Section        0  adc12.o(.text.ADC0_init)
    __arm_cp.0_0                             0x000011e8   Number         4  adc12.o(.text.ADC0_init)
    __arm_cp.0_3                             0x000011ec   Number         4  adc12.o(.text.ADC0_init)
    __arm_cp.0_4                             0x000011f0   Number         4  adc12.o(.text.ADC0_init)
    __arm_cp.0_5                             0x000011f4   Number         4  adc12.o(.text.ADC0_init)
    [Anonymous Symbol]                       0x000011f8   Section        0  camera.o(.text.Camera_getData)
    __arm_cp.4_1                             0x00001204   Number         4  camera.o(.text.Camera_getData)
    [Anonymous Symbol]                       0x00001208   Section        0  camera.o(.text.Camera_init)
    __arm_cp.2_1                             0x00001228   Number         4  camera.o(.text.Camera_init)
    __arm_cp.2_2                             0x0000122c   Number         4  camera.o(.text.Camera_init)
    [Anonymous Symbol]                       0x00001230   Section        0  camera.o(.text.Camera_isDataReady)
    __arm_cp.3_0                             0x00001238   Number         4  camera.o(.text.Camera_isDataReady)
    [Anonymous Symbol]                       0x0000123c   Section        0  isrs.o(.text.GROUP1_IRQHandler)
    __arm_cp.0_0                             0x00001264   Number         4  isrs.o(.text.GROUP1_IRQHandler)
    __arm_cp.0_1                             0x00001268   Number         4  isrs.o(.text.GROUP1_IRQHandler)
    [Anonymous Symbol]                       0x0000126c   Section        0  i2c.o(.text.I2C1_init)
    __arm_cp.0_0                             0x000012f0   Number         4  i2c.o(.text.I2C1_init)
    __arm_cp.0_1                             0x000012f4   Number         4  i2c.o(.text.I2C1_init)
    __arm_cp.0_2                             0x000012f8   Number         4  i2c.o(.text.I2C1_init)
    __arm_cp.0_3                             0x000012fc   Number         4  i2c.o(.text.I2C1_init)
    __arm_cp.0_4                             0x00001300   Number         4  i2c.o(.text.I2C1_init)
    __arm_cp.0_5                             0x00001304   Number         4  i2c.o(.text.I2C1_init)
    __arm_cp.0_6                             0x00001308   Number         4  i2c.o(.text.I2C1_init)
    __arm_cp.0_7                             0x0000130c   Number         4  i2c.o(.text.I2C1_init)
    [Anonymous Symbol]                       0x00001310   Section        0  i2c.o(.text.I2C1_put)
    __arm_cp.2_0                             0x0000134c   Number         4  i2c.o(.text.I2C1_put)
    [Anonymous Symbol]                       0x00001350   Section        0  i2c.o(.text.I2C1_putchar)
    __arm_cp.1_0                             0x0000136c   Number         4  i2c.o(.text.I2C1_putchar)
    [Anonymous Symbol]                       0x00001370   Section        0  linesensor.o(.text.LineSensor_Calculate_Error)
    __arm_cp.0_0                             0x000013b0   Number         4  linesensor.o(.text.LineSensor_Calculate_Error)
    [Anonymous Symbol]                       0x000013b4   Section        0  linesensor.o(.text.LineSensor_Detect_Carpet)
    __arm_cp.1_0                             0x000013dc   Number         4  linesensor.o(.text.LineSensor_Detect_Carpet)
    [Anonymous Symbol]                       0x000013e0   Section        0  dcmotors.o(.text.Motor_Init)
    [Anonymous Symbol]                       0x00001428   Section        0  dcmotors.o(.text.Motor_Set_Speed)
    __arm_cp.2_0                             0x000014dc   Number         4  dcmotors.o(.text.Motor_Set_Speed)
    [Anonymous Symbol]                       0x000014e0   Section        0  dcmotors.o(.text.Motor_Stop)
    [Anonymous Symbol]                       0x00001510   Section        0  oled.o(.text.OLED_DisplayCameraData)
    [Anonymous Symbol]                       0x00001520   Section        0  oled.o(.text.OLED_Init)
    [Anonymous Symbol]                       0x00001628   Section        0  oled.o(.text.OLED_Print)
    [Anonymous Symbol]                       0x0000163c   Section        0  oled.o(.text.OLED_PrintBlock)
    [Anonymous Symbol]                       0x00001678   Section        0  oled.o(.text.OLED_display_clear)
    __arm_cp.6_1                             0x000016a0   Number         4  oled.o(.text.OLED_display_clear)
    [Anonymous Symbol]                       0x000016a4   Section        0  oled.o(.text.OLED_display_on)
    [Anonymous Symbol]                       0x000016b0   Section        0  oled.o(.text.OLED_draw)
    __arm_cp.7_0                             0x00001710   Number         4  oled.o(.text.OLED_draw)
    __arm_cp.7_1                             0x00001714   Number         4  oled.o(.text.OLED_draw)
    __arm_cp.7_2                             0x00001718   Number         4  oled.o(.text.OLED_draw)
    __arm_cp.7_3                             0x0000171c   Number         4  oled.o(.text.OLED_draw)
    [Anonymous Symbol]                       0x00001720   Section        0  oled.o(.text.OLED_draw_line)
    [Anonymous Symbol]                       0x00001756   Section        0  oled.o(.text.OLED_sendCommand)
    [Anonymous Symbol]                       0x0000176e   Section        0  oled.o(.text.OLED_write_display)
    [Anonymous Symbol]                       0x00001794   Section        0  switches.o(.text.S1_init)
    __arm_cp.0_0                             0x000017d8   Number         4  switches.o(.text.S1_init)
    __arm_cp.0_3                             0x000017dc   Number         4  switches.o(.text.S1_init)
    [Anonymous Symbol]                       0x000017e0   Section        0  switches.o(.text.S1_init_interrupt)
    __arm_cp.4_0                             0x0000180c   Number         4  switches.o(.text.S1_init_interrupt)
    __arm_cp.4_1                             0x00001810   Number         4  switches.o(.text.S1_init_interrupt)
    [Anonymous Symbol]                       0x00001814   Section        0  sysctl.o(.text.SYSCTL_SYSCLK_getULPCLK)
    __arm_cp.2_0                             0x0000182c   Number         4  sysctl.o(.text.SYSCTL_SYSCLK_getULPCLK)
    __arm_cp.2_1                             0x00001830   Number         4  sysctl.o(.text.SYSCTL_SYSCLK_getULPCLK)
    [Anonymous Symbol]                       0x00001834   Section        0  timers.o(.text.TIMA0_PWM_DutyCycle)
    __arm_cp.6_0                             0x000018ec   Number         4  timers.o(.text.TIMA0_PWM_DutyCycle)
    [Anonymous Symbol]                       0x000018f0   Section        0  timers.o(.text.TIMA0_PWM_init)
    __arm_cp.4_0                             0x00001aa8   Number         4  timers.o(.text.TIMA0_PWM_init)
    __arm_cp.4_1                             0x00001aac   Number         4  timers.o(.text.TIMA0_PWM_init)
    __arm_cp.4_2                             0x00001ab0   Number         4  timers.o(.text.TIMA0_PWM_init)
    __arm_cp.4_3                             0x00001ab4   Number         4  timers.o(.text.TIMA0_PWM_init)
    __arm_cp.4_4                             0x00001ab8   Number         4  timers.o(.text.TIMA0_PWM_init)
    __arm_cp.4_5                             0x00001abc   Number         4  timers.o(.text.TIMA0_PWM_init)
    __arm_cp.4_6                             0x00001ac0   Number         4  timers.o(.text.TIMA0_PWM_init)
    __arm_cp.4_7                             0x00001ac4   Number         4  timers.o(.text.TIMA0_PWM_init)
    __arm_cp.4_8                             0x00001ac8   Number         4  timers.o(.text.TIMA0_PWM_init)
    __arm_cp.4_9                             0x00001acc   Number         4  timers.o(.text.TIMA0_PWM_init)
    __arm_cp.4_10                            0x00001ad0   Number         4  timers.o(.text.TIMA0_PWM_init)
    __arm_cp.4_11                            0x00001ad4   Number         4  timers.o(.text.TIMA0_PWM_init)
    [Anonymous Symbol]                       0x00001af8   Section        0  isrs.o(.text.TIMG0_IRQHandler)
    __arm_cp.1_0                             0x00001b78   Number         4  isrs.o(.text.TIMG0_IRQHandler)
    __arm_cp.1_2                             0x00001b7c   Number         4  isrs.o(.text.TIMG0_IRQHandler)
    __arm_cp.1_3                             0x00001b80   Number         4  isrs.o(.text.TIMG0_IRQHandler)
    __arm_cp.1_6                             0x00001b84   Number         4  isrs.o(.text.TIMG0_IRQHandler)
    [Anonymous Symbol]                       0x00001b88   Section        0  timers.o(.text.TIMG0_init)
    __arm_cp.0_0                             0x00001be4   Number         4  timers.o(.text.TIMG0_init)
    __arm_cp.0_3                             0x00001be8   Number         4  timers.o(.text.TIMG0_init)
    __arm_cp.0_5                             0x00001bec   Number         4  timers.o(.text.TIMG0_init)
    [Anonymous Symbol]                       0x00001bf0   Section        0  isrs.o(.text.TIMG12_IRQHandler)
    __arm_cp.3_0                             0x00001bfc   Number         4  isrs.o(.text.TIMG12_IRQHandler)
    [Anonymous Symbol]                       0x00001c00   Section        0  isrs.o(.text.TIMG6_IRQHandler)
    __arm_cp.2_0                             0x00001c2c   Number         4  isrs.o(.text.TIMG6_IRQHandler)
    __arm_cp.2_1                             0x00001c30   Number         4  isrs.o(.text.TIMG6_IRQHandler)
    __arm_cp.2_2                             0x00001c34   Number         4  isrs.o(.text.TIMG6_IRQHandler)
    __arm_cp.2_3                             0x00001c38   Number         4  isrs.o(.text.TIMG6_IRQHandler)
    __arm_cp.2_4                             0x00001c3c   Number         4  isrs.o(.text.TIMG6_IRQHandler)
    __arm_cp.2_5                             0x00001c40   Number         4  isrs.o(.text.TIMG6_IRQHandler)
    [Anonymous Symbol]                       0x00001c44   Section        0  timers.o(.text.TIMG6_init)
    __arm_cp.2_0                             0x00001ca8   Number         4  timers.o(.text.TIMG6_init)
    __arm_cp.2_3                             0x00001cac   Number         4  timers.o(.text.TIMG6_init)
    __arm_cp.2_5                             0x00001cb0   Number         4  timers.o(.text.TIMG6_init)
    [Anonymous Symbol]                       0x00001cb4   Section        0  uart.o(.text.UART0_put)
    [Anonymous Symbol]                       0x00001cd0   Section        0  uart.o(.text.UART0_putchar)
    __arm_cp.1_0                             0x00001ce4   Number         4  uart.o(.text.UART0_putchar)
    __NVIC_EnableIRQ                         0x00001ce9   Thumb Code    20  timers.o(.text.__NVIC_EnableIRQ)
    [Anonymous Symbol]                       0x00001ce8   Section        0  timers.o(.text.__NVIC_EnableIRQ)
    __NVIC_EnableIRQ                         0x00001cfd   Thumb Code    12  switches.o(.text.__NVIC_EnableIRQ)
    [Anonymous Symbol]                       0x00001cfc   Section        0  switches.o(.text.__NVIC_EnableIRQ)
    __arm_cp.5_0                             0x00001d04   Number         4  switches.o(.text.__NVIC_EnableIRQ)
    clamp_speed                              0x00001d09   Thumb Code    24  dcmotors.o(.text.clamp_speed)
    [Anonymous Symbol]                       0x00001d08   Section        0  dcmotors.o(.text.clamp_speed)
    [Anonymous Symbol]                       0x00001d20   Section        0  oled.o(.text.draw_1d_data)
    __arm_cp.0_0                             0x00001d88   Number         4  oled.o(.text.draw_1d_data)
    __arm_cp.0_1                             0x00001d8c   Number         4  oled.o(.text.draw_1d_data)
    __arm_cp.0_2                             0x00001d90   Number         4  oled.o(.text.draw_1d_data)
    [Anonymous Symbol]                       0x00001d94   Section        0  camera.o(.text.init_CLK)
    __arm_cp.0_3                             0x00001de4   Number         4  camera.o(.text.init_CLK)
    [Anonymous Symbol]                       0x00001de8   Section        0  camera.o(.text.init_SI)
    __arm_cp.1_0                             0x00001e40   Number         4  camera.o(.text.init_SI)
    __arm_cp.1_1                             0x00001e44   Number         4  camera.o(.text.init_SI)
    __arm_cp.1_2                             0x00001e48   Number         4  camera.o(.text.init_SI)
    __arm_cp.1_3                             0x00001e4c   Number         4  camera.o(.text.init_SI)
    __arm_cp.1_4                             0x00001e50   Number         4  camera.o(.text.init_SI)
    __arm_cp.1_5                             0x00001e54   Number         4  camera.o(.text.init_SI)
    [Anonymous Symbol]                       0x00001e58   Section        0  main.o(.text.main)
    __arm_cp.0_2                             0x00001f2c   Number         4  main.o(.text.main)
    __arm_cp.0_4                             0x00001f3c   Number         4  main.o(.text.main)
    __arm_cp.0_5                             0x00001f40   Number         4  main.o(.text.main)
    .text_divfast                            0x00001f5c   Section      502  aeabi_sdivfast.o(.text_divfast)
    i._dleq                                  0x00002152   Section        0  dcmp.o(i._dleq)
    i.floor                                  0x0000216c   Section        0  floor.o(i.floor)
    x$fpl$dleqf                              0x00002234   Section      100  dlef.o(x$fpl$dleqf)
    x$fpl$drleqf                             0x00002298   Section      104  drlef.o(x$fpl$drleqf)
    ddiv_reciptbl                            0x00002300   Data         128  ddiv.o(.constdata)
    .constdata                               0x00002300   Section      128  ddiv.o(.constdata)
    x$fpl$usenofp                            0x00002300   Section        0  usenofp.o(x$fpl$usenofp)
    num_str                                  0x00002380   Data        1520  oled.o(.rodata.num_str)
    [Anonymous Symbol]                       0x00002380   Section        0  oled.o(.rodata.num_str)
    SystemMasterClock                        0x20200000   Data           4  sysctl.o(.data.SystemMasterClock)
    [Anonymous Symbol]                       0x20200000   Section        0  sysctl.o(.data.SystemMasterClock)
    .bss                                     0x20200008   Section       96  libspace.o(.bss)
    read                                     0x20200978   Data           1  isrs.o(.bss.read)
    [Anonymous Symbol]                       0x20200978   Section        0  isrs.o(.bss.read)
    Heap_Mem                                 0x20200980   Data         512  startup_mspm0g350x_uvision.o(HEAP)
    HEAP                                     0x20200980   Section      512  startup_mspm0g350x_uvision.o(HEAP)
    Stack_Mem                                0x20200b80   Data         512  startup_mspm0g350x_uvision.o(STACK)
    STACK                                    0x20200b80   Section      512  startup_mspm0g350x_uvision.o(STACK)
    __initial_sp                             0x20200d80   Data           0  startup_mspm0g350x_uvision.o(STACK)

    Global Symbols

    Symbol Name                              Value     Ov Type        Size  Object(Section)

    BuildAttributes$$THM_ISAv3M$S$PE$A:L22$X:L11$S22$IEEE1$IW$~IW$USESV6$~STKCKD$USESV7$~SHL$OTIME$ROPI$IEEEJ$EBA8$UX$STANDARDLIB$REQ8$PRES8$EABIv2 0x00000000   Number         0  anon$$obj.o ABSOLUTE
    __Vectors                                0x00000000   Data           4  startup_mspm0g350x_uvision.o(RESET)
    _printf_flags                            0x00000000   Number         0  printf_stubs.o ABSOLUTE
    _printf_return_value                     0x00000000   Number         0  printf_stubs.o ABSOLUTE
    _printf_sizespec                         0x00000000   Number         0  printf_stubs.o ABSOLUTE
    _printf_widthprec                        0x00000000   Number         0  printf_stubs.o ABSOLUTE
    __ARM_exceptions_init                     - Undefined Weak Reference
    __alloca_initialize                       - Undefined Weak Reference
    __arm_preinit_                            - Undefined Weak Reference
    __cpp_initialize__aeabi_                  - Undefined Weak Reference
    __cxa_finalize                            - Undefined Weak Reference
    __rt_locale                               - Undefined Weak Reference
    __sigvec_lookup                           - Undefined Weak Reference
    _atexit_init                              - Undefined Weak Reference
    _call_atexit_fns                          - Undefined Weak Reference
    _clock_init                               - Undefined Weak Reference
    _fp_trap_init                             - Undefined Weak Reference
    _fp_trap_shutdown                         - Undefined Weak Reference
    _get_lc_collate                           - Undefined Weak Reference
    _get_lc_ctype                             - Undefined Weak Reference
    _get_lc_monetary                          - Undefined Weak Reference
    _get_lc_numeric                           - Undefined Weak Reference
    _get_lc_time                              - Undefined Weak Reference
    _getenv_init                              - Undefined Weak Reference
    _handle_redirection                       - Undefined Weak Reference
    _init_alloc                               - Undefined Weak Reference
    _init_user_alloc                          - Undefined Weak Reference
    _initio                                   - Undefined Weak Reference
    _printf_post_padding                      - Undefined Weak Reference
    _printf_pre_padding                       - Undefined Weak Reference
    _printf_truncate_signed                   - Undefined Weak Reference
    _printf_truncate_unsigned                 - Undefined Weak Reference
    _rand_init                                - Undefined Weak Reference
    _signal_finish                            - Undefined Weak Reference
    _signal_init                              - Undefined Weak Reference
    _terminate_alloc                          - Undefined Weak Reference
    _terminate_user_alloc                     - Undefined Weak Reference
    _terminateio                              - Undefined Weak Reference
    __Vectors_End                            0x000000c0   Data           0  startup_mspm0g350x_uvision.o(RESET)
    __Vectors_Size                           0x000000c0   Number         0  startup_mspm0g350x_uvision.o ABSOLUTE
    __main                                   0x000000c1   Thumb Code     8  __main.o(!!!main)
    __scatterload                            0x000000c9   Thumb Code     0  __scatter.o(!!!scatter)
    __scatterload_rt2                        0x000000c9   Thumb Code    52  __scatter.o(!!!scatter)
    __scatterload_rt2_thumb_only             0x000000c9   Thumb Code     0  __scatter.o(!!!scatter)
    __scatterload_null                       0x000000d9   Thumb Code     0  __scatter.o(!!!scatter)
    __scatterload_copy                       0x00000109   Thumb Code    26  __scatter_copy.o(!!handler_copy)
    __scatterload_zeroinit                   0x00000129   Thumb Code    28  __scatter_zi.o(!!handler_zi)
    _printf_percent                          0x00000145   Thumb Code     0  _printf_percent.o(.ARM.Collect$$_printf_percent$$00000000)
    _printf_d                                0x00000147   Thumb Code     0  _printf_d.o(.ARM.Collect$$_printf_percent$$00000009)
    _printf_percent_end                      0x00000151   Thumb Code     0  _printf_percent_end.o(.ARM.Collect$$_printf_percent$$00000017)
    __rt_lib_init                            0x00000155   Thumb Code     0  libinit.o(.ARM.Collect$$libinit$$00000000)
    __rt_lib_init_alloca_1                   0x00000157   Thumb Code     0  libinit2.o(.ARM.Collect$$libinit$$0000002E)
    __rt_lib_init_argv_1                     0x00000157   Thumb Code     0  libinit2.o(.ARM.Collect$$libinit$$0000002C)
    __rt_lib_init_atexit_1                   0x00000157   Thumb Code     0  libinit2.o(.ARM.Collect$$libinit$$0000001B)
    __rt_lib_init_clock_1                    0x00000157   Thumb Code     0  libinit2.o(.ARM.Collect$$libinit$$00000021)
    __rt_lib_init_cpp_1                      0x00000157   Thumb Code     0  libinit2.o(.ARM.Collect$$libinit$$00000032)
    __rt_lib_init_exceptions_1               0x00000157   Thumb Code     0  libinit2.o(.ARM.Collect$$libinit$$00000030)
    __rt_lib_init_fp_1                       0x00000157   Thumb Code     0  libinit2.o(.ARM.Collect$$libinit$$00000002)
    __rt_lib_init_fp_trap_1                  0x00000157   Thumb Code     0  libinit2.o(.ARM.Collect$$libinit$$0000001F)
    __rt_lib_init_getenv_1                   0x00000157   Thumb Code     0  libinit2.o(.ARM.Collect$$libinit$$00000023)
    __rt_lib_init_heap_1                     0x00000157   Thumb Code     0  libinit2.o(.ARM.Collect$$libinit$$0000000A)
    __rt_lib_init_lc_collate_1               0x00000157   Thumb Code     0  libinit2.o(.ARM.Collect$$libinit$$00000011)
    __rt_lib_init_lc_ctype_1                 0x00000157   Thumb Code     0  libinit2.o(.ARM.Collect$$libinit$$00000013)
    __rt_lib_init_lc_monetary_1              0x00000157   Thumb Code     0  libinit2.o(.ARM.Collect$$libinit$$00000015)
    __rt_lib_init_lc_numeric_1               0x00000157   Thumb Code     0  libinit2.o(.ARM.Collect$$libinit$$00000017)
    __rt_lib_init_lc_time_1                  0x00000157   Thumb Code     0  libinit2.o(.ARM.Collect$$libinit$$00000019)
    __rt_lib_init_preinit_1                  0x00000157   Thumb Code     0  libinit2.o(.ARM.Collect$$libinit$$00000004)
    __rt_lib_init_rand_1                     0x00000157   Thumb Code     0  libinit2.o(.ARM.Collect$$libinit$$0000000E)
    __rt_lib_init_return                     0x00000157   Thumb Code     0  libinit2.o(.ARM.Collect$$libinit$$00000033)
    __rt_lib_init_signal_1                   0x00000157   Thumb Code     0  libinit2.o(.ARM.Collect$$libinit$$0000001D)
    __rt_lib_init_stdio_1                    0x00000157   Thumb Code     0  libinit2.o(.ARM.Collect$$libinit$$00000025)
    __rt_lib_init_user_alloc_1               0x00000157   Thumb Code     0  libinit2.o(.ARM.Collect$$libinit$$0000000C)
    __rt_lib_shutdown                        0x00000159   Thumb Code     0  libshutdown.o(.ARM.Collect$$libshutdown$$00000000)
    __rt_lib_shutdown_cpp_1                  0x0000015b   Thumb Code     0  libshutdown2.o(.ARM.Collect$$libshutdown$$00000002)
    __rt_lib_shutdown_fp_trap_1              0x0000015b   Thumb Code     0  libshutdown2.o(.ARM.Collect$$libshutdown$$00000007)
    __rt_lib_shutdown_heap_1                 0x0000015b   Thumb Code     0  libshutdown2.o(.ARM.Collect$$libshutdown$$0000000F)
    __rt_lib_shutdown_return                 0x0000015b   Thumb Code     0  libshutdown2.o(.ARM.Collect$$libshutdown$$00000010)
    __rt_lib_shutdown_signal_1               0x0000015b   Thumb Code     0  libshutdown2.o(.ARM.Collect$$libshutdown$$0000000A)
    __rt_lib_shutdown_stdio_1                0x0000015b   Thumb Code     0  libshutdown2.o(.ARM.Collect$$libshutdown$$00000004)
    __rt_lib_shutdown_user_alloc_1           0x0000015b   Thumb Code     0  libshutdown2.o(.ARM.Collect$$libshutdown$$0000000C)
    __rt_entry                               0x0000015d   Thumb Code     0  __rtentry.o(.ARM.Collect$$rtentry$$00000000)
    __rt_entry_presh_1                       0x0000015d   Thumb Code     0  __rtentry2.o(.ARM.Collect$$rtentry$$00000002)
    __rt_entry_sh                            0x0000015d   Thumb Code     0  __rtentry4.o(.ARM.Collect$$rtentry$$00000004)
    __rt_entry_li                            0x00000163   Thumb Code     0  __rtentry2.o(.ARM.Collect$$rtentry$$0000000A)
    __rt_entry_postsh_1                      0x00000163   Thumb Code     0  __rtentry2.o(.ARM.Collect$$rtentry$$00000009)
    __rt_entry_main                          0x00000167   Thumb Code     0  __rtentry2.o(.ARM.Collect$$rtentry$$0000000D)
    __rt_entry_postli_1                      0x00000167   Thumb Code     0  __rtentry2.o(.ARM.Collect$$rtentry$$0000000C)
    __rt_exit                                0x0000016f   Thumb Code     0  rtexit.o(.ARM.Collect$$rtexit$$00000000)
    __rt_exit_ls                             0x00000171   Thumb Code     0  rtexit2.o(.ARM.Collect$$rtexit$$00000003)
    __rt_exit_prels_1                        0x00000171   Thumb Code     0  rtexit2.o(.ARM.Collect$$rtexit$$00000002)
    __rt_exit_exit                           0x00000175   Thumb Code     0  rtexit2.o(.ARM.Collect$$rtexit$$00000004)
    Reset_Handler                            0x0000017d   Thumb Code     4  startup_mspm0g350x_uvision.o(.text)
    NMI_Handler                              0x00000181   Thumb Code     2  startup_mspm0g350x_uvision.o(.text)
    HardFault_Handler                        0x00000183   Thumb Code     2  startup_mspm0g350x_uvision.o(.text)
    SVC_Handler                              0x00000185   Thumb Code     2  startup_mspm0g350x_uvision.o(.text)
    PendSV_Handler                           0x00000187   Thumb Code     2  startup_mspm0g350x_uvision.o(.text)
    SysTick_Handler                          0x00000189   Thumb Code     2  startup_mspm0g350x_uvision.o(.text)
    ADC0_IRQHandler                          0x0000018b   Thumb Code     0  startup_mspm0g350x_uvision.o(.text)
    ADC1_IRQHandler                          0x0000018b   Thumb Code     0  startup_mspm0g350x_uvision.o(.text)
    AES_IRQHandler                           0x0000018b   Thumb Code     0  startup_mspm0g350x_uvision.o(.text)
    CANFD0_IRQHandler                        0x0000018b   Thumb Code     0  startup_mspm0g350x_uvision.o(.text)
    DAC0_IRQHandler                          0x0000018b   Thumb Code     0  startup_mspm0g350x_uvision.o(.text)
    DMA_IRQHandler                           0x0000018b   Thumb Code     0  startup_mspm0g350x_uvision.o(.text)
    Default_Handler                          0x0000018b   Thumb Code     2  startup_mspm0g350x_uvision.o(.text)
    GROUP0_IRQHandler                        0x0000018b   Thumb Code     0  startup_mspm0g350x_uvision.o(.text)
    I2C0_IRQHandler                          0x0000018b   Thumb Code     0  startup_mspm0g350x_uvision.o(.text)
    I2C1_IRQHandler                          0x0000018b   Thumb Code     0  startup_mspm0g350x_uvision.o(.text)
    RTC_IRQHandler                           0x0000018b   Thumb Code     0  startup_mspm0g350x_uvision.o(.text)
    SPI0_IRQHandler                          0x0000018b   Thumb Code     0  startup_mspm0g350x_uvision.o(.text)
    SPI1_IRQHandler                          0x0000018b   Thumb Code     0  startup_mspm0g350x_uvision.o(.text)
    TIMA0_IRQHandler                         0x0000018b   Thumb Code     0  startup_mspm0g350x_uvision.o(.text)
    TIMA1_IRQHandler                         0x0000018b   Thumb Code     0  startup_mspm0g350x_uvision.o(.text)
    TIMG7_IRQHandler                         0x0000018b   Thumb Code     0  startup_mspm0g350x_uvision.o(.text)
    TIMG8_IRQHandler                         0x0000018b   Thumb Code     0  startup_mspm0g350x_uvision.o(.text)
    UART0_IRQHandler                         0x0000018b   Thumb Code     0  startup_mspm0g350x_uvision.o(.text)
    UART1_IRQHandler                         0x0000018b   Thumb Code     0  startup_mspm0g350x_uvision.o(.text)
    UART2_IRQHandler                         0x0000018b   Thumb Code     0  startup_mspm0g350x_uvision.o(.text)
    UART3_IRQHandler                         0x0000018b   Thumb Code     0  startup_mspm0g350x_uvision.o(.text)
    __user_initial_stackheap                 0x0000018d   Thumb Code    10  startup_mspm0g350x_uvision.o(.text)
    __2sprintf                               0x000001ad   Thumb Code    36  noretval__2sprintf.o(.text)
    _printf_int_dec                          0x000001d5   Thumb Code    90  _printf_dec.o(.text)
    __printf                                 0x00000241   Thumb Code   190  __printf_ss.o(.text)
    strlen                                   0x00000301   Thumb Code    62  strlen.o(.text)
    _memset_w                                0x00000345   Thumb Code    26  rt_memclr.o(.text)
    _memset                                  0x0000035f   Thumb Code    30  rt_memclr.o(.text)
    __aeabi_memclr                           0x0000037d   Thumb Code     4  rt_memclr.o(.text)
    __rt_memclr                              0x0000037d   Thumb Code     0  rt_memclr.o(.text)
    __aeabi_memclr4                          0x00000381   Thumb Code     0  rt_memclr.o(.text)
    __aeabi_memclr8                          0x00000381   Thumb Code     0  rt_memclr.o(.text)
    __rt_memclr_w                            0x00000381   Thumb Code     4  rt_memclr.o(.text)
    __use_two_region_memory                  0x00000385   Thumb Code     2  heapauxi.o(.text)
    __rt_heap_escrow$2region                 0x00000387   Thumb Code     2  heapauxi.o(.text)
    __rt_heap_expand$2region                 0x00000389   Thumb Code     2  heapauxi.o(.text)
    __aeabi_dadd                             0x00000685   Thumb Code     0  daddsub.o(.text)
    _dadd                                    0x00000685   Thumb Code    26  daddsub.o(.text)
    __aeabi_dsub                             0x0000069f   Thumb Code     0  daddsub.o(.text)
    _dsub                                    0x0000069f   Thumb Code    22  daddsub.o(.text)
    __aeabi_drsub                            0x000006b5   Thumb Code     0  daddsub.o(.text)
    _drsb                                    0x000006b5   Thumb Code    28  daddsub.o(.text)
    __aeabi_ddiv                             0x000006e5   Thumb Code     0  ddiv.o(.text)
    _ddiv                                    0x000006e5   Thumb Code  1072  ddiv.o(.text)
    _drdiv                                   0x00000b15   Thumb Code    20  ddiv.o(.text)
    __aeabi_d2iz                             0x00000b2d   Thumb Code     0  dfixi.o(.text)
    _dfix                                    0x00000b2d   Thumb Code    98  dfixi.o(.text)
    __aeabi_d2uiz                            0x00000b99   Thumb Code     0  dfixui.o(.text)
    _dfixu                                   0x00000b99   Thumb Code    68  dfixui.o(.text)
    __aeabi_i2d_normalise                    0x00000be1   Thumb Code    66  dflti.o(.text)
    __aeabi_i2d                              0x00000c23   Thumb Code    16  dflti.o(.text)
    _dflt                                    0x00000c23   Thumb Code     0  dflti.o(.text)
    __aeabi_ui2d                             0x00000c33   Thumb Code     6  dflti.o(.text)
    _dfltu                                   0x00000c33   Thumb Code     0  dflti.o(.text)
    __aeabi_dmul                             0x00000c39   Thumb Code     0  dmul.o(.text)
    _dmul                                    0x00000c39   Thumb Code   558  dmul.o(.text)
    _printf_int_common                       0x00000e81   Thumb Code   176  _printf_intcommon.o(.text)
    _printf_char_common                      0x00000f3b   Thumb Code    32  _printf_char_common.o(.text)
    _sputc                                   0x00000f61   Thumb Code    10  _sputc.o(.text)
    __rt_udiv10                              0x00000f6b   Thumb Code    40  rtudiv10.o(.text)
    __fpl_dcmp_InfNaN                        0x00000f95   Thumb Code   154  dcmpin.o(.text)
    __user_setup_stackheap                   0x00001035   Thumb Code    62  sys_stackheap_outer.o(.text)
    exit                                     0x00001073   Thumb Code    16  exit.o(.text)
    __fpl_cmpreturn                          0x00001083   Thumb Code    46  cmpret.o(.text)
    __fpl_dcheck_NaN2                        0x000010b1   Thumb Code    14  dnan2.o(.text)
    __user_libspace                          0x000010c5   Thumb Code     8  libspace.o(.text)
    __user_perproc_libspace                  0x000010c5   Thumb Code     0  libspace.o(.text)
    __user_perthread_libspace                0x000010c5   Thumb Code     0  libspace.o(.text)
    __fpl_return_NaN                         0x000010cd   Thumb Code    94  retnan.o(.text)
    _sys_exit                                0x0000112d   Thumb Code     8  sys_exit.o(.text)
    __I$use$semihosting                      0x00001139   Thumb Code     0  use_no_semi.o(.text)
    __use_no_semihosting_swi                 0x00001139   Thumb Code     2  use_no_semi.o(.text)
    __semihosting_library_function           0x0000113b   Thumb Code     0  indicate_semi.o(.text)
    ADC0_getVal                              0x0000113d   Thumb Code    60  adc12.o(.text.ADC0_getVal)
    ADC0_init                                0x00001179   Thumb Code   128  adc12.o(.text.ADC0_init)
    Camera_getData                           0x000011f9   Thumb Code    16  camera.o(.text.Camera_getData)
    Camera_init                              0x00001209   Thumb Code    40  camera.o(.text.Camera_init)
    Camera_isDataReady                       0x00001231   Thumb Code    12  camera.o(.text.Camera_isDataReady)
    GROUP1_IRQHandler                        0x0000123d   Thumb Code    48  isrs.o(.text.GROUP1_IRQHandler)
    I2C1_init                                0x0000126d   Thumb Code   164  i2c.o(.text.I2C1_init)
    I2C1_put                                 0x00001311   Thumb Code    64  i2c.o(.text.I2C1_put)
    I2C1_putchar                             0x00001351   Thumb Code    32  i2c.o(.text.I2C1_putchar)
    LineSensor_Calculate_Error               0x00001371   Thumb Code    68  linesensor.o(.text.LineSensor_Calculate_Error)
    LineSensor_Detect_Carpet                 0x000013b5   Thumb Code    44  linesensor.o(.text.LineSensor_Detect_Carpet)
    Motor_Init                               0x000013e1   Thumb Code    70  dcmotors.o(.text.Motor_Init)
    Motor_Set_Speed                          0x00001429   Thumb Code   184  dcmotors.o(.text.Motor_Set_Speed)
    Motor_Stop                               0x000014e1   Thumb Code    46  dcmotors.o(.text.Motor_Stop)
    OLED_DisplayCameraData                   0x00001511   Thumb Code    16  oled.o(.text.OLED_DisplayCameraData)
    OLED_Init                                0x00001521   Thumb Code   264  oled.o(.text.OLED_Init)
    OLED_Print                               0x00001629   Thumb Code    18  oled.o(.text.OLED_Print)
    OLED_PrintBlock                          0x0000163d   Thumb Code    60  oled.o(.text.OLED_PrintBlock)
    OLED_display_clear                       0x00001679   Thumb Code    44  oled.o(.text.OLED_display_clear)
    OLED_display_on                          0x000016a5   Thumb Code    10  oled.o(.text.OLED_display_on)
    OLED_draw                                0x000016b1   Thumb Code   112  oled.o(.text.OLED_draw)
    OLED_draw_line                           0x00001721   Thumb Code    54  oled.o(.text.OLED_draw_line)
    OLED_sendCommand                         0x00001757   Thumb Code    24  oled.o(.text.OLED_sendCommand)
    OLED_write_display                       0x0000176f   Thumb Code    38  oled.o(.text.OLED_write_display)
    S1_init                                  0x00001795   Thumb Code    76  switches.o(.text.S1_init)
    S1_init_interrupt                        0x000017e1   Thumb Code    52  switches.o(.text.S1_init_interrupt)
    SYSCTL_SYSCLK_getULPCLK                  0x00001815   Thumb Code    32  sysctl.o(.text.SYSCTL_SYSCLK_getULPCLK)
    TIMA0_PWM_DutyCycle                      0x00001835   Thumb Code   188  timers.o(.text.TIMA0_PWM_DutyCycle)
    TIMA0_PWM_init                           0x000018f1   Thumb Code   520  timers.o(.text.TIMA0_PWM_init)
    TIMG0_IRQHandler                         0x00001af9   Thumb Code   144  isrs.o(.text.TIMG0_IRQHandler)
    TIMG0_init                               0x00001b89   Thumb Code   104  timers.o(.text.TIMG0_init)
    TIMG12_IRQHandler                        0x00001bf1   Thumb Code    16  isrs.o(.text.TIMG12_IRQHandler)
    TIMG6_IRQHandler                         0x00001c01   Thumb Code    68  isrs.o(.text.TIMG6_IRQHandler)
    TIMG6_init                               0x00001c45   Thumb Code   112  timers.o(.text.TIMG6_init)
    UART0_put                                0x00001cb5   Thumb Code    28  uart.o(.text.UART0_put)
    UART0_putchar                            0x00001cd1   Thumb Code    24  uart.o(.text.UART0_putchar)
    draw_1d_data                             0x00001d21   Thumb Code   116  oled.o(.text.draw_1d_data)
    init_CLK                                 0x00001d95   Thumb Code    84  camera.o(.text.init_CLK)
    init_SI                                  0x00001de9   Thumb Code   112  camera.o(.text.init_SI)
    main                                     0x00001e59   Thumb Code   260  main.o(.text.main)
    __aeabi_uidiv                            0x00001f5d   Thumb Code    68  aeabi_sdivfast.o(.text_divfast)
    __aeabi_idiv                             0x00001fa1   Thumb Code   434  aeabi_sdivfast.o(.text_divfast)
    __aeabi_dcmple                           0x00002153   Thumb Code     0  dcmp.o(i._dleq)
    _dleq                                    0x00002153   Thumb Code    26  dcmp.o(i._dleq)
    floor                                    0x0000216d   Thumb Code   180  floor.o(i.floor)
    __aeabi_cdcmple                          0x00002235   Thumb Code     0  dlef.o(x$fpl$dleqf)
    _dcmple                                  0x00002235   Thumb Code    94  dlef.o(x$fpl$dleqf)
    __aeabi_cdrcmple                         0x00002299   Thumb Code     0  drlef.o(x$fpl$drleqf)
    _drcmple                                 0x00002299   Thumb Code   100  drlef.o(x$fpl$drleqf)
    __I$use$fp                               0x00002300   Number         0  usenofp.o(x$fpl$usenofp)
    Region$$Table$$Base                      0x00002970   Number         0  anon$$obj.o(Region$$Table)
    Region$$Table$$Limit                     0x00002990   Number         0  anon$$obj.o(Region$$Table)
    __libspace_start                         0x20200008   Data          96  libspace.o(.bss)
    OLED_GRAPH_ARR                           0x20200068   Data        1024  oled.o(.bss.OLED_GRAPH_ARR)
    __temporary_stack_top$libspace           0x20200068   Data           0  libspace.o(.bss)
    OLED_TEXT_ARR                            0x20200468   Data        1024  oled.o(.bss.OLED_TEXT_ARR)
    cameraData                               0x20200868   Data         256  isrs.o(.bss.cameraData)
    cameraData_complete                      0x20200968   Data           1  isrs.o(.bss.cameraData_complete)
    delayOver                                0x2020096c   Data           4  isrs.o(.bss.delayOver)
    g_car_running                            0x20200970   Data           1  isrs.o(.bss.g_car_running)
    pixelCounter                             0x20200974   Data           4  isrs.o(.bss.pixelCounter)



==============================================================================

Memory Map of the image

  Image Entry point : 0x000000c1

  Load Region LR_IROM1 (Base: 0x00000000, Size: 0x00002998, Max: 0x00020000, ABSOLUTE)

    Execution Region ER_IROM1 (Exec base: 0x00000000, Load base: 0x00000000, Size: 0x00002990, Max: 0x00020000, ABSOLUTE)

    Exec Addr    Load Addr    Size         Type   Attr      Idx    E Section Name        Object

    0x00000000   0x00000000   0x000000c0   Data   RO           14    RESET               startup_mspm0g350x_uvision.o
    0x000000c0   0x000000c0   0x00000008   Code   RO          310  * !!!main             c_p.l(__main.o)
    0x000000c8   0x000000c8   0x0000003c   Code   RO          542    !!!scatter          c_p.l(__scatter.o)
    0x00000104   0x00000104   0x00000004   PAD
    0x00000108   0x00000108   0x0000001a   Code   RO          544    !!handler_copy      c_p.l(__scatter_copy.o)
    0x00000122   0x00000122   0x00000006   PAD
    0x00000128   0x00000128   0x0000001c   Code   RO          546    !!handler_zi        c_p.l(__scatter_zi.o)
    0x00000144   0x00000144   0x00000002   Code   RO          295    .ARM.Collect$$_printf_percent$$00000000  c_p.l(_printf_percent.o)
    0x00000146   0x00000146   0x0000000a   Code   RO          294    .ARM.Collect$$_printf_percent$$00000009  c_p.l(_printf_d.o)
    0x00000150   0x00000150   0x00000004   Code   RO          352    .ARM.Collect$$_printf_percent$$00000017  c_p.l(_printf_percent_end.o)
    0x00000154   0x00000154   0x00000002   Code   RO          399    .ARM.Collect$$libinit$$00000000  c_p.l(libinit.o)
    0x00000156   0x00000156   0x00000000   Code   RO          417    .ARM.Collect$$libinit$$00000002  c_p.l(libinit2.o)
    0x00000156   0x00000156   0x00000000   Code   RO          419    .ARM.Collect$$libinit$$00000004  c_p.l(libinit2.o)
    0x00000156   0x00000156   0x00000000   Code   RO          422    .ARM.Collect$$libinit$$0000000A  c_p.l(libinit2.o)
    0x00000156   0x00000156   0x00000000   Code   RO          424    .ARM.Collect$$libinit$$0000000C  c_p.l(libinit2.o)
    0x00000156   0x00000156   0x00000000   Code   RO          426    .ARM.Collect$$libinit$$0000000E  c_p.l(libinit2.o)
    0x00000156   0x00000156   0x00000000   Code   RO          429    .ARM.Collect$$libinit$$00000011  c_p.l(libinit2.o)
    0x00000156   0x00000156   0x00000000   Code   RO          431    .ARM.Collect$$libinit$$00000013  c_p.l(libinit2.o)
    0x00000156   0x00000156   0x00000000   Code   RO          433    .ARM.Collect$$libinit$$00000015  c_p.l(libinit2.o)
    0x00000156   0x00000156   0x00000000   Code   RO          435    .ARM.Collect$$libinit$$00000017  c_p.l(libinit2.o)
    0x00000156   0x00000156   0x00000000   Code   RO          437    .ARM.Collect$$libinit$$00000019  c_p.l(libinit2.o)
    0x00000156   0x00000156   0x00000000   Code   RO          439    .ARM.Collect$$libinit$$0000001B  c_p.l(libinit2.o)
    0x00000156   0x00000156   0x00000000   Code   RO          441    .ARM.Collect$$libinit$$0000001D  c_p.l(libinit2.o)
    0x00000156   0x00000156   0x00000000   Code   RO          443    .ARM.Collect$$libinit$$0000001F  c_p.l(libinit2.o)
    0x00000156   0x00000156   0x00000000   Code   RO          445    .ARM.Collect$$libinit$$00000021  c_p.l(libinit2.o)
    0x00000156   0x00000156   0x00000000   Code   RO          447    .ARM.Collect$$libinit$$00000023  c_p.l(libinit2.o)
    0x00000156   0x00000156   0x00000000   Code   RO          449    .ARM.Collect$$libinit$$00000025  c_p.l(libinit2.o)
    0x00000156   0x00000156   0x00000000   Code   RO          453    .ARM.Collect$$libinit$$0000002C  c_p.l(libinit2.o)
    0x00000156   0x00000156   0x00000000   Code   RO          455    .ARM.Collect$$libinit$$0000002E  c_p.l(libinit2.o)
    0x00000156   0x00000156   0x00000000   Code   RO          457    .ARM.Collect$$libinit$$00000030  c_p.l(libinit2.o)
    0x00000156   0x00000156   0x00000000   Code   RO          459    .ARM.Collect$$libinit$$00000032  c_p.l(libinit2.o)
    0x00000156   0x00000156   0x00000002   Code   RO          460    .ARM.Collect$$libinit$$00000033  c_p.l(libinit2.o)
    0x00000158   0x00000158   0x00000002   Code   RO          497    .ARM.Collect$$libshutdown$$00000000  c_p.l(libshutdown.o)
    0x0000015a   0x0000015a   0x00000000   Code   RO          525    .ARM.Collect$$libshutdown$$00000002  c_p.l(libshutdown2.o)
    0x0000015a   0x0000015a   0x00000000   Code   RO          527    .ARM.Collect$$libshutdown$$00000004  c_p.l(libshutdown2.o)
    0x0000015a   0x0000015a   0x00000000   Code   RO          530    .ARM.Collect$$libshutdown$$00000007  c_p.l(libshutdown2.o)
    0x0000015a   0x0000015a   0x00000000   Code   RO          533    .ARM.Collect$$libshutdown$$0000000A  c_p.l(libshutdown2.o)
    0x0000015a   0x0000015a   0x00000000   Code   RO          535    .ARM.Collect$$libshutdown$$0000000C  c_p.l(libshutdown2.o)
    0x0000015a   0x0000015a   0x00000000   Code   RO          538    .ARM.Collect$$libshutdown$$0000000F  c_p.l(libshutdown2.o)
    0x0000015a   0x0000015a   0x00000002   Code   RO          539    .ARM.Collect$$libshutdown$$00000010  c_p.l(libshutdown2.o)
    0x0000015c   0x0000015c   0x00000000   Code   RO          341    .ARM.Collect$$rtentry$$00000000  c_p.l(__rtentry.o)
    0x0000015c   0x0000015c   0x00000000   Code   RO          365    .ARM.Collect$$rtentry$$00000002  c_p.l(__rtentry2.o)
    0x0000015c   0x0000015c   0x00000006   Code   RO          377    .ARM.Collect$$rtentry$$00000004  c_p.l(__rtentry4.o)
    0x00000162   0x00000162   0x00000000   Code   RO          367    .ARM.Collect$$rtentry$$00000009  c_p.l(__rtentry2.o)
    0x00000162   0x00000162   0x00000004   Code   RO          368    .ARM.Collect$$rtentry$$0000000A  c_p.l(__rtentry2.o)
    0x00000166   0x00000166   0x00000000   Code   RO          370    .ARM.Collect$$rtentry$$0000000C  c_p.l(__rtentry2.o)
    0x00000166   0x00000166   0x00000008   Code   RO          371    .ARM.Collect$$rtentry$$0000000D  c_p.l(__rtentry2.o)
    0x0000016e   0x0000016e   0x00000002   Code   RO          408    .ARM.Collect$$rtexit$$00000000  c_p.l(rtexit.o)
    0x00000170   0x00000170   0x00000000   Code   RO          468    .ARM.Collect$$rtexit$$00000002  c_p.l(rtexit2.o)
    0x00000170   0x00000170   0x00000004   Code   RO          469    .ARM.Collect$$rtexit$$00000003  c_p.l(rtexit2.o)
    0x00000174   0x00000174   0x00000006   Code   RO          470    .ARM.Collect$$rtexit$$00000004  c_p.l(rtexit2.o)
    0x0000017a   0x0000017a   0x00000002   PAD
    0x0000017c   0x0000017c   0x00000030   Code   RO           15    .text               startup_mspm0g350x_uvision.o
    0x000001ac   0x000001ac   0x00000028   Code   RO          268    .text               c_p.l(noretval__2sprintf.o)
    0x000001d4   0x000001d4   0x0000006c   Code   RO          272    .text               c_p.l(_printf_dec.o)
    0x00000240   0x00000240   0x000000be   Code   RO          277    .text               c_p.l(__printf_ss.o)
    0x000002fe   0x000002fe   0x00000002   PAD
    0x00000300   0x00000300   0x00000044   Code   RO          296    .text               c_p.l(strlen.o)
    0x00000344   0x00000344   0x00000040   Code   RO          298    .text               c_p.l(rt_memclr.o)
    0x00000384   0x00000384   0x00000006   Code   RO          308    .text               c_p.l(heapauxi.o)
    0x0000038a   0x0000038a   0x00000002   PAD
    0x0000038c   0x0000038c   0x00000358   Code   RO          312    .text               fz_ps.l(daddsub.o)
    0x000006e4   0x000006e4   0x00000448   Code   RO          326    .text               fz_ps.l(ddiv.o)
    0x00000b2c   0x00000b2c   0x0000006c   Code   RO          329    .text               fz_ps.l(dfixi.o)
    0x00000b98   0x00000b98   0x00000048   Code   RO          331    .text               fz_ps.l(dfixui.o)
    0x00000be0   0x00000be0   0x00000058   Code   RO          333    .text               fz_ps.l(dflti.o)
    0x00000c38   0x00000c38   0x00000248   Code   RO          335    .text               fz_ps.l(dmul.o)
    0x00000e80   0x00000e80   0x000000b0   Code   RO          346    .text               c_p.l(_printf_intcommon.o)
    0x00000f30   0x00000f30   0x00000030   Code   RO          348    .text               c_p.l(_printf_char_common.o)
    0x00000f60   0x00000f60   0x0000000a   Code   RO          350    .text               c_p.l(_sputc.o)
    0x00000f6a   0x00000f6a   0x00000028   Code   RO          353    .text               c_p.l(rtudiv10.o)
    0x00000f92   0x00000f92   0x00000002   PAD
    0x00000f94   0x00000f94   0x000000a0   Code   RO          383    .text               fz_ps.l(dcmpin.o)
    0x00001034   0x00001034   0x0000003e   Code   RO          385    .text               c_p.l(sys_stackheap_outer.o)
    0x00001072   0x00001072   0x00000010   Code   RO          388    .text               c_p.l(exit.o)
    0x00001082   0x00001082   0x0000002e   Code   RO          400    .text               fz_ps.l(cmpret.o)
    0x000010b0   0x000010b0   0x00000014   Code   RO          402    .text               fz_ps.l(dnan2.o)
    0x000010c4   0x000010c4   0x00000008   Code   RO          404    .text               c_p.l(libspace.o)
    0x000010cc   0x000010cc   0x0000005e   Code   RO          461    .text               fz_ps.l(retnan.o)
    0x0000112a   0x0000112a   0x00000002   PAD
    0x0000112c   0x0000112c   0x0000000c   Code   RO          463    .text               c_p.l(sys_exit.o)
    0x00001138   0x00001138   0x00000002   Code   RO          486    .text               c_p.l(use_no_semi.o)
    0x0000113a   0x0000113a   0x00000000   Code   RO          488    .text               c_p.l(indicate_semi.o)
    0x0000113a   0x0000113a   0x00000002   PAD
    0x0000113c   0x0000113c   0x0000003c   Code   RO           73    .text.ADC0_getVal   adc12.o
    0x00001178   0x00001178   0x00000080   Code   RO           71    .text.ADC0_init     adc12.o
    0x000011f8   0x000011f8   0x00000010   Code   RO          219    .text.Camera_getData  camera.o
    0x00001208   0x00001208   0x00000028   Code   RO          215    .text.Camera_init   camera.o
    0x00001230   0x00001230   0x0000000c   Code   RO          217    .text.Camera_isDataReady  camera.o
    0x0000123c   0x0000123c   0x00000030   Code   RO           22    .text.GROUP1_IRQHandler  isrs.o
    0x0000126c   0x0000126c   0x000000a4   Code   RO          173    .text.I2C1_init     i2c.o
    0x00001310   0x00001310   0x00000040   Code   RO          177    .text.I2C1_put      i2c.o
    0x00001350   0x00001350   0x00000020   Code   RO          175    .text.I2C1_putchar  i2c.o
    0x00001370   0x00001370   0x00000044   Code   RO           59    .text.LineSensor_Calculate_Error  linesensor.o
    0x000013b4   0x000013b4   0x0000002c   Code   RO           61    .text.LineSensor_Detect_Carpet  linesensor.o
    0x000013e0   0x000013e0   0x00000046   Code   RO           43    .text.Motor_Init    dcmotors.o
    0x00001426   0x00001426   0x00000002   PAD
    0x00001428   0x00001428   0x000000b8   Code   RO           47    .text.Motor_Set_Speed  dcmotors.o
    0x000014e0   0x000014e0   0x0000002e   Code   RO           45    .text.Motor_Stop    dcmotors.o
    0x0000150e   0x0000150e   0x00000002   PAD
    0x00001510   0x00001510   0x00000010   Code   RO          102    .text.OLED_DisplayCameraData  oled.o
    0x00001520   0x00001520   0x00000108   Code   RO           90    .text.OLED_Init     oled.o
    0x00001628   0x00001628   0x00000012   Code   RO          106    .text.OLED_Print    oled.o
    0x0000163a   0x0000163a   0x00000002   PAD
    0x0000163c   0x0000163c   0x0000003c   Code   RO          104    .text.OLED_PrintBlock  oled.o
    0x00001678   0x00001678   0x0000002c   Code   RO           94    .text.OLED_display_clear  oled.o
    0x000016a4   0x000016a4   0x0000000a   Code   RO           92    .text.OLED_display_on  oled.o
    0x000016ae   0x000016ae   0x00000002   PAD
    0x000016b0   0x000016b0   0x00000070   Code   RO           96    .text.OLED_draw     oled.o
    0x00001720   0x00001720   0x00000036   Code   RO           98    .text.OLED_draw_line  oled.o
    0x00001756   0x00001756   0x00000018   Code   RO           86    .text.OLED_sendCommand  oled.o
    0x0000176e   0x0000176e   0x00000026   Code   RO           88    .text.OLED_write_display  oled.o
    0x00001794   0x00001794   0x0000004c   Code   RO          228    .text.S1_init       switches.o
    0x000017e0   0x000017e0   0x00000034   Code   RO          236    .text.S1_init_interrupt  switches.o
    0x00001814   0x00001814   0x00000020   Code   RO          162    .text.SYSCTL_SYSCLK_getULPCLK  sysctl.o
    0x00001834   0x00001834   0x000000bc   Code   RO          199    .text.TIMA0_PWM_DutyCycle  timers.o
    0x000018f0   0x000018f0   0x00000208   Code   RO          195    .text.TIMA0_PWM_init  timers.o
    0x00001af8   0x00001af8   0x00000090   Code   RO           24    .text.TIMG0_IRQHandler  isrs.o
    0x00001b88   0x00001b88   0x00000068   Code   RO          187    .text.TIMG0_init    timers.o
    0x00001bf0   0x00001bf0   0x00000010   Code   RO           28    .text.TIMG12_IRQHandler  isrs.o
    0x00001c00   0x00001c00   0x00000044   Code   RO           26    .text.TIMG6_IRQHandler  isrs.o
    0x00001c44   0x00001c44   0x00000070   Code   RO          191    .text.TIMG6_init    timers.o
    0x00001cb4   0x00001cb4   0x0000001c   Code   RO          128    .text.UART0_put     uart.o
    0x00001cd0   0x00001cd0   0x00000018   Code   RO          124    .text.UART0_putchar  uart.o
    0x00001ce8   0x00001ce8   0x00000014   Code   RO          189    .text.__NVIC_EnableIRQ  timers.o
    0x00001cfc   0x00001cfc   0x0000000c   Code   RO          238    .text.__NVIC_EnableIRQ  switches.o
    0x00001d08   0x00001d08   0x00000018   Code   RO           49    .text.clamp_speed   dcmotors.o
    0x00001d20   0x00001d20   0x00000074   Code   RO           82    .text.draw_1d_data  oled.o
    0x00001d94   0x00001d94   0x00000054   Code   RO          211    .text.init_CLK      camera.o
    0x00001de8   0x00001de8   0x00000070   Code   RO          213    .text.init_SI       camera.o
    0x00001e58   0x00001e58   0x00000104   Code   RO            2    .text.main          main.o
    0x00001f5c   0x00001f5c   0x000001f6   Code   RO          301    .text_divfast       c_p.l(aeabi_sdivfast.o)
    0x00002152   0x00002152   0x0000001a   Code   RO          317    i._dleq             fz_ps.l(dcmp.o)
    0x0000216c   0x0000216c   0x000000c8   Code   RO          338    i.floor             m_ps.l(floor.o)
    0x00002234   0x00002234   0x00000064   Code   RO          359    x$fpl$dleqf         fz_ps.l(dlef.o)
    0x00002298   0x00002298   0x00000068   Code   RO          361    x$fpl$drleqf        fz_ps.l(drlef.o)
    0x00002300   0x00002300   0x00000000   Code   RO          363    x$fpl$usenofp       fz_ps.l(usenofp.o)
    0x00002300   0x00002300   0x00000080   Data   RO          327    .constdata          fz_ps.l(ddiv.o)
    0x00002380   0x00002380   0x000005f0   Data   RO          113    .rodata.num_str     oled.o
    0x00002970   0x00002970   0x00000020   Data   RO          541    Region$$Table       anon$$obj.o


    Execution Region RW_IRAM2 (Exec base: 0x20200000, Load base: 0x00002990, Size: 0x00000d80, Max: 0x00008000, ABSOLUTE)

    Exec Addr    Load Addr    Size         Type   Attr      Idx    E Section Name        Object

    0x20200000   0x00002990   0x00000004   Data   RW          164    .data.SystemMasterClock  sysctl.o
    0x20200004   0x00002994   0x00000004   PAD
    0x20200008        -       0x00000060   Zero   RW          405    .bss                c_p.l(libspace.o)
    0x20200068        -       0x00000400   Zero   RW          110    .bss.OLED_GRAPH_ARR  oled.o
    0x20200468        -       0x00000400   Zero   RW          111    .bss.OLED_TEXT_ARR  oled.o
    0x20200868        -       0x00000100   Zero   RW           35    .bss.cameraData     isrs.o
    0x20200968        -       0x00000001   Zero   RW           30    .bss.cameraData_complete  isrs.o
    0x20200969   0x00002994   0x00000003   PAD
    0x2020096c        -       0x00000004   Zero   RW           32    .bss.delayOver      isrs.o
    0x20200970        -       0x00000001   Zero   RW           33    .bss.g_car_running  isrs.o
    0x20200971   0x00002994   0x00000003   PAD
    0x20200974        -       0x00000004   Zero   RW           31    .bss.pixelCounter   isrs.o
    0x20200978        -       0x00000001   Zero   RW           34    .bss.read           isrs.o
    0x20200979   0x00002994   0x00000007   PAD
    0x20200980        -       0x00000200   Zero   RW           13    HEAP                startup_mspm0g350x_uvision.o
    0x20200b80        -       0x00000200   Zero   RW           12    STACK               startup_mspm0g350x_uvision.o



  Load Region LR_BCR (Base: 0x41c00000, Size: 0x00000000, Max: 0x00000100, ABSOLUTE)

    Execution Region BCR_CONFIG (Exec base: 0x41c00000, Load base: 0x41c00000, Size: 0x00000000, Max: 0x00000080, ABSOLUTE)

    **** No section assigned to this execution region ****



  Load Region LR_BSL (Base: 0x41c00100, Size: 0x00000000, Max: 0x00000100, ABSOLUTE)

    Execution Region BSL_CONFIG (Exec base: 0x41c00100, Load base: 0x41c00100, Size: 0x00000000, Max: 0x00000080, ABSOLUTE)

    **** No section assigned to this execution region ****


==============================================================================

Image component sizes


      Code (inc. data)   RO Data    RW Data    ZI Data      Debug   Object Name

       188         32          0          0          0       4032   adc12.o
       264         44          0          0          0       7045   camera.o
       324          4          0          0          0       1163   dcmotors.o
       260         40          0          0          0       4954   i2c.o
       276         52          0          0        267       6365   isrs.o
       112          8          0          0          0       1349   linesensor.o
       260         68          0          0          0       1179   main.o
       756         32       1520          0       2048       4030   oled.o
        48         22        192          0       1024        788   startup_mspm0g350x_uvision.o
       140         20          0          0          0       6829   switches.o
        32          8          0          4          0       3996   sysctl.o
       944        116          0          0          0      10840   timers.o
        52          4          0          0          0       5392   uart.o

    ----------------------------------------------------------------------
      3664        450       1744          4       3356      57962   Object Totals
         0          0         32          0          0          0   (incl. Generated)
         8          0          0          0         17          0   (incl. Padding)

    ----------------------------------------------------------------------

      Code (inc. data)   RO Data    RW Data    ZI Data      Debug   Library Member Name

         8          0          0          0          0         68   __main.o
       190          0          0          0          0         76   __printf_ss.o
         0          0          0          0          0          0   __rtentry.o
        12          0          0          0          0          0   __rtentry2.o
         6          0          0          0          0          0   __rtentry4.o
        60          8          0          0          0          0   __scatter.o
        26          0          0          0          0          0   __scatter_copy.o
        28          0          0          0          0          0   __scatter_zi.o
        48          6          0          0          0         88   _printf_char_common.o
        10          0          0          0          0          0   _printf_d.o
       108         18          0          0          0         76   _printf_dec.o
       176          0          0          0          0         84   _printf_intcommon.o
         2          0          0          0          0          0   _printf_percent.o
         4          0          0          0          0          0   _printf_percent_end.o
        10          0          0          0          0         60   _sputc.o
       502          0          0          0          0         92   aeabi_sdivfast.o
        16          0          0          0          0         68   exit.o
         6          0          0          0          0        136   heapauxi.o
         0          0          0          0          0          0   indicate_semi.o
         2          0          0          0          0          0   libinit.o
         2          0          0          0          0          0   libinit2.o
         2          0          0          0          0          0   libshutdown.o
         2          0          0          0          0          0   libshutdown2.o
         8          4          0          0         96         68   libspace.o
        40          4          0          0          0         84   noretval__2sprintf.o
        64          0          0          0          0        108   rt_memclr.o
         2          0          0          0          0          0   rtexit.o
        10          0          0          0          0          0   rtexit2.o
        40          0          0          0          0         60   rtudiv10.o
        68          6          0          0          0         72   strlen.o
        12          4          0          0          0         60   sys_exit.o
        62          0          0          0          0         80   sys_stackheap_outer.o
         2          0          0          0          0         68   use_no_semi.o
        46          0          0          0          0         60   cmpret.o
       856         20          0          0          0        208   daddsub.o
        26          0          0          0          0         68   dcmp.o
       160          6          0          0          0         76   dcmpin.o
      1096         26        128          0          0        112   ddiv.o
       108         10          0          0          0         72   dfixi.o
        72          4          0          0          0         68   dfixui.o
        88          0          0          0          0         92   dflti.o
       100          4          0          0          0         92   dlef.o
       584         26          0          0          0         84   dmul.o
        20          6          0          0          0         68   dnan2.o
       104          4          0          0          0        104   drlef.o
        94          0          0          0          0         68   retnan.o
         0          0          0          0          0          0   usenofp.o
       200         20          0          0          0         76   floor.o

    ----------------------------------------------------------------------
      5104        180        128          0         96       2596   Library Totals
        22          4          0          0          0          0   (incl. Padding)

    ----------------------------------------------------------------------

      Code (inc. data)   RO Data    RW Data    ZI Data      Debug   Library Name

      1528         50          0          0         96       1348   c_p.l
      3354        106        128          0          0       1172   fz_ps.l
       200         20          0          0          0         76   m_ps.l

    ----------------------------------------------------------------------
      5104        180        128          0         96       2596   Library Totals

    ----------------------------------------------------------------------

==============================================================================


      Code (inc. data)   RO Data    RW Data    ZI Data      Debug   

      8768        630       1872          4       3452      59210   Grand Totals
      8768        630       1872          4       3452      59210   ELF Image Totals
      8768        630       1872          4          0          0   ROM Totals

==============================================================================

    Total RO  Size (Code + RO Data)                10640 (  10.39kB)
    Total RW  Size (RW Data + ZI Data)              3456 (   3.38kB)
    Total ROM Size (Code + RO Data + RW Data)      10644 (  10.39kB)

==============================================================================

